I/dex2oat ( 1570): /system/bin/dex2oat --zip-fd=6 --zip-location=/system/priv-app/GoogleServicesFramework/GoogleServicesFramework.apk --oat-fd=7 --oat-location=/data/dalvik-cache/arm/system@priv-app@GoogleServicesFramework@GoogleServicesFramework.apk@classes.dex --instruction-set=arm --instruction-set-features=div --runtime-arg -Xms64m --runtime-arg -Xmx512m --swap-fd=8
I/dex2oat ( 1570): Decided to run without swap.
I/dex2oat ( 1570): dex2oat took 1.020s (threads: 4) arena alloc=338KB java alloc=1636KB native alloc=4MB free=3MB
I/PackageManager( 1322): Adjusting ABI for : com.google.android.syncadapters.contacts to armeabi-v7a
I/PackageManager( 1322): Running dexopt on: /system/app/GoogleContactsSyncAdapter/GoogleContactsSyncAdapter.apk pkg=com.google.android.syncadapters.contacts isa=arm vmSafeMode=false
I/dex2oat ( 1575): /system/bin/dex2oat --zip-fd=6 --zip-location=/system/app/GoogleContactsSyncAdapter/GoogleContactsSyncAdapter.apk --oat-fd=7 --oat-location=/data/dalvik-cache/arm/system@app@GoogleContactsSyncAdapter@GoogleContactsSyncAdapter.apk@classes.dex --instruction-set=arm --instruction-set-features=div --runtime-arg -Xms64m --runtime-arg -Xmx512m --swap-fd=8
I/dex2oat ( 1575): Decided to run without swap.
I/dex2oat ( 1575): dex2oat took 501.876ms (threads: 4) arena alloc=912KB java alloc=580KB native alloc=3MB free=4MB
I/PackageManager( 1322): Adjusting ABI for : com.qualcomm.timeservice to armeabi-v7a
I/PackageManager( 1322): Running dexopt on: /system/app/TimeService/TimeService.apk pkg=com.qualcomm.timeservice isa=arm vmSafeMode=false
I/dex2oat ( 1580): /system/bin/dex2oat --zip-fd=6 --zip-location=/system/app/TimeService/TimeService.apk --oat-fd=7 --oat-location=/data/dalvik-cache/arm/system@app@TimeService@TimeService.apk@classes.dex --instruction-set=arm --instruction-set-features=div --runtime-arg -Xms64m --runtime-arg -Xmx512m --swap-fd=8
I/dex2oat ( 1580): Decided to run without swap.
I/dex2oat ( 1580): dex2oat took 20.848ms (threads: 4) arena alloc=54KB java alloc=2376B native alloc=491KB free=7MB
I/PackageManager( 1322): Adjusting ABI for : com.android.server.telecom to armeabi-v7a
I/PackageManager( 1322): Running dexopt on: /system/priv-app/Telecom/Telecom.apk pkg=com.android.server.telecom isa=arm vmSafeMode=false
I/dex2oat ( 1585): /system/bin/dex2oat --zip-fd=6 --zip-location=/system/priv-app/Telecom/Telecom.apk --oat-fd=7 --oat-location=/data/dalvik-cache/arm/system@priv-app@Telecom@Telecom.apk@classes.dex --instruction-set=arm --instruction-set-features=div --runtime-arg -Xms64m --runtime-arg -Xmx512m --swap-fd=8
I/dex2oat ( 1585): Decided to run without swap.
I/dex2oat ( 1585): dex2oat took 188.135ms (threads: 4) arena alloc=200KB java alloc=385KB native alloc=2MB free=5MB
I/PackageManager( 1322): Adjusting ABI for : com.qualcomm.atfwd to armeabi-v7a
I/PackageManager( 1322): Running dexopt on: /system/app/atfwd/atfwd.apk pkg=com.qualcomm.atfwd isa=arm vmSafeMode=false
I/dex2oat ( 1590): /system/bin/dex2oat --zip-fd=6 --zip-location=/system/app/atfwd/atfwd.apk --oat-fd=7 --oat-location=/data/dalvik-cache/arm/system@app@atfwd@atfwd.apk@classes.dex --instruction-set=arm --instruction-set-features=div --runtime-arg -Xms64m --runtime-arg -Xmx512m --swap-fd=8
I/dex2oat ( 1590): Decided to run without swap.
I/dex2oat ( 1590): dex2oat took 79.848ms (threads: 4) arena alloc=241KB java alloc=55KB native alloc=1373KB free=6MB
I/PackageManager( 1322): Adjusting ABI for : com.android.keychain to armeabi-v7a
I/PackageManager( 1322): Running dexopt on: /system/app/KeyChain/KeyChain.apk pkg=com.android.keychain isa=arm vmSafeMode=false
I/dex2oat ( 1595): /system/bin/dex2oat --zip-fd=6 --zip-location=/system/app/KeyChain/KeyChain.apk --oat-fd=7 --oat-location=/data/dalvik-cache/arm/system@app@KeyChain@KeyChain.apk@classes.dex --instruction-set=arm --instruction-set-features=div --runtime-arg -Xms64m --runtime-arg -Xmx512m --swap-fd=8
I/dex2oat ( 1595): Decided to run without swap.
I/dex2oat ( 1595): dex2oat took 36.591ms (threads: 4) arena alloc=77KB java alloc=79KB native alloc=1319KB free=6MB
I/PackageManager( 1322): Adjusting ABI for : com.android.location.fused to armeabi-v7a
I/PackageManager( 1322): Running dexopt on: /system/priv-app/FusedLocation/FusedLocation.apk pkg=com.android.location.fused isa=arm vmSafeMode=false
I/dex2oat ( 1600): /system/bin/dex2oat --zip-fd=6 --zip-location=/system/priv-app/FusedLocation/FusedLocation.apk --oat-fd=7 --oat-location=/data/dalvik-cache/arm/system@priv-app@FusedLocation@FusedLocation.apk@classes.dex --instruction-set=arm --instruction-set-features=div --runtime-arg -Xms64m --runtime-arg -Xmx512m --swap-fd=8
I/dex2oat ( 1600): Decided to run without swap.
I/dex2oat ( 1600): dex2oat took 28.022ms (threads: 4) arena alloc=73KB java alloc=44KB native alloc=1169KB free=6MB
I/PackageManager( 1322): Adjusting ABI for : com.evervolv.toolbox to armeabi-v7a
I/PackageManager( 1322): Running dexopt on: /system/priv-app/EVToolbox/EVToolbox.apk pkg=com.evervolv.toolbox isa=arm vmSafeMode=false
I/dex2oat ( 1605): /system/bin/dex2oat --zip-fd=6 --zip-location=/system/priv-app/EVToolbox/EVToolbox.apk --oat-fd=7 --oat-location=/data/dalvik-cache/arm/system@priv-app@EVToolbox@EVToolbox.apk@classes.dex --instruction-set=arm --instruction-set-features=div --runtime-arg -Xms64m --runtime-arg -Xmx512m --swap-fd=8
I/dex2oat ( 1605): Decided to run without swap.
W/dex2oat ( 1605): Before Android 4.1, method int android.support.v7.internal.widget.ListViewCompat.lookForSelectablePosition(int, boolean) would have incorrectly overridden the package-private method in android.widget.ListView
I/ThermalEngine(  405): ACTION: CPU - Setting CPU[0] to 2496000
I/ThermalEngine(  405): ACTION: CPU - Setting CPU[1] to 2496000
I/ThermalEngine(  405): ACTION: CPU - Setting CPU[2] to 2496000
I/ThermalEngine(  405): ACTION: CPU - Setting CPU[3] to 2496000
I/dex2oat ( 1605): dex2oat took 794.626ms (threads: 4) arena alloc=95KB java alloc=1821KB native alloc=3MB free=4MB
I/PackageManager( 1322): Adjusting ABI for : com.android.inputdevices to armeabi-v7a
I/PackageManager( 1322): Running dexopt on: /system/priv-app/InputDevices/InputDevices.apk pkg=com.android.inputdevices isa=arm vmSafeMode=false
I/dex2oat ( 1610): /system/bin/dex2oat --zip-fd=6 --zip-location=/system/priv-app/InputDevices/InputDevices.apk --oat-fd=7 --oat-location=/data/dalvik-cache/arm/system@priv-app@InputDevices@InputDevices.apk@classes.dex --instruction-set=arm --instruction-set-features=div --runtime-arg -Xms64m --runtime-arg -Xmx512m --swap-fd=8
I/dex2oat ( 1610): Decided to run without swap.
I/dex2oat ( 1610): dex2oat took 19.366ms (threads: 4) arena alloc=23KB java alloc=1984B native alloc=483KB free=7MB
I/PackageManager( 1322): Adjusting ABI for : com.android.providers.settings to armeabi-v7a
I/PackageManager( 1322): Running dexopt on: /system/priv-app/SettingsProvider/SettingsProvider.apk pkg=com.android.providers.settings isa=arm vmSafeMode=false
I/dex2oat ( 1615): /system/bin/dex2oat --zip-fd=6 --zip-location=/system/priv-app/SettingsProvider/SettingsProvider.apk --oat-fd=7 --oat-location=/data/dalvik-cache/arm/system@priv-app@SettingsProvider@SettingsProvider.apk@classes.dex --instruction-set=arm --instruction-set-features=div --runtime-arg -Xms64m --runtime-arg -Xmx512m --swap-fd=8
I/dex2oat ( 1615): Decided to run without swap.
I/dex2oat ( 1615): dex2oat took 101.216ms (threads: 4) arena alloc=3MB java alloc=107KB native alloc=3MB free=4MB
I/PackageManager( 1322): Adjusting ABI for : com.evervolv.widgets to armeabi-v7a
I/PackageManager( 1322): Running dexopt on: /system/app/EVWidgets/EVWidgets.apk pkg=com.evervolv.widgets isa=arm vmSafeMode=false
I/dex2oat ( 1620): /system/bin/dex2oat --zip-fd=6 --zip-location=/system/app/EVWidgets/EVWidgets.apk --oat-fd=7 --oat-location=/data/dalvik-cache/arm/system@app@EVWidgets@EVWidgets.apk@classes.dex --instruction-set=arm --instruction-set-features=div --runtime-arg -Xms64m --runtime-arg -Xmx512m --swap-fd=8
I/dex2oat ( 1620): Decided to run without swap.
I/dex2oat ( 1620): dex2oat took 37.028ms (threads: 4) arena alloc=57KB java alloc=74KB native alloc=1351KB free=6MB
I/PackageManager( 1322): Adjusting ABI for : com.android.settings to armeabi-v7a
I/PackageManager( 1322): Running dexopt on: /system/priv-app/Settings/Settings.apk pkg=com.android.settings isa=arm vmSafeMode=false
I/dex2oat ( 1625): /system/bin/dex2oat --zip-fd=6 --zip-location=/system/priv-app/Settings/Settings.apk --oat-fd=7 --oat-location=/data/dalvik-cache/arm/system@priv-app@Settings@Settings.apk@classes.dex --instruction-set=arm --instruction-set-features=div --runtime-arg -Xms64m --runtime-arg -Xmx512m --swap-fd=8
I/dex2oat ( 1625): Decided to run without swap.
I/dex2oat ( 1625): dex2oat took 1.761s (threads: 4) arena alloc=588KB java alloc=4MB native alloc=6MB free=9MB
I/PackageManager( 1322): Time to scan packages: 16.633 seconds
W/PackageManager( 1322): Not granting permission android.permission.MANAGE_DOCUMENTS to package com.google.android.youtube (protectionLevel=2 flags=0x183e44)
W/PackageManager( 1322): Unknown permission com.google.android.voicesearch.SHORTCUTS_ACCESS in package com.google.android.googlequicksearchbox
W/PackageManager( 1322): Unknown permission com.google.android.voicesearch.ACCESS_SETTINGS in package com.google.android.googlequicksearchbox
W/PackageManager( 1322): Unknown permission com.google.android.ears.permission.WRITE in package com.google.android.googlequicksearchbox
W/PackageManager( 1322): Unknown permission com.google.googlenav.friend.permission.OPT_IN in package com.google.android.googlequicksearchbox
W/PackageManager( 1322): Unknown permission com.google.android.apps.maps.permission.PREFETCH in package com.google.android.googlequicksearchbox
W/PackageManager( 1322): Unknown permission com.google.android.apps.googlevoice.permission.AUTO_SEND in package com.google.android.googlequicksearchbox
W/PackageManager( 1322): Unknown permission com.android.chrome.PRERENDER_URL in package com.google.android.googlequicksearchbox
W/PackageManager( 1322): Unknown permission com.google.android.launcher.permission.CONTENT_REDIRECT in package com.google.android.googlequicksearchbox
W/PackageManager( 1322): Unknown permission com.android.launcher.permission.READ_SETTINGS in package com.google.android.onetimeinitializer
W/PackageManager( 1322): Unknown permission com.android.launcher.permission.WRITE_SETTINGS in package com.google.android.onetimeinitializer
W/PackageManager( 1322): Unknown permission com.motorola.moto.permission.RECEIVE_ACTION_STATE in package com.motorola.triggerenroll
W/PackageManager( 1322): Unknown permission com.motorola.moto.provider.permission.READ_MODES in package com.motorola.triggerenroll
W/PackageManager( 1322): Unknown permission com.motorola.context.permission.CONTEXT in package com.motorola.triggerenroll
W/PackageManager( 1322): Unknown permission com.motorola.permission.WRITE_SECURE_SETTINGS in package com.motorola.triggerenroll
W/PackageManager( 1322): Unknown permission com.motorola.permission.ACCESS_CHECKIN in package com.motorola.triggerenroll
W/PackageManager( 1322): Unknown permission com.motorola.permission.REGISTER_SMART_NOTIFICATIONS in package com.motorola.triggerenroll
W/PackageManager( 1322): Unknown permission com.motorola.contextual.permission.LAUNCH_UI in package com.motorola.triggerenroll
W/PackageManager( 1322): Unknown permission com.motorola.audiomonitor.permission.HELPER_SERVICE in package com.motorola.triggerenroll
W/PackageManager( 1322): Unknown permission com.amazon.device.messaging.permission.RECEIVE in package com.weather.Weather
W/PackageManager( 1322): Not granting permission android.permission.ACCESS_DOWNLOAD_MANAGER to package com.android.browser (protectionLevel=18 flags=0x9be45)
W/PackageManager( 1322): Not granting permission android.permission.SEND_DOWNLOAD_COMPLETED_INTENTS to package com.android.browser (protectionLevel=2 flags=0x9be45)
W/PackageManager( 1322): Not granting permission android.permission.SEND_DOWNLOAD_COMPLETED_INTENTS to package com.android.vending (protectionLevel=2 flags=0x400abec5)
W/PackageManager( 1322): Unknown permission android.permission.SEND_SMS_NO_CONFIRMATION in package com.android.vending
W/PackageManager( 1322): Not granting permission android.permission.BIND_WALLPAPER to package com.android.camera2 (protectionLevel=18 flags=0x58bc45)
W/PackageManager( 1322): Unknown permission android.permission.INSTALL_DRM in package com.android.mms
W/PackageManager( 1322): Unknown permission android.permission.NFC_UNLOCK in package com.android.nfc
W/PackageManager( 1322): Not granting permission android.permission.BIND_APPWIDGET to package com.android.launcher3 (protectionLevel=18 flags=0x483e45)
W/PackageManager( 1322): Unknown permission com.android.launcher.permission.READ_SETTINGS in package com.android.launcher3
W/PackageManager( 1322): Unknown permission com.android.launcher.permission.WRITE_SETTINGS in package com.android.launcher3
W/PackageManager( 1322): Unknown permission com.google.android.email.permission.READ_ATTACHMENT in package com.google.android.gm
W/PackageManager( 1322): Unknown permission com.google.android.email.permission.ACCESS_PROVIDER in package com.google.android.gm
W/PackageManager( 1322): Unknown permission com.motorola.BackupAssistanceClient.permission.BUA_CLIENT_RECEIVERS in package com.motorola.android.buacontactadapter
W/PackageManager( 1322): Unknown permission com.google.android.gallery3d.permission.PICASA_STORE in package com.google.android.apps.plus
W/PackageManager( 1322): Unknown permission com.google.googlenav.friend.permission.OPT_IN in package com.google.android.apps.plus
W/PackageManager( 1322): Unknown permission android.permission.ADD_SYSTEM_SERVICE in package com.pandora.android
W/PackageManager( 1322): Unknown permission android.permission.READ_OWNER_DATA in package com.tmobile.vvm.application
W/PackageManager( 1322): Unknown permission com.android.launcher.permission.READ_SETTINGS in package com.android.onetimeinitializer
W/PackageManager( 1322): Unknown permission com.android.launcher.permission.WRITE_SETTINGS in package com.android.onetimeinitializer
W/PackageManager( 1322): Unknown permission com.google.android.gms.permission.CONTACTS_SYNC_DELEGATION in package com.google.android.syncadapters.contacts
W/PackageManager( 1322): Unknown permission com.chrome.permission.DEVICE_EXTRAS in package com.android.chrome
W/PackageManager( 1322): Unknown permission com.sec.enterprise.knox.MDM_CONTENT_PROVIDER in package com.android.chrome
W/PackageManager( 1322): Unknown permission com.google.android.apps.enterprise.dmagent.permission.AutoSyncPermission in package com.google.android.gms
W/PackageManager( 1322): Unknown permission com.google.android.wearable.READ_SETTINGS in package com.google.android.gms
W/PackageManager( 1322): Not granting permission android.permission.MANAGE_DOCUMENTS to package com.google.android.gms (protectionLevel=2 flags=0xc0483ec5)
W/PackageManager( 1322): Unknown permission com.android.launcher.permission.PRELOAD_WORKSPACE in package com.google.android.partnersetup
W/PackageManager( 1322): Unknown permission android.permission.CANCEL_NOTIFICATIONS in package org.cyanogenmod.theme.chooser
W/PackageManager( 1322): Not granting permission android.permission.DELETE_PACKAGES to package com.svox.pico (protectionLevel=18 flags=0x8be45)
W/PackageManager( 1322): Unknown permission com.google.android.gallery3d.permission.PICASA_STORE in package com.android.dreams.phototable
W/PackageManager( 1322): Unknown permission android.permission.ACCESS_4G_RADIO_DISABLE in package com.evervolv.widgets
W/PackageManager( 1322): Unknown permission android.permission.ACCESS_4G_STATE in package com.evervolv.widgets
W/PackageManager( 1322): Unknown permission android.permission.CHANGE_4G_STATE in package com.evervolv.widgets
W/PackageManager( 1322): Unknown permission com.facebook.pages.app.provider.ACCESS in package com.facebook.katana
W/PackageManager( 1322): Not granting permission android.permission.BATTERY_STATS to package com.facebook.katana (protectionLevel=50 flags=0x583e44)
W/PackageManager( 1322): Unknown permission com.sec.android.provider.badge.permission.READ in package com.facebook.katana
W/PackageManager( 1322): Unknown permission com.sec.android.provider.badge.permission.WRITE in package com.facebook.katana
W/PackageManager( 1322): Unknown permission com.htc.launcher.permission.READ_SETTINGS in package com.facebook.katana
W/PackageManager( 1322): Unknown permission com.htc.launcher.permission.UPDATE_SHORTCUT in package com.facebook.katana
W/PackageManager( 1322): Unknown permission com.sonyericsson.home.permission.BROADCAST_BADGE in package com.facebook.katana
W/PackageManager( 1322): Unknown permission com.facebook.home.permission.WRITE_BADGES in package com.facebook.katana
W/PackageManager( 1322): Unknown permission com.nokia.pushnotifications.permission.RECEIVE in package com.facebook.katana
W/PackageManager( 1322): Unknown permission com.amazon.device.messaging.permission.RECEIVE in package com.facebook.katana
W/PackageManager( 1322): Not granting permission android.permission.CONTROL_KEYGUARD to package com.google.android.gsf.login (protectionLevel=2 flags=0x4048be45)
W/PackageManager( 1322): Unknown permission com.android.vending.billing.IBillingAccountService.BIND2 in package com.google.android.gsf.login
W/PackageManager( 1322): Not granting permission android.permission.BATTERY_STATS to package com.facebook.orca (protectionLevel=50 flags=0x83e44)
W/PackageManager( 1322): Unknown permission com.sec.android.provider.badge.permission.READ in package com.facebook.orca
W/PackageManager( 1322): Unknown permission com.sec.android.provider.badge.permission.WRITE in package com.facebook.orca
W/PackageManager( 1322): Unknown permission com.htc.launcher.permission.READ_SETTINGS in package com.facebook.orca
W/PackageManager( 1322): Unknown permission com.htc.launcher.permission.UPDATE_SHORTCUT in package com.facebook.orca
W/PackageManager( 1322): Unknown permission com.sonyericsson.home.permission.BROADCAST_BADGE in package com.facebook.orca
W/PackageManager( 1322): Unknown permission com.facebook.home.permission.WRITE_BADGES in package com.facebook.orca
W/PackageManager( 1322): Unknown permission com.nokia.pushnotifications.permission.RECEIVE in package com.facebook.orca
W/PackageManager( 1322): Unknown permission com.amazon.device.messaging.permission.RECEIVE in package com.facebook.orca
W/PackageManager( 1322): Unknown permission com.android.launcher.permission.READ_SETTINGS in package com.android.settings
W/PackageManager( 1322): Unknown permission com.android.launcher.permission.WRITE_SETTINGS in package com.android.settings
W/PackageManager( 1322): Unknown permission android.permission.STORAGE in package com.tinder
W/PackageManager( 1322): Not granting permission android.permission.REGISTER_CONNECTION_MANAGER to package com.google.android.talk (protectionLevel=18 flags=0x49be44)
W/PackageManager( 1322): Not granting permission android.permission.DEVICE_POWER to package com.android.deskclock (protectionLevel=2 flags=0x48be45)
W/PackageManager( 1322): Unknown permission com.sec.android.provider.badge.permission.READ in package com.ebay.mobile
W/PackageManager( 1322): Unknown permission com.sec.android.provider.badge.permission.WRITE in package com.ebay.mobile
W/PackageManager( 1322): Not granting permission android.permission.INTERACT_ACROSS_USERS to package com.google.android.apps.gcs (protectionLevel=50 flags=0x83e44)
W/PackageManager( 1322): Not granting permission android.permission.GET_APP_OPS_STATS to package com.google.android.apps.gcs (protectionLevel=50 flags=0x83e44)
W/PackageManager( 1322): Not granting permission android.permission.UPDATE_APP_OPS_STATS to package com.google.android.apps.gcs (protectionLevel=18 flags=0x83e44)
W/PackageManager( 1322): Not granting permission android.permission.ACCESS_NETWORK_CONDITIONS to package com.google.android.apps.gcs (protectionLevel=18 flags=0x83e44)
W/PackageManager( 1322): Not granting permission android.permission.READ_WIFI_CREDENTIAL to package com.google.android.apps.gcs (protectionLevel=18 flags=0x83e44)
W/PackageManager( 1322): Not granting permission android.permission.SCORE_NETWORKS to package com.google.android.apps.gcs (protectionLevel=18 flags=0x83e44)
W/PackageManager( 1322): Not granting permission android.permission.CONTROL_VPN to package com.google.android.apps.gcs (protectionLevel=18 flags=0x83e44)
W/PackageManager( 1322): Not granting permission android.permission.BLUETOOTH_PRIVILEGED to package com.google.android.apps.gcs (protectionLevel=18 flags=0x83e44)
W/PackageManager( 1322): Not granting permission android.permission.BIND_WALLPAPER to package com.google.android.GoogleCamera (protectionLevel=18 flags=0x583c44)
V/PackageManager( 1322): Disabling com.google.android.gsf/com.google.android.gsf.update.SystemUpdateActivity
V/PackageManager( 1322): Disabling com.google.android.gsf/com.google.android.gsf.update.SystemUpdateService$Receiver
V/PackageManager( 1322): Disabling com.google.android.gsf/com.google.android.gsf.update.SystemUpdateService$SecretCodeReceiver
V/PackageManager( 1322): Disabling com.google.android.gms/com.google.android.gms.update.SystemUpdateActivity
V/PackageManager( 1322): Disabling com.google.android.gms/com.google.android.gms.update.SystemUpdateService$Receiver
V/PackageManager( 1322): Disabling com.google.android.gms/com.google.android.gms.update.SystemUpdateService$ActiveReceiver
V/PackageManager( 1322): Disabling com.google.android.gms/com.google.android.gms.update.SystemUpdateService$SecretCodeReceiver
V/PackageManager( 1322): Enabling com.google.android.gsf/com.google.android.gsf.update.SystemUpdateService
V/PackageManager( 1322): Enabling com.google.android.gms/com.google.android.gms.update.SystemUpdateService
I/art     ( 1322): Explicit concurrent mark sweep GC freed 184103(10MB) AllocSpace objects, 3(48KB) LOS objects, 31% free, 34MB/50MB, paused 1.252ms total 56.816ms
I/SystemServer( 1322): User Service
E/SELinux (  279): avc:  denied  { add } for service=processinfo scontext=u:r:system_server:s0 tcontext=u:object_r:default_android_service:s0 tclass=service_manager
E/ServiceManager(  279): add_service('processinfo',17) uid=1000 - PERMISSION DENIED
E/System  ( 1322): ******************************************
E/System  ( 1322): ************ Failure starting system services
E/System  ( 1322): java.lang.SecurityException
E/System  ( 1322): 	at android.os.BinderProxy.transactNative(Native Method)
E/System  ( 1322): 	at android.os.BinderProxy.transact(Binder.java:496)
E/System  ( 1322): 	at android.os.ServiceManagerProxy.addService(ServiceManagerNative.java:150)
E/System  ( 1322): 	at android.os.ServiceManager.addService(ServiceManager.java:72)
E/System  ( 1322): 	at com.android.server.am.ActivityManagerService.setSystemProcess(ActivityManagerService.java:1937)
E/System  ( 1322): 	at com.android.server.SystemServer.startBootstrapServices(SystemServer.java:371)
E/System  ( 1322): 	at com.android.server.SystemServer.run(SystemServer.java:264)
E/System  ( 1322): 	at com.android.server.SystemServer.main(SystemServer.java:180)
E/System  ( 1322): 	at java.lang.reflect.Method.invoke(Native Method)
E/System  ( 1322): 	at java.lang.reflect.Method.invoke(Method.java:372)
E/System  ( 1322): 	at com.android.internal.os.ZygoteInit$MethodAndArgsCaller.run(ZygoteInit.java:903)
E/System  ( 1322): 	at com.android.internal.os.ZygoteInit.main(ZygoteInit.java:698)
D/AndroidRuntime( 1322): Shutting down VM
E/AndroidRuntime( 1322): *** FATAL EXCEPTION IN SYSTEM PROCESS: main
E/AndroidRuntime( 1322): java.lang.SecurityException
E/AndroidRuntime( 1322): 	at android.os.BinderProxy.transactNative(Native Method)
E/AndroidRuntime( 1322): 	at android.os.BinderProxy.transact(Binder.java:496)
E/AndroidRuntime( 1322): 	at android.os.ServiceManagerProxy.addService(ServiceManagerNative.java:150)
E/AndroidRuntime( 1322): 	at android.os.ServiceManager.addService(ServiceManager.java:72)
E/AndroidRuntime( 1322): 	at com.android.server.am.ActivityManagerService.setSystemProcess(ActivityManagerService.java:1937)
E/AndroidRuntime( 1322): 	at com.android.server.SystemServer.startBootstrapServices(SystemServer.java:371)
E/AndroidRuntime( 1322): 	at com.android.server.SystemServer.run(SystemServer.java:264)
E/AndroidRuntime( 1322): 	at com.android.server.SystemServer.main(SystemServer.java:180)
E/AndroidRuntime( 1322): 	at java.lang.reflect.Method.invoke(Native Method)
E/AndroidRuntime( 1322): 	at java.lang.reflect.Method.invoke(Method.java:372)
E/AndroidRuntime( 1322): 	at com.android.internal.os.ZygoteInit$MethodAndArgsCaller.run(ZygoteInit.java:903)
E/AndroidRuntime( 1322): 	at com.android.internal.os.ZygoteInit.main(ZygoteInit.java:698)
I/Process ( 1322): Sending signal. PID: 1322 SIG: 9
I/ServiceManager(  279): service 'sensorservice' died
I/ServiceManager(  279): service 'gfxinfo' died
I/ServiceManager(  279): service 'batterystats' died
I/ServiceManager(  279): service 'appops' died
I/ServiceManager(  279): service 'power' died
I/ServiceManager(  279): service 'display' died
I/ServiceManager(  279): service 'dbinfo' died
I/ServiceManager(  279): service 'cpuinfo' died
I/ServiceManager(  279): service 'permission' died
I/ServiceManager(  279): service 'package' died
I/ServiceManager(  279): service 'activity' died
I/ServiceManager(  279): service 'procstats' died
I/ServiceManager(  279): service 'user' died
I/ServiceManager(  279): service 'meminfo' died
E/installd(  400): eof
E/installd(  400): failed to read size
I/installd(  400): closing connection
E/Zygote  ( 1080): Exit zygote because system server (1322) has terminated
I/ServiceManager(  279): service 'media.audio_flinger' died
I/ServiceManager(  279): service 'media.player' died
I/ServiceManager(  279): service 'media.camera' died
I/Netd    ( 1633): Netd 1.0 starting
D/AndroidRuntime( 1632): >>>>>> START com.android.internal.os.ZygoteInit uid 0 <<<<<<
D/AndroidRuntime( 1632): CheckJNI is OFF
I/art     ( 1632): option[0]=-Xzygote
I/art     ( 1632): option[1]=-Xstacktracefile:/data/anr/traces.txt
I/art     ( 1632): option[2]=exit
I/art     ( 1632): option[3]=vfprintf
I/art     ( 1632): option[4]=sensitiveThread
I/art     ( 1632): option[5]=-verbose:gc
I/art     ( 1632): option[6]=-Xms8m
I/art     ( 1632): option[7]=-Xmx512m
I/art     ( 1632): option[8]=-XX:mainThreadStackSize=24K
I/art     ( 1632): option[9]=-XX:HeapGrowthLimit=256m
I/art     ( 1632): option[10]=-XX:HeapMinFree=512k
I/art     ( 1632): option[11]=-XX:HeapMaxFree=8m
I/art     ( 1632): option[12]=-XX:HeapTargetUtilization=0.75
I/art     ( 1632): option[13]=-Xgenregmap
I/art     ( 1632): option[14]=-Xgc:precise
I/art     ( 1632): option[15]=-agentlib:jdwp=transport=dt_android_adb,suspend=n,server=y
I/art     ( 1632): option[16]=-Ximage-compiler-option
I/art     ( 1632): option[17]=--runtime-arg
I/art     ( 1632): option[18]=-Ximage-compiler-option
I/art     ( 1632): option[19]=-Xms64m
I/art     ( 1632): option[20]=-Ximage-compiler-option
I/art     ( 1632): option[21]=--runtime-arg
I/art     ( 1632): option[22]=-Ximage-compiler-option
I/art     ( 1632): option[23]=-Xmx64m
I/art     ( 1632): option[24]=-Ximage-compiler-option
I/art     ( 1632): option[25]=--image-classes=/system/etc/preloaded-classes
I/art     ( 1632): option[26]=-Xcompiler-option
I/art     ( 1632): option[27]=--runtime-arg
I/art     ( 1632): option[28]=-Xcompiler-option
I/art     ( 1632): option[29]=-Xms64m
I/art     ( 1632): option[30]=-Xcompiler-option
I/art     ( 1632): option[31]=--runtime-arg
I/art     ( 1632): option[32]=-Xcompiler-option
I/art     ( 1632): option[33]=-Xmx512m
I/art     ( 1632): option[34]=-Duser.language=en
I/art     ( 1632): option[35]=-Duser.region=US
E/QC-QMI  (  403): qmuxd: RX on fd=24 returned error=0 errno[2:No such file or directory]
E/QC-QMI  (  403): qmi_ctl_rx_msg.c Can't find txn info for txn_id = 47
I/mediaserver( 1667): ServiceManager: 0xb58700c0
I/AudioFlinger( 1667): Using default 3000 mSec as standby time.
I/ServiceManager( 1667): Waiting for service batterystats...
I/SamplingProfilerIntegration( 1632): Profiling disabled.
D/Zygote  ( 1632): begin preload
I/Zygote  ( 1632): Preloading classes...
I/art     ( 1632): Explicit concurrent mark sweep GC freed 798(36KB) AllocSpace objects, 0(0B) LOS objects, 95% free, 44KB/1068KB, paused 98us total 2.905ms
I/art     ( 1632): Counter: 1
E/Minikin ( 1632): addFont failed to create font /system/fonts/NanumGothic.ttf
E/Minikin ( 1632): addFont failed to create font /system/fonts/DroidSansFallback.ttf
I/ThermalEngine(  405): ACTION: CPU - Setting CPU[0] to 2572800
I/ThermalEngine(  405): ACTION: CPU - Setting CPU[1] to 2572800
I/ThermalEngine(  405): ACTION: CPU - Setting CPU[2] to 2572800
I/ThermalEngine(  405): ACTION: CPU - Setting CPU[3] to 2572800
I/art     ( 1632): Thread[1,tid=1632,WaitingForJniOnLoad,Thread*=0xb4827800,peer=0x12c31100,"main"] recursive attempt to load library "/system/lib/libmedia_jni.so"
D/MtpDeviceJNI( 1632): register_android_mtp_MtpDevice
I/art     ( 1632): Thread[1,tid=1632,WaitingForJniOnLoad,Thread*=0xb4827800,peer=0x12c31100,"main"] recursive attempt to load library "/system/lib/libmedia_jni.so"
I/art     ( 1632): Thread[1,tid=1632,WaitingForJniOnLoad,Thread*=0xb4827800,peer=0x12c31100,"main"] recursive attempt to load library "/system/lib/libmedia_jni.so"
E/EmojiFactory_jni( 1632): Failed to load libemoji.so: dlopen failed: library "libemoji.so" not found
V/NatController( 1633): runCmd(/system/bin/iptables -F natctrl_FORWARD) res=0
V/NatController( 1633): runCmd(/system/bin/iptables -A natctrl_FORWARD -j DROP) res=0
V/NatController( 1633): runCmd(/system/bin/iptables -t nat -F natctrl_nat_POSTROUTING) res=0
V/NatController( 1633): runCmd(/system/bin/iptables -F natctrl_tether_counters) res=0
V/NatController( 1633): runCmd(/system/bin/iptables -X natctrl_tether_counters) res=0
V/NatController( 1633): runCmd(/system/bin/iptables -N natctrl_tether_counters) res=0
I/System  ( 1632): Loaded time zone names for "" in 44ms (42ms in ICU)
V/NatController( 1633): runCmd(/system/bin/iptables -t mangle -A natctrl_mangle_FORWARD -p tcp --tcp-flags SYN SYN -j TCPMSS --clamp-mss-to-pmtu) res=0
I/System  ( 1632): Loaded time zone names for "en_US" in 31ms (27ms in ICU)
I/art     ( 1632): Explicit concurrent mark sweep GC freed 1594(112KB) AllocSpace objects, 0(0B) LOS objects, 40% free, 1522KB/2MB, paused 108us total 6.538ms
I/Zygote  ( 1632): ...preloaded 3005 classes in 467ms.
I/art     ( 1632): VMRuntime.preloadDexCaches starting
I/art     ( 1632): VMRuntime.preloadDexCaches strings total=212900 before=39564 after=39564
I/art     ( 1632): VMRuntime.preloadDexCaches types total=18329 before=6314 after=6350
I/art     ( 1632): VMRuntime.preloadDexCaches fields total=86557 before=32519 after=32858
I/art     ( 1632): VMRuntime.preloadDexCaches methods total=152670 before=66656 after=67570
I/art     ( 1632): VMRuntime.preloadDexCaches finished
I/art     ( 1632): Counter: 0
I/art     ( 1632): Counter: 1
I/art     ( 1632): Explicit concurrent mark sweep GC freed 47(14KB) AllocSpace objects, 0(0B) LOS objects, 40% free, 1508KB/2MB, paused 105us total 5.999ms
D/idmap   ( 1822): error: no read access to /vendor/overlay: No such file or directory
I/Zygote  ( 1632): Preloading resources...
D/MDnsDS  ( 1633): MDnsSdListener::Hander starting up
D/MDnsDS  ( 1633): MDnsSdListener starting to monitor
D/MDnsDS  ( 1633): Going to poll with pollCount 1
I/art     ( 1632): Explicit concurrent mark sweep GC freed 925(41KB) AllocSpace objects, 0(0B) LOS objects, 39% free, 23MB/39MB, paused 217us total 8.632ms
I/Zygote  ( 1632): ...preloaded 343 resources in 402ms.
I/art     ( 1632): Explicit concurrent mark sweep GC freed 557(39KB) AllocSpace objects, 0(0B) LOS objects, 40% free, 23MB/39MB, paused 215us total 8.422ms
I/Zygote  ( 1632): ...preloaded 41 resources in 16ms.
I/art     ( 1632): Counter: 0
D/libEGL  ( 1632): loaded /vendor/lib/egl/libEGL_adreno.so
I/ServiceManager( 1667): Waiting for service batterystats...
D/libEGL  ( 1632): loaded /vendor/lib/egl/libGLESv1_CM_adreno.so
D/libEGL  ( 1632): loaded /vendor/lib/egl/libGLESv2_adreno.so
I/Zygote  ( 1632): Preloading shared libraries...
D/Zygote  ( 1632): end preload
I/art     ( 1632): Explicit concurrent mark sweep GC freed 429(18KB) AllocSpace objects, 0(0B) LOS objects, 39% free, 23MB/39MB, paused 215us total 10.247ms
I/art     ( 1632): Explicit concurrent mark sweep GC freed 41(1568B) AllocSpace objects, 0(0B) LOS objects, 40% free, 23MB/39MB, paused 214us total 9.143ms
I/art     ( 1632): Explicit concurrent mark sweep GC freed 5(160B) AllocSpace objects, 0(0B) LOS objects, 40% free, 23MB/39MB, paused 213us total 9.102ms
I/Zygote  ( 1632): System server process 1860 has been created
I/Zygote  ( 1632): Accepting command socket connections
I/InstallerConnection( 1860): disconnecting...
I/SystemServer( 1860): Entered the Android system server!
V/Fingerprint-JNI( 1860): FingerprintManager JNI ready.
I/        ( 1860): System server: starting sensor init.
D/SensorService( 1860): nuSensorService starting...
I/SystemServiceManager( 1860): Starting com.android.server.pm.Installer
I/Installer( 1860): Waiting for installd to be ready.
I/InstallerConnection( 1860): connecting...
I/installd(  400): new connection
I/SystemServiceManager( 1860): Starting com.android.server.am.ActivityManagerService$Lifecycle
E/qti_sensors_hal( 1860): SensorsContext: Hal opened lib /system/lib/hw/sensors.oem.so failed!
W/qti_sensors_hal( 1860): addSensor : Add not supported sensors!
W/qti_sensors_hal( 1860): addSensor : Add not supported sensors!
W/qti_sensors_hal( 1860): addSensor : Add not supported sensors!
W/qti_sensors_hal( 1860): addSensor : Add not supported sensors!
W/qti_sensors_hal( 1860): addSensor : Add not supported sensors!
W/qti_sensors_hal( 1860): addSensor : Add not supported sensors!
W/qti_sensors_hal( 1860): addSensor : Add not supported sensors!
W/qti_sensors_hal( 1860): addSensor : Add not supported sensors!
W/qti_sensors_hal( 1860): addSensor : Add not supported sensors!
W/qti_sensors_hal( 1860): addSensor : Add not supported sensors!
W/qti_sensors_hal( 1860): addSensor : Add not supported sensors!
W/qti_sensors_hal( 1860): addSensor : Add not supported sensors!
W/qti_sensors_hal( 1860): addSensor : Add not supported sensors!
W/qti_sensors_hal( 1860): addSensor : Add not supported sensors!
W/qti_sensors_hal( 1860): addSensor : Add not supported sensors!
W/qti_sensors_hal( 1860): addSensor : Add not supported sensors!
W/qti_sensors_hal( 1860): addSensor : Add not supported sensors!
W/qti_sensors_hal( 1860): addSensor : Add not supported sensors!
W/qti_sensors_hal( 1860): addSensor : Add not supported sensors!
W/qti_sensors_hal( 1860): addSensor : Add not supported sensors!
W/qti_sensors_hal( 1860): addSensor : Add not supported sensors!
W/qti_sensors_hal( 1860): addSensor : Add not supported sensors!
W/qti_sensors_hal( 1860): addSensor : Add not supported sensors!
W/qti_sensors_hal( 1860): addSensor : Add not supported sensors!
W/qti_sensors_hal( 1860): addSensor : Add not supported sensors!
W/qti_sensors_hal( 1860): addSensor : Add not supported sensors!
W/qti_sensors_hal( 1860): addSensor : Add not supported sensors!
W/qti_sensors_hal( 1860): addSensor : Add not supported sensors!
W/qti_sensors_hal( 1860): addSensor : Add not supported sensors!
W/qti_sensors_hal( 1860): addSensor : Add not supported sensors!
W/qti_sensors_hal( 1860): addSensor : Add not supported sensors!
W/qti_sensors_hal( 1860): addSensor : Add not supported sensors!
W/qti_sensors_hal( 1860): addSensor : Add not supported sensors!
W/qti_sensors_hal( 1860): addSensor : Add not supported sensors!
W/qti_sensors_hal( 1860): addSensor : Add not supported sensors!
W/qti_sensors_hal( 1860): addSensor : Add not supported sensors!
W/qti_sensors_hal( 1860): addSensor : Add not supported sensors!
W/qti_sensors_hal( 1860): addSensor : Add not supported sensors!
W/qti_sensors_hal( 1860): addSensor : Add not supported sensors!
W/qti_sensors_hal( 1860): addSensor : Add not supported sensors!
W/qti_sensors_hal( 1860): addSensor : Add not supported sensors!
W/qti_sensors_hal( 1860): addSensor : Add not supported sensors!
W/qti_sensors_hal( 1860): addSensor : Add not supported sensors!
W/qti_sensors_hal( 1860): addSensor : Add not supported sensors!
E/qti_sensors_hal( 1860): processSingleSensorInfoResp: The mSensors[handle] is NULL!
E/qti_sensors_hal( 1860): processSingleSensorInfoResp: The mSensors[handle] is NULL!
E/qti_sensors_hal( 1860):  processSingleSensorInfoResp Unknown sensor type: 0
E/qti_sensors_hal( 1860): processSingleSensorInfoResp: The mSensors[handle] is NULL!
E/qti_sensors_hal( 1860): processSingleSensorInfoResp: The mSensors[handle] is NULL!
E/qti_sensors_hal( 1860): OEMAddSensors : The OEM_module is NULL!
I/XXXXXX  ( 1860): choosing minFree values for 32 Bit
I/XXXXXX  ( 1860): choosing minFree values for 32 Bit
I/XXXXXX  ( 1860): choosing minFree values for 32 Bit
I/XXXXXX  ( 1860): choosing minFree values for 32 Bit
I/XXXXXX  ( 1860): choosing minFree values for 32 Bit
I/XXXXXX  ( 1860): choosing minFree values for 32 Bit
I/ActivityManager( 1860): Memory class: 256
I/IntentFirewall( 1860): Read new rules (A:0 B:0 S:0)
D/AppOps  ( 1860): AppOpsService published
I/SystemServiceManager( 1860): Starting com.android.server.power.PowerManagerService
W/qti_sensors_hal( 1860): sensors_get_sensors_list: handle 72 is not registered!
W/qti_sensors_hal( 1860): sensors_get_sensors_list: handle 73 is not registered!
W/qti_sensors_hal( 1860): sensors_get_sensors_list: handle 90 is not registered!
W/qti_sensors_hal( 1860): sensors_get_sensors_list: handle 89 is not registered!
W/qti_sensors_hal( 1860): sensors_get_sensors_list: handle 32 is not registered!
W/qti_sensors_hal( 1860): sensors_get_sensors_list: handle 37 is not registered!
W/qti_sensors_hal( 1860): sensors_get_sensors_list: handle 38 is not registered!
W/qti_sensors_hal( 1860): sensors_get_sensors_list: handle 40 is not registered!
W/qti_sensors_hal( 1860): sensors_get_sensors_list: handle 42 is not registered!
W/qti_sensors_hal( 1860): sensors_get_sensors_list: handle 47 is not registered!
W/qti_sensors_hal( 1860): sensors_get_sensors_list: handle 48 is not registered!
W/qti_sensors_hal( 1860): sensors_get_sensors_list: handle 49 is not registered!
W/qti_sensors_hal( 1860): sensors_get_sensors_list: handle 50 is not registered!
W/qti_sensors_hal( 1860): sensors_get_sensors_list: handle 51 is not registered!
W/qti_sensors_hal( 1860): sensors_get_sensors_list: handle 57 is not registered!
W/qti_sensors_hal( 1860): sensors_get_sensors_list: handle 64 is not registered!
W/qti_sensors_hal( 1860): sensors_get_sensors_list: handle 65 is not registered!
W/qti_sensors_hal( 1860): sensors_get_sensors_list: handle 68 is not registered!
W/qti_sensors_hal( 1860): sensors_get_sensors_list: handle 71 is not registered!
W/qti_sensors_hal( 1860): sensors_get_sensors_list: handle 74 is not registered!
W/qti_sensors_hal( 1860): sensors_get_sensors_list: handle 70 is not registered!
W/qti_sensors_hal( 1860): sensors_get_sensors_list: handle 76 is not registered!
W/qti_sensors_hal( 1860): sensors_get_sensors_list: handle 79 is not registered!
W/qti_sensors_hal( 1860): sensors_get_sensors_list: handle 80 is not registered!
W/qti_sensors_hal( 1860): sensors_get_sensors_list: handle 81 is not registered!
W/qti_sensors_hal( 1860): sensors_get_sensors_list: handle 82 is not registered!
W/qti_sensors_hal( 1860): sensors_get_sensors_list: handle 83 is not registered!
W/qti_sensors_hal( 1860): sensors_get_sensors_list: handle 78 is not registered!
W/qti_sensors_hal( 1860): sensors_get_sensors_list: handle 85 is not registered!
W/qti_sensors_hal( 1860): sensors_get_sensors_list: handle 84 is not registered!
W/qti_sensors_hal( 1860): sensors_get_sensors_list: handle 52 is not registered!
W/qti_sensors_hal( 1860): sensors_get_sensors_list: handle 53 is not registered!
W/qti_sensors_hal( 1860): sensors_get_sensors_list: handle 54 is not registered!
I/PowerHAL( 1860): power_init
W/qti_sensors_hal( 1860): sensors_get_sensors_list: handle 55 is not registered!
W/qti_sensors_hal( 1860): sensors_get_sensors_list: handle 56 is not registered!
W/qti_sensors_hal( 1860): sensors_get_sensors_list: handle 58 is not registered!
W/qti_sensors_hal( 1860): sensors_get_sensors_list: handle 59 is not registered!
W/qti_sensors_hal( 1860): sensors_get_sensors_list: handle 60 is not registered!
W/qti_sensors_hal( 1860): sensors_get_sensors_list: handle 61 is not registered!
W/qti_sensors_hal( 1860): sensors_get_sensors_list: handle 62 is not registered!
W/qti_sensors_hal( 1860): sensors_get_sensors_list: handle 63 is not registered!
W/qti_sensors_hal( 1860): sensors_get_sensors_list: handle 66 is not registered!
W/qti_sensors_hal( 1860): sensors_get_sensors_list: handle 67 is not registered!
W/qti_sensors_hal( 1860): sensors_get_sensors_list: handle 75 is not registered!
W/libsuspend( 1860): Error writing 'on' to /sys/power/state: Invalid argument
I/libsuspend( 1860): Selected wakeup count
E/PowerHAL( 1860): coresonline: failed to send: No such file or directory
E/PowerHAL( 1860): touch_boost: failed to send: No such file or directory
E/        ( 1860): Reporting Mode incorrect: sensor Invensense Step Detector handle=4 type=18 actual=0 expected=3
E/        ( 1860): Reporting Mode incorrect: sensor Invensense Step Detector-Wakeup Secondary handle=22 type=18 actual=0 expected=3
I/        ( 1860): System server: sensor init done.
D/SensorService( 1860): nuSensorService thread starting...
D/SensorService( 1860): new thread SensorEventAckReceiver
I/SystemServiceManager( 1860): Starting com.android.server.display.DisplayManagerService
I/SystemServiceManager( 1860): Starting phase 100
I/DisplayManagerService( 1860): Display device added: DisplayDeviceInfo{"Built-in Screen": uniqueId="local:0", 1440 x 2560, 60.0 fps, supportedRefreshRates [60.0], density 560, 494.27 x 492.606 dpi, appVsyncOff 7500000, presDeadline 12666667, touch INTERNAL, rotation 0, type BUILT_IN, state UNKNOWN, FLAG_DEFAULT_DISPLAY, FLAG_ROTATES_WITH_CONTENT, FLAG_SECURE, FLAG_SUPPORTS_PROTECTED_BUFFERS}
I/SystemServer( 1860): Package Manager
W/PackageManager( 1860): No security bridge jar found, using default
W/SystemConfig( 1860): No directory /system/etc/sysconfig, skipping
D/SELinuxMMAC( 1860): Using policy file /system/etc/security/mac_permissions.xml
D/PackageManager( 1860): No files in app dir /vendor/overlay
W/PackageParser( 1860): No actions in intent filter at /system/priv-app/Contacts/Contacts.apk Binary XML file line #356
W/PackageParser( 1860): No actions in intent filter at /system/priv-app/Dialer/Dialer.apk Binary XML file line #167
E/MediaPlayerFactory( 1667): calling dlopen on FACTORY_LIB
E/MediaPlayerFactory( 1667): Failed to open FACTORY_LIB Error : dlopen failed: library "libdashplayer.so" not found 
I/CameraService( 1667): CameraService started (pid=1667)
I/CameraService( 1667): Loaded "QCamera Module" camera module
E/mm-camera-intf( 1667): entity id 1
E/mm-camera-intf( 1667): entity name video0 type 65537 group id 2
E/mm-camera-intf( 1667): entity id 2
E/mm-camera-intf( 1667): entity name msm_cci type 131072 group id 0
E/mm-camera-intf( 1667): entity id 3
E/mm-camera-intf( 1667): entity name v4l-subdev0 type 131072 group id 0
E/mm-camera-intf( 1667): entity id 4
E/mm-camera-intf( 1667): entity name v4l-subdev1 type 131072 group id 0
E/mm-camera-intf( 1667): entity id 5
E/mm-camera-intf( 1667): entity name v4l-subdev2 type 131072 group id 0
E/mm-camera-intf( 1667): entity id 6
E/mm-camera-intf( 1667): entity name v4l-subdev3 type 131072 group id 1
E/mm-camera-intf( 1667): entity id 7
E/mm-camera-intf( 1667): entity name v4l-subdev4 type 131072 group id 1
E/mm-camera-intf( 1667): entity id 8
E/mm-camera-intf( 1667): entity name v4l-subdev5 type 131072 group id 1
E/mm-camera-intf( 1667): entity id 9
E/mm-camera-intf( 1667): entity name v4l-subdev6 type 131072 group id 1
E/mm-camera-intf( 1667): entity id 10
E/mm-camera-intf( 1667): entity name v4l-subdev7 type 131072 group id 7
E/mm-camera-intf( 1667): entity id 11
E/mm-camera-intf( 1667): entity name v4l-subdev8 type 131072 group id 7
E/mm-camera-intf( 1667): entity id 12
E/mm-camera-intf( 1667): entity name v4l-subdev9 type 131072 group id 11
E/mm-camera-intf( 1667): entity id 13
E/mm-camera-intf( 1667): entity name v4l-subdev10 type 131072 group id 8
E/mm-camera-intf( 1667): entity id 14
E/mm-camera-intf( 1667): entity name v4l-subdev11 type 131072 group id 8
E/mm-camera-intf( 1667): entity id 15
E/mm-camera-intf( 1667): entity name v4l-subdev12 type 131072 group id 15
E/mm-camera-intf( 1667): entity id 16
E/mm-camera-intf( 1667): entity name v4l-subdev13 type 131072 group id 14
D/mm-camera-intf( 1667): index = 0 flag = 1 mount_angle = 90 facing = 0
D/mm-camera-intf( 1667): index = 1 flag = 101 mount_angle = 90 facing = 1
E/QCamera2Factory( 1667): int qcamera::QCamera2Factory::getCameraInfo(int, camera_info*) : Hal descriptor table is not initialized!
E/QCamera2Factory( 1667): int qcamera::QCamera2Factory::getCameraInfo(int, camera_info*) : Hal descriptor table is not initialized!
I/AudioPolicyService( 1667): AudioPolicyService CSTOR in new mode
I/AudioPolicyManager( 1667): loadAudioPolicyConfig() loaded /system/etc/audio_policy.conf
D/audio_hw_primary( 1667): adev_open: enter
D/msm8974_platform( 1667): platform_init: snd_card_name: apq8084-taiko-tfa9890_stereo_co
W/ResourceType( 1860): Failure getting entry for 0x7f08026f (t=7 e=623) (error -75)
W/PackageParser( 1860): Unknown element under <intent-filter>: android at /system/priv-app/Telecom/Telecom.apk Binary XML file line #232
E/audio_route( 1667): Control 'MultiMedia5 Mixer AUX_PCM_UL_TX' doesn't exist - skipping
E/audio_route( 1667): Control 'MultiMedia5 Mixer AUX_PCM_UL_TX' doesn't exist - skipping
D/msm8974_platform( 1667): platform_init: Opened sound card:0
E/ACDB-LOADER( 1667): Error: ACDB get adm topologies returned = -18
E/ACDB-LOADER( 1667): Error: ACDB ANC returned = -1
E/ACDB-LOADER( 1667): Error: ACDB ANC returned = -1
E/ACDB-LOADER( 1667): Error: ACDB ANC returned = -1
E/ACDB-LOADER( 1667): Error: ACDB ANC returned = -1
E/ACDB-LOADER( 1667): Error: ACDB ANC returned = -1
E/ACDB-LOADER( 1667): Error: ACDB ANC returned = -1
E/ACDB-LOADER( 1667): Error: ACDB ANC returned = -1
D/platform_info( 1667): platform_info_init: Failed to open /system/etc/audio_platform_info.xml, using defaults.
D/msm8974_platform( 1667): platform_csd_init: num_modems 1
D/        ( 1667): csd_create_thread: csdthread[0] create successfull 0
I/AudioFlinger( 1667): loadHwModule() Loaded primary audio interface from QCOM Audio HAL (audio) handle 1
I/AudioFlinger( 1667): HAL output buffer size 240 frames, normal sink buffer size 960 frames
E/QC-QMI  (  403): qmi_qmux_open_connection: connection is disabled for conn_id=0
E/QC-QMI  (  403): qmi_qmux_tx_msg: failed to open inactive connd_id=0
E/QC-QMI  (  403): qmi_qmux: TX failed, connection inactive or in reset, conn_id=0, status_flags=4
E/QC-QMI  (  403): qmi_ctl_tx_msg: qmi_qmux_tx_msg failed
E/QC-QMI  (  403): qmi_ctl_handle_request: qmi_ctl_tx_msg call failed
E/QC-QMI  (  403): qmi_qmux_open_connection: connection is disabled for conn_id=0
E/QC-QMI  (  403): qmi_qmux_tx_msg: failed to open inactive connd_id=0
E/QC-QMI  (  403): qmi_qmux: TX failed, connection inactive or in reset, conn_id=0, status_flags=4
E/QC-QMI  (  403): qmi_ctl_tx_msg: qmi_qmux_tx_msg failed
E/QC-QMI  (  403): qmi_ctl_handle_request: qmi_ctl_tx_msg call failed
E/QC-QMI  (  403): qmi_qmux_open_connection: connection is disabled for conn_id=0
E/QC-QMI  (  403): qmi_qmux_tx_msg: failed to open inactive connd_id=0
E/QC-QMI  (  403): qmi_qmux: TX failed, connection inactive or in reset, conn_id=0, status_flags=4
E/QC-QMI  (  403): qmi_ctl_tx_msg: qmi_qmux_tx_msg failed
W/EffectsFactory( 1667): loadLibrary() failed to open /system/lib/soundfx/libcyanogen-dsp.so
E/QC-QMI  (  403): qmi_ctl_handle_request: qmi_ctl_tx_msg call failed
W/EffectsFactory( 1667): loadEffect() could not get library cm
W/EffectsFactory( 1667): loadEffect() could not get library cm
W/EffectsFactory( 1667): loadEffect() could not get library cm
W/EffectsFactory( 1667): loadEffect() could not get library cm
W/EffectsFactory( 1667): loadEffect() could not get library cm
I/AudioMixer( 1667): found effect "Multichannel Downmix To Stereo" from The Android Open Source Project
E/MonoPipe( 1667): Failed to fetch local time frequency when constructing a MonoPipe (res = -32).  getNextWriteTimestamp calls will be non-functional
I/PackageManager( 1860): Package com.android.vending at /system/priv-app/Phonesky ignored: updated version 80351200 better than this 80341200
W/PackageManager( 1860): Failed to parse /system/priv-app/Phonesky: null
W/Resources( 1860): Converting to boolean: TypedValue{t=0x3/d=0x2708 "true" a=2 r=0x7f110a30}
E/QC-QMI  (  403): qmi_qmux_open_connection: connection is disabled for conn_id=48
E/QC-QMI  (  403): qmi_qmux_tx_msg: failed to open inactive connd_id=48
E/QC-QMI  (  403): qmi_qmux: TX failed, connection inactive or in reset, conn_id=48, status_flags=4
E/QC-QMI  (  403): qmi_ctl_tx_msg: qmi_qmux_tx_msg failed
E/QC-QMI  (  403): qmi_ctl_handle_request: qmi_ctl_tx_msg call failed
E/QC-QMI  (  403): qmi_qmux_open_connection: connection is disabled for conn_id=48
E/QC-QMI  (  403): qmi_qmux_tx_msg: failed to open inactive connd_id=48
E/QC-QMI  (  403): qmi_qmux: TX failed, connection inactive or in reset, conn_id=48, status_flags=4
E/QC-QMI  (  403): qmi_ctl_tx_msg: qmi_qmux_tx_msg failed
E/QC-QMI  (  403): qmi_ctl_handle_request: qmi_ctl_tx_msg call failed
E/QC-QMI  (  403): qmi_qmux_open_connection: connection is disabled for conn_id=57
E/QC-QMI  (  403): qmi_qmux_tx_msg: failed to open inactive connd_id=57
