E/QC-QMI  (  403): qmi_qmux_open_connection: connection is disabled for conn_id=48
E/QC-QMI  (  403): qmi_qmux_tx_msg: failed to open inactive connd_id=48
E/QC-QMI  (  403): qmi_qmux: TX failed, connection inactive or in reset, conn_id=48, status_flags=4
E/QC-QMI  (  403): qmi_ctl_tx_msg: qmi_qmux_tx_msg failed
E/QC-QMI  (  403): qmi_ctl_handle_request: qmi_ctl_tx_msg call failed
E/QC-QMI  (  403): qmi_qmux_open_connection: connection is disabled for conn_id=57
E/QC-QMI  (  403): qmi_qmux_tx_msg: failed to open inactive connd_id=57
E/QC-QMI  (  403): qmi_qmux: TX failed, connection inactive or in reset, conn_id=57, status_flags=4
E/QC-QMI  (  403): qmi_ctl_tx_msg: qmi_qmux_tx_msg failed
E/QC-QMI  (  403): qmi_ctl_handle_request: qmi_ctl_tx_msg call failed
E/QC-QMI  (  403): qmi_qmux_open_connection: connection is disabled for conn_id=57
E/QC-QMI  (  403): qmi_qmux_tx_msg: failed to open inactive connd_id=57
E/QC-QMI  (  403): qmi_qmux: TX failed, connection inactive or in reset, conn_id=57, status_flags=4
E/QC-QMI  (  403): qmi_ctl_tx_msg: qmi_qmux_tx_msg failed
E/QC-QMI  (  403): qmi_ctl_handle_request: qmi_ctl_tx_msg call failed
E/QC-QMI  (  403): qmi_qmux_open_connection: connection is disabled for conn_id=21
E/QC-QMI  (  403): qmi_qmux_tx_msg: failed to open inactive connd_id=21
E/QC-QMI  (  403): qmi_qmux: TX failed, connection inactive or in reset, conn_id=21, status_flags=4
E/QC-QMI  (  403): qmi_ctl_tx_msg: qmi_qmux_tx_msg failed
E/QC-QMI  (  403): qmi_ctl_handle_request: qmi_ctl_tx_msg call failed
E/QC-QMI  (  403): qmi_qmux_open_connection: connection is disabled for conn_id=0
E/QC-QMI  (  403): qmi_qmux_tx_msg: failed to open inactive connd_id=0
E/QC-QMI  (  403): qmi_qmux: TX failed, connection inactive or in reset, conn_id=0, status_flags=4
E/QC-QMI  (  403): qmi_ctl_tx_msg: qmi_qmux_tx_msg failed
E/QC-QMI  (  403): qmi_ctl_handle_request: qmi_ctl_tx_msg call failed
E/QC-QMI  (  403): qmi_qmux_open_connection: connection is disabled for conn_id=0
E/QC-QMI  (  403): qmi_qmux_tx_msg: failed to open inactive connd_id=0
E/QC-QMI  (  403): qmi_qmux: TX failed, connection inactive or in reset, conn_id=0, status_flags=4
E/QC-QMI  (  403): qmi_ctl_tx_msg: qmi_qmux_tx_msg failed
E/QC-QMI  (  403): qmi_ctl_handle_request: qmi_ctl_tx_msg call failed
E/QC-QMI  (  403): qmi_qmux_open_connection: connection is disabled for conn_id=48
E/QC-QMI  (  403): qmi_qmux_tx_msg: failed to open inactive connd_id=48
E/QC-QMI  (  403): qmi_qmux: TX failed, connection inactive or in reset, conn_id=48, status_flags=4
E/QC-QMI  (  403): qmi_ctl_tx_msg: qmi_qmux_tx_msg failed
E/QC-QMI  (  403): qmi_ctl_handle_request: qmi_ctl_tx_msg call failed
E/QC-QMI  (  403): qmi_qmux_open_connection: connection is disabled for conn_id=48
E/QC-QMI  (  403): qmi_qmux_tx_msg: failed to open inactive connd_id=48
E/QC-QMI  (  403): qmi_qmux: TX failed, connection inactive or in reset, conn_id=48, status_flags=4
E/QC-QMI  (  403): qmi_ctl_tx_msg: qmi_qmux_tx_msg failed
E/QC-QMI  (  403): qmi_ctl_handle_request: qmi_ctl_tx_msg call failed
E/QC-QMI  (  403): qmi_qmux_open_connection: connection is disabled for conn_id=57
E/QC-QMI  (  403): qmi_qmux_tx_msg: failed to open inactive connd_id=57
E/QC-QMI  (  403): qmi_qmux: TX failed, connection inactive or in reset, conn_id=57, status_flags=4
E/QC-QMI  (  403): qmi_ctl_tx_msg: qmi_qmux_tx_msg failed
E/QC-QMI  (  403): qmi_ctl_handle_request: qmi_ctl_tx_msg call failed
E/QC-QMI  (  403): qmi_qmux_open_connection: connection is disabled for conn_id=57
E/QC-QMI  (  403): qmi_qmux_tx_msg: failed to open inactive connd_id=57
E/QC-QMI  (  403): qmi_qmux: TX failed, connection inactive or in reset, conn_id=57, status_flags=4
E/QC-QMI  (  403): qmi_ctl_tx_msg: qmi_qmux_tx_msg failed
E/QC-QMI  (  403): qmi_ctl_handle_request: qmi_ctl_tx_msg call failed
E/QC-QMI  (  403): qmi_qmux_open_connection: connection is disabled for conn_id=0
E/QC-QMI  (  403): qmi_qmux_tx_msg: failed to open inactive connd_id=0
E/QC-QMI  (  403): qmi_qmux: TX failed, connection inactive or in reset, conn_id=0, status_flags=4
E/QC-QMI  (  403): qmi_ctl_tx_msg: qmi_qmux_tx_msg failed
E/QC-QMI  (  403): qmi_ctl_handle_request: qmi_ctl_tx_msg call failed
E/QC-QMI  (  403): qmi_qmux_open_connection: connection is disabled for conn_id=0
E/QC-QMI  (  403): qmi_qmux_tx_msg: failed to open inactive connd_id=0
E/QC-QMI  (  403): qmi_qmux: TX failed, connection inactive or in reset, conn_id=0, status_flags=4
E/QC-QMI  (  403): qmi_ctl_tx_msg: qmi_qmux_tx_msg failed
E/QC-QMI  (  403): qmi_ctl_handle_request: qmi_ctl_tx_msg call failed
E/QC-QMI  (  403): qmi_qmux_open_connection: connection is disabled for conn_id=48
E/QC-QMI  (  403): qmi_qmux_tx_msg: failed to open inactive connd_id=48
E/QC-QMI  (  403): qmi_qmux: TX failed, connection inactive or in reset, conn_id=48, status_flags=4
E/QC-QMI  (  403): qmi_ctl_tx_msg: qmi_qmux_tx_msg failed
E/QC-QMI  (  403): qmi_ctl_handle_request: qmi_ctl_tx_msg call failed
E/QC-QMI  (  403): qmi_qmux_open_connection: connection is disabled for conn_id=48
E/QC-QMI  (  403): qmi_qmux_tx_msg: failed to open inactive connd_id=48
E/QC-QMI  (  403): qmi_qmux: TX failed, connection inactive or in reset, conn_id=48, status_flags=4
E/QC-QMI  (  403): qmi_ctl_tx_msg: qmi_qmux_tx_msg failed
E/QC-QMI  (  403): qmi_ctl_handle_request: qmi_ctl_tx_msg call failed
E/QC-QMI  (  403): qmi_qmux_open_connection: connection is disabled for conn_id=57
E/QC-QMI  (  403): qmi_qmux_tx_msg: failed to open inactive connd_id=57
E/QC-QMI  (  403): qmi_qmux: TX failed, connection inactive or in reset, conn_id=57, status_flags=4
E/QC-QMI  (  403): qmi_ctl_tx_msg: qmi_qmux_tx_msg failed
E/QC-QMI  (  403): qmi_ctl_handle_request: qmi_ctl_tx_msg call failed
E/QC-QMI  (  403): qmi_qmux_open_connection: connection is disabled for conn_id=57
E/QC-QMI  (  403): qmi_qmux_tx_msg: failed to open inactive connd_id=57
E/QC-QMI  (  403): qmi_qmux: TX failed, connection inactive or in reset, conn_id=57, status_flags=4
E/QC-QMI  (  403): qmi_ctl_tx_msg: qmi_qmux_tx_msg failed
E/QC-QMI  (  403): qmi_ctl_handle_request: qmi_ctl_tx_msg call failed
I/DEBUG   (  395): *** *** *** *** *** *** *** *** *** *** *** *** *** *** *** ***
I/DEBUG   (  395): Build fingerprint: 'google/shamu/shamu:5.1/LMY47E/1748839:user/release-keys'
I/DEBUG   (  395): Revision: '33696'
I/DEBUG   (  395): ABI: 'arm'
I/DEBUG   (  395): pid: 355, tid: 359, name: BootAnimation  >>> /system/bin/bootanimation <<<
I/DEBUG   (  395): signal 11 (SIGSEGV), code 1 (SEGV_MAPERR), fault addr 0x44b40000
I/DEBUG   (  395):     r0 b5b018f4  r1 44b40000  r2 00000004  r3 80000000
I/DEBUG   (  395):     r4 b5b01948  r5 00000004  r6 b5c92598  r7 b5b01948
I/DEBUG   (  395):     r8 b5cbe7d0  r9 b5c71490  sl 00000000  fp b5c9b100
I/DEBUG   (  395):     ip b6d25bc4  sp b5b018d8  lr b6c080fb  pc b6e51114  cpsr 800f4430
I/DEBUG   (  395): 
I/DEBUG   (  395): backtrace:
I/DEBUG   (  395):     #00 pc 00011114  /system/lib/libc.so (__memcpy_base+327)
I/DEBUG   (  395):     #01 pc 000f00f7  /system/lib/libskia.so (SkMemoryStream::read(void*, unsigned int)+28)
I/DEBUG   (  395):     #02 pc 000fc8f0  [stack:359]
I/ServiceManager(  415): Waiting for service AtCmdFwd...
I/ThermalEngine(  405): ACTION: GPU - Setting GPU[0] to 300000000
I/ThermalEngine(  405): Mitigation:GPU[0]:300000000 Hz
I/ThermalEngine(  405): ACTION: CPU - Setting CPU[0] to 2457600
I/ThermalEngine(  405): ACTION: CPU - Setting CPU[1] to 2457600
I/ThermalEngine(  405): ACTION: CPU - Setting CPU[2] to 2457600
I/ThermalEngine(  405): ACTION: CPU - Setting CPU[3] to 2457600
I/DEBUG   (  395): 
I/DEBUG   (  395): Tombstone written to: /data/tombstones/tombstone_01
E/QC-QMI  (  404): qmi_client [404] 1d: failed to locate client data
E/QC-QMI  (  403): qmuxd: RX on fd=26 returned error=0 errno[2:No such file or directory]
E/QC-QMI  (  403): QMUX qmux_client_id=1d not found in qmux client list, unable to remove
E/QC-QMI  (  403): qmi_qmux_open_connection: connection is disabled for conn_id=0
E/QC-QMI  (  403): qmi_qmux_tx_msg: failed to open inactive connd_id=0
E/QC-QMI  (  403): qmi_qmux: TX failed, connection inactive or in reset, conn_id=0, status_flags=4
E/QC-QMI  (  403): qmi_ctl_tx_msg: qmi_qmux_tx_msg failed
E/QC-QMI  (  403): qmi_ctl_handle_request: qmi_ctl_tx_msg call failed
E/QC-QMI  (  403): qmi_qmux_open_connection: connection is disabled for conn_id=0
E/QC-QMI  (  403): qmi_qmux_tx_msg: failed to open inactive connd_id=0
E/QC-QMI  (  403): qmi_qmux: TX failed, connection inactive or in reset, conn_id=0, status_flags=4
E/QC-QMI  (  403): qmi_ctl_tx_msg: qmi_qmux_tx_msg failed
E/QC-QMI  (  403): qmi_ctl_handle_request: qmi_ctl_tx_msg call failed
E/QC-QMI  (  403): qmi_qmux_open_connection: connection is disabled for conn_id=48
E/QC-QMI  (  403): qmi_qmux_tx_msg: failed to open inactive connd_id=48
E/QC-QMI  (  403): qmi_qmux: TX failed, connection inactive or in reset, conn_id=48, status_flags=4
E/QC-QMI  (  403): qmi_ctl_tx_msg: qmi_qmux_tx_msg failed
E/QC-QMI  (  403): qmi_ctl_handle_request: qmi_ctl_tx_msg call failed
E/QC-QMI  (  403): qmi_qmux_open_connection: connection is disabled for conn_id=48
E/QC-QMI  (  403): qmi_qmux_tx_msg: failed to open inactive connd_id=48
E/QC-QMI  (  403): qmi_qmux: TX failed, connection inactive or in reset, conn_id=48, status_flags=4
E/QC-QMI  (  403): qmi_ctl_tx_msg: qmi_qmux_tx_msg failed
E/QC-QMI  (  403): qmi_ctl_handle_request: qmi_ctl_tx_msg call failed
E/QC-QMI  (  403): qmi_qmux_open_connection: connection is disabled for conn_id=57
E/QC-QMI  (  403): qmi_qmux_tx_msg: failed to open inactive connd_id=57
E/QC-QMI  (  403): qmi_qmux: TX failed, connection inactive or in reset, conn_id=57, status_flags=4
E/QC-QMI  (  403): qmi_ctl_tx_msg: qmi_qmux_tx_msg failed
E/QC-QMI  (  403): qmi_ctl_handle_request: qmi_ctl_tx_msg call failed
E/QC-QMI  (  403): qmi_qmux_open_connection: connection is disabled for conn_id=57
E/QC-QMI  (  403): qmi_qmux_tx_msg: failed to open inactive connd_id=57
E/QC-QMI  (  403): qmi_qmux: TX failed, connection inactive or in reset, conn_id=57, status_flags=4
E/QC-QMI  (  403): qmi_ctl_tx_msg: qmi_qmux_tx_msg failed
E/QC-QMI  (  403): qmi_ctl_handle_request: qmi_ctl_tx_msg call failed
E/QC-QMI  (  403): qmi_qmux_open_connection: connection is disabled for conn_id=0
E/QC-QMI  (  403): qmi_qmux_tx_msg: failed to open inactive connd_id=0
E/QC-QMI  (  403): qmi_qmux: TX failed, connection inactive or in reset, conn_id=0, status_flags=4
E/QC-QMI  (  403): qmi_ctl_tx_msg: qmi_qmux_tx_msg failed
E/QC-QMI  (  403): qmi_ctl_handle_request: qmi_ctl_tx_msg call failed
E/QC-QMI  (  403): qmi_qmux_open_connection: connection is disabled for conn_id=0
E/QC-QMI  (  403): qmi_qmux_tx_msg: failed to open inactive connd_id=0
E/QC-QMI  (  403): qmi_qmux: TX failed, connection inactive or in reset, conn_id=0, status_flags=4
E/QC-QMI  (  403): qmi_ctl_tx_msg: qmi_qmux_tx_msg failed
E/QC-QMI  (  403): qmi_ctl_handle_request: qmi_ctl_tx_msg call failed
E/QC-QMI  (  403): qmi_qmux_open_connection: connection is disabled for conn_id=48
E/QC-QMI  (  403): qmi_qmux_tx_msg: failed to open inactive connd_id=48
E/QC-QMI  (  403): qmi_qmux: TX failed, connection inactive or in reset, conn_id=48, status_flags=4
E/QC-QMI  (  403): qmi_ctl_tx_msg: qmi_qmux_tx_msg failed
E/QC-QMI  (  403): qmi_ctl_handle_request: qmi_ctl_tx_msg call failed
E/QC-QMI  (  403): qmi_qmux_open_connection: connection is disabled for conn_id=48
E/QC-QMI  (  403): qmi_qmux_tx_msg: failed to open inactive connd_id=48
E/QC-QMI  (  403): qmi_qmux: TX failed, connection inactive or in reset, conn_id=48, status_flags=4
E/QC-QMI  (  403): qmi_ctl_tx_msg: qmi_qmux_tx_msg failed
E/QC-QMI  (  403): qmi_ctl_handle_request: qmi_ctl_tx_msg call failed
E/QC-QMI  (  403): qmi_qmux_open_connection: connection is disabled for conn_id=57
E/QC-QMI  (  403): qmi_qmux_tx_msg: failed to open inactive connd_id=57
E/QC-QMI  (  403): qmi_qmux: TX failed, connection inactive or in reset, conn_id=57, status_flags=4
E/QC-QMI  (  403): qmi_ctl_tx_msg: qmi_qmux_tx_msg failed
E/QC-QMI  (  403): qmi_ctl_handle_request: qmi_ctl_tx_msg call failed
E/QC-QMI  (  403): qmi_qmux_open_connection: connection is disabled for conn_id=57
E/QC-QMI  (  403): qmi_qmux_tx_msg: failed to open inactive connd_id=57
E/QC-QMI  (  403): qmi_qmux: TX failed, connection inactive or in reset, conn_id=57, status_flags=4
E/QC-QMI  (  403): qmi_ctl_tx_msg: qmi_qmux_tx_msg failed
E/QC-QMI  (  403): qmi_ctl_handle_request: qmi_ctl_tx_msg call failed
E/QC-QMI  (  403): qmi_qmux_open_connection: connection is disabled for conn_id=0
E/QC-QMI  (  403): qmi_qmux_tx_msg: failed to open inactive connd_id=0
E/QC-QMI  (  403): qmi_qmux: TX failed, connection inactive or in reset, conn_id=0, status_flags=4
E/QC-QMI  (  403): qmi_ctl_tx_msg: qmi_qmux_tx_msg failed
E/QC-QMI  (  403): qmi_ctl_handle_request: qmi_ctl_tx_msg call failed
E/QC-QMI  (  403): qmi_qmux_open_connection: connection is disabled for conn_id=0
E/QC-QMI  (  403): qmi_qmux_tx_msg: failed to open inactive connd_id=0
E/QC-QMI  (  403): qmi_qmux: TX failed, connection inactive or in reset, conn_id=0, status_flags=4
E/QC-QMI  (  403): qmi_ctl_tx_msg: qmi_qmux_tx_msg failed
E/QC-QMI  (  403): qmi_ctl_handle_request: qmi_ctl_tx_msg call failed
E/QC-QMI  (  403): qmi_qmux_open_connection: connection is disabled for conn_id=48
E/QC-QMI  (  403): qmi_qmux_tx_msg: failed to open inactive connd_id=48
E/QC-QMI  (  403): qmi_qmux: TX failed, connection inactive or in reset, conn_id=48, status_flags=4
E/QC-QMI  (  403): qmi_ctl_tx_msg: qmi_qmux_tx_msg failed
E/QC-QMI  (  403): qmi_ctl_handle_request: qmi_ctl_tx_msg call failed
E/QC-QMI  (  403): qmi_qmux_open_connection: connection is disabled for conn_id=48
E/QC-QMI  (  403): qmi_qmux_tx_msg: failed to open inactive connd_id=48
E/QC-QMI  (  403): qmi_qmux: TX failed, connection inactive or in reset, conn_id=48, status_flags=4
E/QC-QMI  (  403): qmi_ctl_tx_msg: qmi_qmux_tx_msg failed
E/QC-QMI  (  403): qmi_ctl_handle_request: qmi_ctl_tx_msg call failed
E/QC-QMI  (  403): qmi_qmux_open_connection: connection is disabled for conn_id=57
E/QC-QMI  (  403): qmi_qmux_tx_msg: failed to open inactive connd_id=57
E/QC-QMI  (  403): qmi_qmux: TX failed, connection inactive or in reset, conn_id=57, status_flags=4
E/QC-QMI  (  403): qmi_ctl_tx_msg: qmi_qmux_tx_msg failed
E/QC-QMI  (  403): qmi_ctl_handle_request: qmi_ctl_tx_msg call failed
E/QC-QMI  (  403): qmi_qmux_open_connection: connection is disabled for conn_id=57
E/QC-QMI  (  403): qmi_qmux_tx_msg: failed to open inactive connd_id=57
E/QC-QMI  (  403): qmi_qmux: TX failed, connection inactive or in reset, conn_id=57, status_flags=4
E/QC-QMI  (  403): qmi_ctl_tx_msg: qmi_qmux_tx_msg failed
E/QC-QMI  (  403): qmi_ctl_handle_request: qmi_ctl_tx_msg call failed
E/QC-QMI  (  403): qmi_qmux_open_connection: connection is disabled for conn_id=0
E/QC-QMI  (  403): qmi_qmux_tx_msg: failed to open inactive connd_id=0
E/QC-QMI  (  403): qmi_qmux: TX failed, connection inactive or in reset, conn_id=0, status_flags=4
E/QC-QMI  (  403): qmi_ctl_tx_msg: qmi_qmux_tx_msg failed
E/QC-QMI  (  403): qmi_ctl_handle_request: qmi_ctl_tx_msg call failed
E/QC-QMI  (  403): qmi_qmux_open_connection: connection is disabled for conn_id=0
E/QC-QMI  (  403): qmi_qmux_tx_msg: failed to open inactive connd_id=0
E/QC-QMI  (  403): qmi_qmux: TX failed, connection inactive or in reset, conn_id=0, status_flags=4
E/QC-QMI  (  403): qmi_ctl_tx_msg: qmi_qmux_tx_msg failed
E/QC-QMI  (  403): qmi_ctl_handle_request: qmi_ctl_tx_msg call failed
E/QC-QMI  (  403): qmi_qmux_open_connection: connection is disabled for conn_id=48
E/QC-QMI  (  403): qmi_qmux_tx_msg: failed to open inactive connd_id=48
E/QC-QMI  (  403): qmi_qmux: TX failed, connection inactive or in reset, conn_id=48, status_flags=4
E/QC-QMI  (  403): qmi_ctl_tx_msg: qmi_qmux_tx_msg failed
E/QC-QMI  (  403): qmi_ctl_handle_request: qmi_ctl_tx_msg call failed
E/QC-QMI  (  403): qmi_qmux_open_connection: connection is disabled for conn_id=48
E/QC-QMI  (  403): qmi_qmux_tx_msg: failed to open inactive connd_id=48
E/QC-QMI  (  403): qmi_qmux: TX failed, connection inactive or in reset, conn_id=48, status_flags=4
E/QC-QMI  (  403): qmi_ctl_tx_msg: qmi_qmux_tx_msg failed
E/QC-QMI  (  403): qmi_ctl_handle_request: qmi_ctl_tx_msg call failed
E/QC-QMI  (  403): qmi_qmux_open_connection: connection is disabled for conn_id=57
E/QC-QMI  (  403): qmi_qmux_tx_msg: failed to open inactive connd_id=57
E/QC-QMI  (  403): qmi_qmux: TX failed, connection inactive or in reset, conn_id=57, status_flags=4
E/QC-QMI  (  403): qmi_ctl_tx_msg: qmi_qmux_tx_msg failed
E/QC-QMI  (  403): qmi_ctl_handle_request: qmi_ctl_tx_msg call failed
E/QC-QMI  (  403): qmi_qmux_open_connection: connection is disabled for conn_id=57
E/QC-QMI  (  403): qmi_qmux_tx_msg: failed to open inactive connd_id=57
E/QC-QMI  (  403): qmi_qmux: TX failed, connection inactive or in reset, conn_id=57, status_flags=4
E/QC-QMI  (  403): qmi_ctl_tx_msg: qmi_qmux_tx_msg failed
E/QC-QMI  (  403): qmi_ctl_handle_request: qmi_ctl_tx_msg call failed
E/QC-QMI  (  403): qmi_qmux_open_connection: connection is disabled for conn_id=0
E/QC-QMI  (  403): qmi_qmux_tx_msg: failed to open inactive connd_id=0
E/QC-QMI  (  403): qmi_qmux: TX failed, connection inactive or in reset, conn_id=0, status_flags=4
E/QC-QMI  (  403): qmi_ctl_tx_msg: qmi_qmux_tx_msg failed
E/QC-QMI  (  403): qmi_ctl_handle_request: qmi_ctl_tx_msg call failed
E/QC-QMI  (  403): qmi_qmux_open_connection: connection is disabled for conn_id=0
E/QC-QMI  (  403): qmi_qmux_tx_msg: failed to open inactive connd_id=0
E/QC-QMI  (  403): qmi_qmux: TX failed, connection inactive or in reset, conn_id=0, status_flags=4
E/QC-QMI  (  403): qmi_ctl_tx_msg: qmi_qmux_tx_msg failed
E/QC-QMI  (  403): qmi_ctl_handle_request: qmi_ctl_tx_msg call failed
E/QC-QMI  (  403): qmi_qmux_open_connection: connection is disabled for conn_id=48
E/QC-QMI  (  403): qmi_qmux_tx_msg: failed to open inactive connd_id=48
E/QC-QMI  (  403): qmi_qmux: TX failed, connection inactive or in reset, conn_id=48, status_flags=4
E/QC-QMI  (  403): qmi_ctl_tx_msg: qmi_qmux_tx_msg failed
E/QC-QMI  (  403): qmi_ctl_handle_request: qmi_ctl_tx_msg call failed
E/QC-QMI  (  403): qmi_qmux_open_connection: connection is disabled for conn_id=48
E/QC-QMI  (  403): qmi_qmux_tx_msg: failed to open inactive connd_id=48
E/QC-QMI  (  403): qmi_qmux: TX failed, connection inactive or in reset, conn_id=48, status_flags=4
E/QC-QMI  (  403): qmi_ctl_tx_msg: qmi_qmux_tx_msg failed
E/QC-QMI  (  403): qmi_ctl_handle_request: qmi_ctl_tx_msg call failed
E/QC-QMI  (  403): qmi_qmux_open_connection: connection is disabled for conn_id=57
E/QC-QMI  (  403): qmi_qmux_tx_msg: failed to open inactive connd_id=57
E/QC-QMI  (  403): qmi_qmux: TX failed, connection inactive or in reset, conn_id=57, status_flags=4
E/QC-QMI  (  403): qmi_ctl_tx_msg: qmi_qmux_tx_msg failed
E/QC-QMI  (  403): qmi_ctl_handle_request: qmi_ctl_tx_msg call failed
E/QC-QMI  (  403): qmi_qmux_open_connection: connection is disabled for conn_id=57
E/QC-QMI  (  403): qmi_qmux_tx_msg: failed to open inactive connd_id=57
E/QC-QMI  (  403): qmi_qmux: TX failed, connection inactive or in reset, conn_id=57, status_flags=4
E/QC-QMI  (  403): qmi_ctl_tx_msg: qmi_qmux_tx_msg failed
E/QC-QMI  (  403): qmi_ctl_handle_request: qmi_ctl_tx_msg call failed
E/QC-QMI  (  403): qmi_qmux_open_connection: connection is disabled for conn_id=0
E/QC-QMI  (  403): qmi_qmux_tx_msg: failed to open inactive connd_id=0
E/QC-QMI  (  403): qmi_qmux: TX failed, connection inactive or in reset, conn_id=0, status_flags=4
E/QC-QMI  (  403): qmi_ctl_tx_msg: qmi_qmux_tx_msg failed
E/QC-QMI  (  403): qmi_ctl_handle_request: qmi_ctl_tx_msg call failed
E/QC-QMI  (  403): qmi_qmux_open_connection: connection is disabled for conn_id=0
E/QC-QMI  (  403): qmi_qmux_tx_msg: failed to open inactive connd_id=0
E/QC-QMI  (  403): qmi_qmux: TX failed, connection inactive or in reset, conn_id=0, status_flags=4
E/QC-QMI  (  403): qmi_ctl_tx_msg: qmi_qmux_tx_msg failed
E/QC-QMI  (  403): qmi_ctl_handle_request: qmi_ctl_tx_msg call failed
E/QC-QMI  (  403): qmi_qmux_open_connection: connection is disabled for conn_id=48
E/QC-QMI  (  403): qmi_qmux_tx_msg: failed to open inactive connd_id=48
E/QC-QMI  (  403): qmi_qmux: TX failed, connection inactive or in reset, conn_id=48, status_flags=4
E/QC-QMI  (  403): qmi_ctl_tx_msg: qmi_qmux_tx_msg failed
E/QC-QMI  (  403): qmi_ctl_handle_request: qmi_ctl_tx_msg call failed
E/QC-QMI  (  403): qmi_qmux_open_connection: connection is disabled for conn_id=48
E/QC-QMI  (  403): qmi_qmux_tx_msg: failed to open inactive connd_id=48
E/QC-QMI  (  403): qmi_qmux: TX failed, connection inactive or in reset, conn_id=48, status_flags=4
E/QC-QMI  (  403): qmi_ctl_tx_msg: qmi_qmux_tx_msg failed
E/QC-QMI  (  403): qmi_ctl_handle_request: qmi_ctl_tx_msg call failed
E/QC-QMI  (  403): qmi_qmux_open_connection: connection is disabled for conn_id=57
E/QC-QMI  (  403): qmi_qmux_tx_msg: failed to open inactive connd_id=57
E/QC-QMI  (  403): qmi_qmux: TX failed, connection inactive or in reset, conn_id=57, status_flags=4
E/QC-QMI  (  403): qmi_ctl_tx_msg: qmi_qmux_tx_msg failed
E/QC-QMI  (  403): qmi_ctl_handle_request: qmi_ctl_tx_msg call failed
E/QC-QMI  (  403): qmi_qmux_open_connection: connection is disabled for conn_id=57
E/QC-QMI  (  403): qmi_qmux_tx_msg: failed to open inactive connd_id=57
E/QC-QMI  (  403): qmi_qmux: TX failed, connection inactive or in reset, conn_id=57, status_flags=4
E/QC-QMI  (  403): qmi_ctl_tx_msg: qmi_qmux_tx_msg failed
E/QC-QMI  (  403): qmi_ctl_handle_request: qmi_ctl_tx_msg call failed
E/QC-QMI  (  403): qmi_qmux_open_connection: connection is disabled for conn_id=0
E/QC-QMI  (  403): qmi_qmux_tx_msg: failed to open inactive connd_id=0
E/QC-QMI  (  403): qmi_qmux: TX failed, connection inactive or in reset, conn_id=0, status_flags=4
E/QC-QMI  (  403): qmi_ctl_tx_msg: qmi_qmux_tx_msg failed
E/QC-QMI  (  403): qmi_ctl_handle_request: qmi_ctl_tx_msg call failed
E/QC-QMI  (  403): qmi_qmux_open_connection: connection is disabled for conn_id=0
E/QC-QMI  (  403): qmi_qmux_tx_msg: failed to open inactive connd_id=0
E/QC-QMI  (  403): qmi_qmux: TX failed, connection inactive or in reset, conn_id=0, status_flags=4
E/QC-QMI  (  403): qmi_ctl_tx_msg: qmi_qmux_tx_msg failed
E/QC-QMI  (  403): qmi_ctl_handle_request: qmi_ctl_tx_msg call failed
E/QC-QMI  (  403): qmi_qmux_open_connection: connection is disabled for conn_id=48
E/QC-QMI  (  403): qmi_qmux_tx_msg: failed to open inactive connd_id=48
E/QC-QMI  (  403): qmi_qmux: TX failed, connection inactive or in reset, conn_id=48, status_flags=4
E/QC-QMI  (  403): qmi_ctl_tx_msg: qmi_qmux_tx_msg failed
E/QC-QMI  (  403): qmi_ctl_handle_request: qmi_ctl_tx_msg call failed
E/QC-QMI  (  403): qmi_qmux_open_connection: connection is disabled for conn_id=48
E/QC-QMI  (  403): qmi_qmux_tx_msg: failed to open inactive connd_id=48
E/QC-QMI  (  403): qmi_qmux: TX failed, connection inactive or in reset, conn_id=48, status_flags=4
E/QC-QMI  (  403): qmi_ctl_tx_msg: qmi_qmux_tx_msg failed
E/QC-QMI  (  403): qmi_ctl_handle_request: qmi_ctl_tx_msg call failed
E/QC-QMI  (  403): qmi_qmux_open_connection: connection is disabled for conn_id=57
E/QC-QMI  (  403): qmi_qmux_tx_msg: failed to open inactive connd_id=57
E/QC-QMI  (  403): qmi_qmux: TX failed, connection inactive or in reset, conn_id=57, status_flags=4
E/QC-QMI  (  403): qmi_ctl_tx_msg: qmi_qmux_tx_msg failed
E/QC-QMI  (  403): qmi_ctl_handle_request: qmi_ctl_tx_msg call failed
E/QC-QMI  (  403): qmi_qmux_open_connection: connection is disabled for conn_id=57
E/QC-QMI  (  403): qmi_qmux_tx_msg: failed to open inactive connd_id=57
E/QC-QMI  (  403): qmi_qmux: TX failed, connection inactive or in reset, conn_id=57, status_flags=4
E/QC-QMI  (  403): qmi_ctl_tx_msg: qmi_qmux_tx_msg failed
E/QC-QMI  (  403): qmi_ctl_handle_request: qmi_ctl_tx_msg call failed
W/PackageManager(  857): Package com.google.android.talk has activity com.google.android.apps.hangouts.phone.HangoutUrlHandlerActivity with priority > 0, forcing to 0
W/PackageManager(  857): Package com.google.android.talk has activity com.google.android.apps.hangouts.phone.HangoutUrlHandlerActivity with priority > 0, forcing to 0
W/PackageManager(  857): Package com.google.android.talk has activity com.google.android.apps.hangouts.phone.HangoutUrlHandlerActivity with priority > 0, forcing to 0
W/PackageManager(  857): Package com.google.android.talk has activity com.google.android.apps.hangouts.phone.ConversationUrlHandlerActivity with priority > 0, forcing to 0
W/PackageManager(  857): Package com.google.android.talk has activity com.google.android.apps.hangouts.phone.ConversationUrlHandlerActivity with priority > 0, forcing to 0
W/PackageManager(  857): Package com.google.android.talk has activity com.google.android.apps.hangouts.phone.ConversationUrlHandlerActivity with priority > 0, forcing to 0
E/QC-QMI  (  403): qmi_qmux_open_connection: connection is disabled for conn_id=21
E/QC-QMI  (  403): qmi_qmux_tx_msg: failed to open inactive connd_id=21
E/QC-QMI  (  403): qmi_qmux: TX failed, connection inactive or in reset, conn_id=21, status_flags=4
E/QC-QMI  (  403): qmi_ctl_tx_msg: qmi_qmux_tx_msg failed
E/QC-QMI  (  403): qmi_ctl_handle_request: qmi_ctl_tx_msg call failed
E/QC-QMI  (  404): qmi_client [404] 1e: failed to locate client data
E/QC-QMI  (  403): qmuxd: RX on fd=26 returned error=0 errno[2:No such file or directory]
E/QC-QMI  (  403): QMUX qmux_client_id=1e not found in qmux client list, unable to remove
E/QC-QMI  (  403): qmi_qmux_open_connection: connection is disabled for conn_id=0
E/QC-QMI  (  403): qmi_qmux_tx_msg: failed to open inactive connd_id=0
E/QC-QMI  (  403): qmi_qmux: TX failed, connection inactive or in reset, conn_id=0, status_flags=4
E/QC-QMI  (  403): qmi_ctl_tx_msg: qmi_qmux_tx_msg failed
E/QC-QMI  (  403): qmi_ctl_handle_request: qmi_ctl_tx_msg call failed
E/QC-QMI  (  403): qmi_qmux_open_connection: connection is disabled for conn_id=0
E/QC-QMI  (  403): qmi_qmux_tx_msg: failed to open inactive connd_id=0
E/QC-QMI  (  403): qmi_qmux: TX failed, connection inactive or in reset, conn_id=0, status_flags=4
E/QC-QMI  (  403): qmi_ctl_tx_msg: qmi_qmux_tx_msg failed
E/QC-QMI  (  403): qmi_ctl_handle_request: qmi_ctl_tx_msg call failed
E/QC-QMI  (  403): qmi_qmux_open_connection: connection is disabled for conn_id=48
E/QC-QMI  (  403): qmi_qmux_tx_msg: failed to open inactive connd_id=48
E/QC-QMI  (  403): qmi_qmux: TX failed, connection inactive or in reset, conn_id=48, status_flags=4
E/QC-QMI  (  403): qmi_ctl_tx_msg: qmi_qmux_tx_msg failed
E/QC-QMI  (  403): qmi_ctl_handle_request: qmi_ctl_tx_msg call failed
E/QC-QMI  (  403): qmi_qmux_open_connection: connection is disabled for conn_id=48
E/QC-QMI  (  403): qmi_qmux_tx_msg: failed to open inactive connd_id=48
E/QC-QMI  (  403): qmi_qmux: TX failed, connection inactive or in reset, conn_id=48, status_flags=4
E/QC-QMI  (  403): qmi_ctl_tx_msg: qmi_qmux_tx_msg failed
E/QC-QMI  (  403): qmi_ctl_handle_request: qmi_ctl_tx_msg call failed
E/QC-QMI  (  403): qmi_qmux_open_connection: connection is disabled for conn_id=57
E/QC-QMI  (  403): qmi_qmux_tx_msg: failed to open inactive connd_id=57
E/QC-QMI  (  403): qmi_qmux: TX failed, connection inactive or in reset, conn_id=57, status_flags=4
E/QC-QMI  (  403): qmi_ctl_tx_msg: qmi_qmux_tx_msg failed
E/QC-QMI  (  403): qmi_ctl_handle_request: qmi_ctl_tx_msg call failed
E/QC-QMI  (  403): qmi_qmux_open_connection: connection is disabled for conn_id=57
E/QC-QMI  (  403): qmi_qmux_tx_msg: failed to open inactive connd_id=57
E/QC-QMI  (  403): qmi_qmux: TX failed, connection inactive or in reset, conn_id=57, status_flags=4
E/QC-QMI  (  403): qmi_ctl_tx_msg: qmi_qmux_tx_msg failed
E/QC-QMI  (  403): qmi_ctl_handle_request: qmi_ctl_tx_msg call failed
E/QC-QMI  (  403): qmi_qmux_open_connection: connection is disabled for conn_id=0
E/QC-QMI  (  403): qmi_qmux_tx_msg: failed to open inactive connd_id=0
E/QC-QMI  (  403): qmi_qmux: TX failed, connection inactive or in reset, conn_id=0, status_flags=4
E/QC-QMI  (  403): qmi_ctl_tx_msg: qmi_qmux_tx_msg failed
E/QC-QMI  (  403): qmi_ctl_handle_request: qmi_ctl_tx_msg call failed
E/QC-QMI  (  403): qmi_qmux_open_connection: connection is disabled for conn_id=0
E/QC-QMI  (  403): qmi_qmux_tx_msg: failed to open inactive connd_id=0
E/QC-QMI  (  403): qmi_qmux: TX failed, connection inactive or in reset, conn_id=0, status_flags=4
E/QC-QMI  (  403): qmi_ctl_tx_msg: qmi_qmux_tx_msg failed
E/QC-QMI  (  403): qmi_ctl_handle_request: qmi_ctl_tx_msg call failed
E/QC-QMI  (  403): qmi_qmux_open_connection: connection is disabled for conn_id=48
E/QC-QMI  (  403): qmi_qmux_tx_msg: failed to open inactive connd_id=48
E/QC-QMI  (  403): qmi_qmux: TX failed, connection inactive or in reset, conn_id=48, status_flags=4
E/QC-QMI  (  403): qmi_ctl_tx_msg: qmi_qmux_tx_msg failed
E/QC-QMI  (  403): qmi_ctl_handle_request: qmi_ctl_tx_msg call failed
E/QC-QMI  (  403): qmi_qmux_open_connection: connection is disabled for conn_id=48
E/QC-QMI  (  403): qmi_qmux_tx_msg: failed to open inactive connd_id=48
E/QC-QMI  (  403): qmi_qmux: TX failed, connection inactive or in reset, conn_id=48, status_flags=4
E/QC-QMI  (  403): qmi_ctl_tx_msg: qmi_qmux_tx_msg failed
E/QC-QMI  (  403): qmi_ctl_handle_request: qmi_ctl_tx_msg call failed
E/QC-QMI  (  403): qmi_qmux_open_connection: connection is disabled for conn_id=57
E/QC-QMI  (  403): qmi_qmux_tx_msg: failed to open inactive connd_id=57
E/QC-QMI  (  403): qmi_qmux: TX failed, connection inactive or in reset, conn_id=57, status_flags=4
E/QC-QMI  (  403): qmi_ctl_tx_msg: qmi_qmux_tx_msg failed
E/QC-QMI  (  403): qmi_ctl_handle_request: qmi_ctl_tx_msg call failed
E/QC-QMI  (  403): qmi_qmux_open_connection: connection is disabled for conn_id=57
E/QC-QMI  (  403): qmi_qmux_tx_msg: failed to open inactive connd_id=57
E/QC-QMI  (  403): qmi_qmux: TX failed, connection inactive or in reset, conn_id=57, status_flags=4
E/QC-QMI  (  403): qmi_ctl_tx_msg: qmi_qmux_tx_msg failed
E/QC-QMI  (  403): qmi_ctl_handle_request: qmi_ctl_tx_msg call failed
E/QC-QMI  (  403): qmi_qmux_open_connection: connection is disabled for conn_id=0
E/QC-QMI  (  403): qmi_qmux_tx_msg: failed to open inactive connd_id=0
E/QC-QMI  (  403): qmi_qmux: TX failed, connection inactive or in reset, conn_id=0, status_flags=4
E/QC-QMI  (  403): qmi_ctl_tx_msg: qmi_qmux_tx_msg failed
E/QC-QMI  (  403): qmi_ctl_handle_request: qmi_ctl_tx_msg call failed
E/QC-QMI  (  403): qmi_qmux_open_connection: connection is disabled for conn_id=0
E/QC-QMI  (  403): qmi_qmux_tx_msg: failed to open inactive connd_id=0
E/QC-QMI  (  403): qmi_qmux: TX failed, connection inactive or in reset, conn_id=0, status_flags=4
E/QC-QMI  (  403): qmi_ctl_tx_msg: qmi_qmux_tx_msg failed
E/QC-QMI  (  403): qmi_ctl_handle_request: qmi_ctl_tx_msg call failed
E/QC-QMI  (  403): qmi_qmux_open_connection: connection is disabled for conn_id=48
E/QC-QMI  (  403): qmi_qmux_tx_msg: failed to open inactive connd_id=48
E/QC-QMI  (  403): qmi_qmux: TX failed, connection inactive or in reset, conn_id=48, status_flags=4
E/QC-QMI  (  403): qmi_ctl_tx_msg: qmi_qmux_tx_msg failed
E/QC-QMI  (  403): qmi_ctl_handle_request: qmi_ctl_tx_msg call failed
E/QC-QMI  (  403): qmi_qmux_open_connection: connection is disabled for conn_id=48
E/QC-QMI  (  403): qmi_qmux_tx_msg: failed to open inactive connd_id=48
E/QC-QMI  (  403): qmi_qmux: TX failed, connection inactive or in reset, conn_id=48, status_flags=4
E/QC-QMI  (  403): qmi_ctl_tx_msg: qmi_qmux_tx_msg failed
E/QC-QMI  (  403): qmi_ctl_handle_request: qmi_ctl_tx_msg call failed
E/QC-QMI  (  403): qmi_qmux_open_connection: connection is disabled for conn_id=57
E/QC-QMI  (  403): qmi_qmux_tx_msg: failed to open inactive connd_id=57
E/QC-QMI  (  403): qmi_qmux: TX failed, connection inactive or in reset, conn_id=57, status_flags=4
E/QC-QMI  (  403): qmi_ctl_tx_msg: qmi_qmux_tx_msg failed
E/QC-QMI  (  403): qmi_ctl_handle_request: qmi_ctl_tx_msg call failed
E/QC-QMI  (  403): qmi_qmux_open_connection: connection is disabled for conn_id=57
E/QC-QMI  (  403): qmi_qmux_tx_msg: failed to open inactive connd_id=57
E/QC-QMI  (  403): qmi_qmux: TX failed, connection inactive or in reset, conn_id=57, status_flags=4
E/QC-QMI  (  403): qmi_ctl_tx_msg: qmi_qmux_tx_msg failed
E/QC-QMI  (  403): qmi_ctl_handle_request: qmi_ctl_tx_msg call failed
E/QC-QMI  (  403): qmi_qmux_open_connection: connection is disabled for conn_id=0
E/QC-QMI  (  403): qmi_qmux_tx_msg: failed to open inactive connd_id=0
E/QC-QMI  (  403): qmi_qmux: TX failed, connection inactive or in reset, conn_id=0, status_flags=4
E/QC-QMI  (  403): qmi_ctl_tx_msg: qmi_qmux_tx_msg failed
E/QC-QMI  (  403): qmi_ctl_handle_request: qmi_ctl_tx_msg call failed
E/QC-QMI  (  403): qmi_qmux_open_connection: connection is disabled for conn_id=0
E/QC-QMI  (  403): qmi_qmux_tx_msg: failed to open inactive connd_id=0
E/QC-QMI  (  403): qmi_qmux: TX failed, connection inactive or in reset, conn_id=0, status_flags=4
E/QC-QMI  (  403): qmi_ctl_tx_msg: qmi_qmux_tx_msg failed
E/QC-QMI  (  403): qmi_ctl_handle_request: qmi_ctl_tx_msg call failed
E/QC-QMI  (  403): qmi_qmux_open_connection: connection is disabled for conn_id=48
E/QC-QMI  (  403): qmi_qmux_tx_msg: failed to open inactive connd_id=48
E/QC-QMI  (  403): qmi_qmux: TX failed, connection inactive or in reset, conn_id=48, status_flags=4
E/QC-QMI  (  403): qmi_ctl_tx_msg: qmi_qmux_tx_msg failed
E/QC-QMI  (  403): qmi_ctl_handle_request: qmi_ctl_tx_msg call failed
E/QC-QMI  (  403): qmi_qmux_open_connection: connection is disabled for conn_id=48
E/QC-QMI  (  403): qmi_qmux_tx_msg: failed to open inactive connd_id=48
E/QC-QMI  (  403): qmi_qmux: TX failed, connection inactive or in reset, conn_id=48, status_flags=4
E/QC-QMI  (  403): qmi_ctl_tx_msg: qmi_qmux_tx_msg failed
E/QC-QMI  (  403): qmi_ctl_handle_request: qmi_ctl_tx_msg call failed
E/QC-QMI  (  403): qmi_qmux_open_connection: connection is disabled for conn_id=57
E/QC-QMI  (  403): qmi_qmux_tx_msg: failed to open inactive connd_id=57
E/QC-QMI  (  403): qmi_qmux: TX failed, connection inactive or in reset, conn_id=57, status_flags=4
E/QC-QMI  (  403): qmi_ctl_tx_msg: qmi_qmux_tx_msg failed
E/QC-QMI  (  403): qmi_ctl_handle_request: qmi_ctl_tx_msg call failed
E/QC-QMI  (  403): qmi_qmux_open_connection: connection is disabled for conn_id=57
E/QC-QMI  (  403): qmi_qmux_tx_msg: failed to open inactive connd_id=57
E/QC-QMI  (  403): qmi_qmux: TX failed, connection inactive or in reset, conn_id=57, status_flags=4
E/QC-QMI  (  403): qmi_ctl_tx_msg: qmi_qmux_tx_msg failed
E/QC-QMI  (  403): qmi_ctl_handle_request: qmi_ctl_tx_msg call failed
E/QC-QMI  (  403): qmi_qmux_open_connection: connection is disabled for conn_id=0
E/QC-QMI  (  403): qmi_qmux_tx_msg: failed to open inactive connd_id=0
E/QC-QMI  (  403): qmi_qmux: TX failed, connection inactive or in reset, conn_id=0, status_flags=4
E/QC-QMI  (  403): qmi_ctl_tx_msg: qmi_qmux_tx_msg failed
E/QC-QMI  (  403): qmi_ctl_handle_request: qmi_ctl_tx_msg call failed
E/QC-QMI  (  403): qmi_qmux_open_connection: connection is disabled for conn_id=0
E/QC-QMI  (  403): qmi_qmux_tx_msg: failed to open inactive connd_id=0
E/QC-QMI  (  403): qmi_qmux: TX failed, connection inactive or in reset, conn_id=0, status_flags=4
E/QC-QMI  (  403): qmi_ctl_tx_msg: qmi_qmux_tx_msg failed
E/QC-QMI  (  403): qmi_ctl_handle_request: qmi_ctl_tx_msg call failed
E/QC-QMI  (  403): qmi_qmux_open_connection: connection is disabled for conn_id=48
E/QC-QMI  (  403): qmi_qmux_tx_msg: failed to open inactive connd_id=48
E/QC-QMI  (  403): qmi_qmux: TX failed, connection inactive or in reset, conn_id=48, status_flags=4
E/QC-QMI  (  403): qmi_ctl_tx_msg: qmi_qmux_tx_msg failed
E/QC-QMI  (  403): qmi_ctl_handle_request: qmi_ctl_tx_msg call failed
E/QC-QMI  (  403): qmi_qmux_open_connection: connection is disabled for conn_id=48
E/QC-QMI  (  403): qmi_qmux_tx_msg: failed to open inactive connd_id=48
E/QC-QMI  (  403): qmi_qmux: TX failed, connection inactive or in reset, conn_id=48, status_flags=4
E/QC-QMI  (  403): qmi_ctl_tx_msg: qmi_qmux_tx_msg failed
E/QC-QMI  (  403): qmi_ctl_handle_request: qmi_ctl_tx_msg call failed
E/QC-QMI  (  403): qmi_qmux_open_connection: connection is disabled for conn_id=57
E/QC-QMI  (  403): qmi_qmux_tx_msg: failed to open inactive connd_id=57
E/QC-QMI  (  403): qmi_qmux: TX failed, connection inactive or in reset, conn_id=57, status_flags=4
E/QC-QMI  (  403): qmi_ctl_tx_msg: qmi_qmux_tx_msg failed
E/QC-QMI  (  403): qmi_ctl_handle_request: qmi_ctl_tx_msg call failed
E/QC-QMI  (  403): qmi_qmux_open_connection: connection is disabled for conn_id=57
E/QC-QMI  (  403): qmi_qmux_tx_msg: failed to open inactive connd_id=57
E/QC-QMI  (  403): qmi_qmux: TX failed, connection inactive or in reset, conn_id=57, status_flags=4
E/QC-QMI  (  403): qmi_ctl_tx_msg: qmi_qmux_tx_msg failed
E/QC-QMI  (  403): qmi_ctl_handle_request: qmi_ctl_tx_msg call failed
E/QC-QMI  (  403): qmi_qmux_open_connection: connection is disabled for conn_id=0
E/QC-QMI  (  403): qmi_qmux_tx_msg: failed to open inactive connd_id=0
E/QC-QMI  (  403): qmi_qmux: TX failed, connection inactive or in reset, conn_id=0, status_flags=4
E/QC-QMI  (  403): qmi_ctl_tx_msg: qmi_qmux_tx_msg failed
E/QC-QMI  (  403): qmi_ctl_handle_request: qmi_ctl_tx_msg call failed
E/QC-QMI  (  403): qmi_qmux_open_connection: connection is disabled for conn_id=0
E/QC-QMI  (  403): qmi_qmux_tx_msg: failed to open inactive connd_id=0
E/QC-QMI  (  403): qmi_qmux: TX failed, connection inactive or in reset, conn_id=0, status_flags=4
E/QC-QMI  (  403): qmi_ctl_tx_msg: qmi_qmux_tx_msg failed
E/QC-QMI  (  403): qmi_ctl_handle_request: qmi_ctl_tx_msg call failed
E/QC-QMI  (  403): qmi_qmux_open_connection: connection is disabled for conn_id=48
E/QC-QMI  (  403): qmi_qmux_tx_msg: failed to open inactive connd_id=48
E/QC-QMI  (  403): qmi_qmux: TX failed, connection inactive or in reset, conn_id=48, status_flags=4
E/QC-QMI  (  403): qmi_ctl_tx_msg: qmi_qmux_tx_msg failed
E/QC-QMI  (  403): qmi_ctl_handle_request: qmi_ctl_tx_msg call failed
E/QC-QMI  (  403): qmi_qmux_open_connection: connection is disabled for conn_id=48
E/QC-QMI  (  403): qmi_qmux_tx_msg: failed to open inactive connd_id=48
E/QC-QMI  (  403): qmi_qmux: TX failed, connection inactive or in reset, conn_id=48, status_flags=4
E/QC-QMI  (  403): qmi_ctl_tx_msg: qmi_qmux_tx_msg failed
E/QC-QMI  (  403): qmi_ctl_handle_request: qmi_ctl_tx_msg call failed
E/QC-QMI  (  403): qmi_qmux_open_connection: connection is disabled for conn_id=57
E/QC-QMI  (  403): qmi_qmux_tx_msg: failed to open inactive connd_id=57
E/QC-QMI  (  403): qmi_qmux: TX failed, connection inactive or in reset, conn_id=57, status_flags=4
E/QC-QMI  (  403): qmi_ctl_tx_msg: qmi_qmux_tx_msg failed
E/QC-QMI  (  403): qmi_ctl_handle_request: qmi_ctl_tx_msg call failed
E/QC-QMI  (  403): qmi_qmux_open_connection: connection is disabled for conn_id=57
E/QC-QMI  (  403): qmi_qmux_tx_msg: failed to open inactive connd_id=57
E/QC-QMI  (  403): qmi_qmux: TX failed, connection inactive or in reset, conn_id=57, status_flags=4
E/QC-QMI  (  403): qmi_ctl_tx_msg: qmi_qmux_tx_msg failed
E/QC-QMI  (  403): qmi_ctl_handle_request: qmi_ctl_tx_msg call failed
E/QC-QMI  (  403): qmi_qmux_open_connection: connection is disabled for conn_id=0
E/QC-QMI  (  403): qmi_qmux_tx_msg: failed to open inactive connd_id=0
E/QC-QMI  (  403): qmi_qmux: TX failed, connection inactive or in reset, conn_id=0, status_flags=4
E/QC-QMI  (  403): qmi_ctl_tx_msg: qmi_qmux_tx_msg failed
E/QC-QMI  (  403): qmi_ctl_handle_request: qmi_ctl_tx_msg call failed
E/QC-QMI  (  403): qmi_qmux_open_connection: connection is disabled for conn_id=0
E/QC-QMI  (  403): qmi_qmux_tx_msg: failed to open inactive connd_id=0
E/QC-QMI  (  403): qmi_qmux: TX failed, connection inactive or in reset, conn_id=0, status_flags=4
E/QC-QMI  (  403): qmi_ctl_tx_msg: qmi_qmux_tx_msg failed
E/QC-QMI  (  403): qmi_ctl_handle_request: qmi_ctl_tx_msg call failed
E/QC-QMI  (  403): qmi_qmux_open_connection: connection is disabled for conn_id=48
E/QC-QMI  (  403): qmi_qmux_tx_msg: failed to open inactive connd_id=48
E/QC-QMI  (  403): qmi_qmux: TX failed, connection inactive or in reset, conn_id=48, status_flags=4
E/QC-QMI  (  403): qmi_ctl_tx_msg: qmi_qmux_tx_msg failed
E/QC-QMI  (  403): qmi_ctl_handle_request: qmi_ctl_tx_msg call failed
E/QC-QMI  (  403): qmi_qmux_open_connection: connection is disabled for conn_id=48
E/QC-QMI  (  403): qmi_qmux_tx_msg: failed to open inactive connd_id=48
E/QC-QMI  (  403): qmi_qmux: TX failed, connection inactive or in reset, conn_id=48, status_flags=4
E/QC-QMI  (  403): qmi_ctl_tx_msg: qmi_qmux_tx_msg failed
E/QC-QMI  (  403): qmi_ctl_handle_request: qmi_ctl_tx_msg call failed
E/QC-QMI  (  403): qmi_qmux_open_connection: connection is disabled for conn_id=57
E/QC-QMI  (  403): qmi_qmux_tx_msg: failed to open inactive connd_id=57
E/QC-QMI  (  403): qmi_qmux: TX failed, connection inactive or in reset, conn_id=57, status_flags=4
E/QC-QMI  (  403): qmi_ctl_tx_msg: qmi_qmux_tx_msg failed
E/QC-QMI  (  403): qmi_ctl_handle_request: qmi_ctl_tx_msg call failed
E/QC-QMI  (  403): qmi_qmux_open_connection: connection is disabled for conn_id=57
E/QC-QMI  (  403): qmi_qmux_tx_msg: failed to open inactive connd_id=57
E/QC-QMI  (  403): qmi_qmux: TX failed, connection inactive or in reset, conn_id=57, status_flags=4
E/QC-QMI  (  403): qmi_ctl_tx_msg: qmi_qmux_tx_msg failed
E/QC-QMI  (  403): qmi_ctl_handle_request: qmi_ctl_tx_msg call failed
E/QC-QMI  (  404): qmi_client [404] 1f: failed to locate client data
E/QC-QMI  (  403): qmuxd: RX on fd=26 returned error=0 errno[2:No such file or directory]
E/QC-QMI  (  403): QMUX qmux_client_id=1f not found in qmux client list, unable to remove
E/QC-QMI  (  403): qmi_qmux_open_connection: connection is disabled for conn_id=21
E/QC-QMI  (  403): qmi_qmux_tx_msg: failed to open inactive connd_id=21
E/QC-QMI  (  403): qmi_qmux: TX failed, connection inactive or in reset, conn_id=21, status_flags=4
E/QC-QMI  (  403): qmi_ctl_tx_msg: qmi_qmux_tx_msg failed
E/QC-QMI  (  403): qmi_ctl_handle_request: qmi_ctl_tx_msg call failed
I/ServiceManager(  415): Waiting for service AtCmdFwd...
W/PackageManager(  857): Package com.facebook.orca desires unavailable shared library com.amazon.device.messaging; ignoring!
E/QC-QMI  (  403): qmi_qmux_open_connection: connection is disabled for conn_id=21
E/QC-QMI  (  403): qmi_qmux_tx_msg: failed to open inactive connd_id=21
E/QC-QMI  (  403): qmi_qmux: TX failed, connection inactive or in reset, conn_id=21, status_flags=4
E/QC-QMI  (  403): qmi_ctl_tx_msg: qmi_qmux_tx_msg failed
E/QC-QMI  (  403): qmi_ctl_handle_request: qmi_ctl_tx_msg call failed
W/PackageManager(  857): Skipping provider name com.facebook.orca.properties (in package com.facebook.orca): name already used by com.facebook.orca
W/PackageManager(  857): Permission com.facebook.permission.prod.FB_APP_COMMUNICATION from package com.facebook.orca ignored: original from com.facebook.katana
W/PackageManager(  857): Permission com.facebook.receiver.permission.ACCESS from package com.facebook.orca ignored: original from com.facebook.katana
E/QC-QMI  (  403): qmi_qmux_open_connection: connection is disabled for conn_id=21
E/QC-QMI  (  403): qmi_qmux_tx_msg: failed to open inactive connd_id=21
E/QC-QMI  (  403): qmi_qmux: TX failed, connection inactive or in reset, conn_id=21, status_flags=4
E/QC-QMI  (  403): qmi_ctl_tx_msg: qmi_qmux_tx_msg failed
E/QC-QMI  (  403): qmi_ctl_handle_request: qmi_ctl_tx_msg call failed
I/ServiceManager(  415): Waiting for service AtCmdFwd...
W/PackageParser(  857): Unknown element under <application>: enable-feature at /data/app/com.weather.Weather-1/base.apk Binary XML file line #122
W/PackageParser(  857): Unknown element under <application>: enable-feature at /data/app/com.weather.Weather-1/base.apk Binary XML file line #1146
W/PackageManager(  857): Package com.weather.Weather desires unavailable shared library com.amazon.device.home; ignoring!
E/QC-QMI  (  403): qmi_qmux_open_connection: connection is disabled for conn_id=21
E/QC-QMI  (  403): qmi_qmux_tx_msg: failed to open inactive connd_id=21
E/QC-QMI  (  403): qmi_qmux: TX failed, connection inactive or in reset, conn_id=21, status_flags=4
E/QC-QMI  (  403): qmi_ctl_tx_msg: qmi_qmux_tx_msg failed
E/QC-QMI  (  403): qmi_ctl_handle_request: qmi_ctl_tx_msg call failed
E/QC-QMI  (  403): qmi_qmux_open_connection: connection is disabled for conn_id=21
E/QC-QMI  (  403): qmi_qmux_tx_msg: failed to open inactive connd_id=21
E/QC-QMI  (  403): qmi_qmux: TX failed, connection inactive or in reset, conn_id=21, status_flags=4
E/QC-QMI  (  403): qmi_ctl_tx_msg: qmi_qmux_tx_msg failed
E/QC-QMI  (  403): qmi_ctl_handle_request: qmi_ctl_tx_msg call failed
I/ServiceManager(  415): Waiting for service AtCmdFwd...
I/ThermalEngine(  405): ACTION: CPU - Setting CPU[0] to 2265600
I/ThermalEngine(  405): ACTION: CPU - Setting CPU[1] to 2265600
I/ThermalEngine(  405): ACTION: CPU - Setting CPU[2] to 2265600
I/ThermalEngine(  405): ACTION: CPU - Setting CPU[3] to 2265600
E/QC-QMI  (  403): qmi_qmux_open_connection: connection is disabled for conn_id=21
E/QC-QMI  (  403): qmi_qmux_tx_msg: failed to open inactive connd_id=21
E/QC-QMI  (  403): qmi_qmux: TX failed, connection inactive or in reset, conn_id=21, status_flags=4
E/QC-QMI  (  403): qmi_ctl_tx_msg: qmi_qmux_tx_msg failed
E/QC-QMI  (  403): qmi_ctl_handle_request: qmi_ctl_tx_msg call failed
E/QC-QMI  (  403): qmi_qmux_open_connection: connection is disabled for conn_id=21
E/QC-QMI  (  403): qmi_qmux_tx_msg: failed to open inactive connd_id=21
E/QC-QMI  (  403): qmi_qmux: TX failed, connection inactive or in reset, conn_id=21, status_flags=4
E/QC-QMI  (  403): qmi_ctl_tx_msg: qmi_qmux_tx_msg failed
E/QC-QMI  (  403): qmi_ctl_handle_request: qmi_ctl_tx_msg call failed
W/Atfwd_Sendcmd(  415): AtCmdFwd service not published, waiting... retryCnt : 1
W/PackageManager(  857): Package com.facebook.katana desires unavailable shared library com.amazon.device.messaging; ignoring!
E/QC-QMI  (  403): qmi_qmux_open_connection: connection is disabled for conn_id=21
E/QC-QMI  (  403): qmi_qmux_tx_msg: failed to open inactive connd_id=21
E/QC-QMI  (  403): qmi_qmux: TX failed, connection inactive or in reset, conn_id=21, status_flags=4
E/QC-QMI  (  403): qmi_ctl_tx_msg: qmi_qmux_tx_msg failed
E/QC-QMI  (  403): qmi_ctl_handle_request: qmi_ctl_tx_msg call failed
E/QC-QMI  (  403): qmi_qmux_open_connection: connection is disabled for conn_id=21
E/QC-QMI  (  403): qmi_qmux_tx_msg: failed to open inactive connd_id=21
E/QC-QMI  (  403): qmi_qmux: TX failed, connection inactive or in reset, conn_id=21, status_flags=4
E/QC-QMI  (  403): qmi_ctl_tx_msg: qmi_qmux_tx_msg failed
E/QC-QMI  (  403): qmi_ctl_handle_request: qmi_ctl_tx_msg call failed
E/QC-QMI  (  403): qmi_qmux_open_connection: connection is disabled for conn_id=21
E/QC-QMI  (  403): qmi_qmux_tx_msg: failed to open inactive connd_id=21
E/QC-QMI  (  403): qmi_qmux: TX failed, connection inactive or in reset, conn_id=21, status_flags=4
E/QC-QMI  (  403): qmi_ctl_tx_msg: qmi_qmux_tx_msg failed
E/QC-QMI  (  403): qmi_ctl_handle_request: qmi_ctl_tx_msg call failed
W/Resources(  857): Converting to boolean: TypedValue{t=0x3/d=0x2d6e "true" a=2 r=0x7f110955}
W/PackageManager(  857): Package com.google.android.gms desires unavailable shared library com.google.android.ble; ignoring!
E/QC-QMI  (  403): qmi_qmux_open_connection: connection is disabled for conn_id=21
E/QC-QMI  (  403): qmi_qmux_tx_msg: failed to open inactive connd_id=21
E/QC-QMI  (  403): qmi_qmux: TX failed, connection inactive or in reset, conn_id=21, status_flags=4
E/QC-QMI  (  403): qmi_ctl_tx_msg: qmi_qmux_tx_msg failed
E/QC-QMI  (  403): qmi_ctl_handle_request: qmi_ctl_tx_msg call failed
I/ThermalEngine(  405): ACTION: CPU - Setting CPU[0] to 1958400
I/ThermalEngine(  405): ACTION: CPU - Setting CPU[1] to 1958400
I/ThermalEngine(  405): ACTION: CPU - Setting CPU[2] to 1958400
I/ThermalEngine(  405): ACTION: CPU - Setting CPU[3] to 1958400
E/QC-QMI  (  403): qmi_qmux_open_connection: connection is disabled for conn_id=21
E/QC-QMI  (  403): qmi_qmux_tx_msg: failed to open inactive connd_id=21
E/QC-QMI  (  403): qmi_qmux: TX failed, connection inactive or in reset, conn_id=21, status_flags=4
E/QC-QMI  (  403): qmi_ctl_tx_msg: qmi_qmux_tx_msg failed
E/QC-QMI  (  403): qmi_ctl_handle_request: qmi_ctl_tx_msg call failed
E/QC-QMI  (  403): qmi_qmux_open_connection: connection is disabled for conn_id=21
E/QC-QMI  (  403): qmi_qmux_tx_msg: failed to open inactive connd_id=21
E/QC-QMI  (  403): qmi_qmux: TX failed, connection inactive or in reset, conn_id=21, status_flags=4
E/QC-QMI  (  403): qmi_ctl_tx_msg: qmi_qmux_tx_msg failed
E/QC-QMI  (  403): qmi_ctl_handle_request: qmi_ctl_tx_msg call failed
E/QC-QMI  (  403): qmi_qmux_open_connection: connection is disabled for conn_id=21
E/QC-QMI  (  403): qmi_qmux_tx_msg: failed to open inactive connd_id=21
E/QC-QMI  (  403): qmi_qmux: TX failed, connection inactive or in reset, conn_id=21, status_flags=4
E/QC-QMI  (  403): qmi_ctl_tx_msg: qmi_qmux_tx_msg failed
E/QC-QMI  (  403): qmi_ctl_handle_request: qmi_ctl_tx_msg call failed
E/QC-QMI  (  403): qmi_qmux_open_connection: connection is disabled for conn_id=21
E/QC-QMI  (  403): qmi_qmux_tx_msg: failed to open inactive connd_id=21
E/QC-QMI  (  403): qmi_qmux: TX failed, connection inactive or in reset, conn_id=21, status_flags=4
E/QC-QMI  (  403): qmi_ctl_tx_msg: qmi_qmux_tx_msg failed
E/QC-QMI  (  403): qmi_ctl_handle_request: qmi_ctl_tx_msg call failed
W/PackageManager(  857): Package com.google.android.apps.plus has activity com.google.android.libraries.social.gateway.GatewayActivity with priority > 0, forcing to 0
