E/QC-QMI  (  403): qmi_qmux_tx_msg: failed to open inactive connd_id=0
E/QC-QMI  (  403): qmi_qmux: TX failed, connection inactive or in reset, conn_id=0, status_flags=4
E/QC-QMI  (  403): qmi_ctl_tx_msg: qmi_qmux_tx_msg failed
E/QC-QMI  (  403): qmi_ctl_handle_request: qmi_ctl_tx_msg call failed
E/QC-QMI  (  403): qmi_qmux_open_connection: connection is disabled for conn_id=0
E/QC-QMI  (  403): qmi_qmux_tx_msg: failed to open inactive connd_id=0
E/QC-QMI  (  403): qmi_qmux: TX failed, connection inactive or in reset, conn_id=0, status_flags=4
E/QC-QMI  (  403): qmi_ctl_tx_msg: qmi_qmux_tx_msg failed
E/QC-QMI  (  403): qmi_ctl_handle_request: qmi_ctl_tx_msg call failed
E/QC-QMI  (  403): qmi_qmux_open_connection: connection is disabled for conn_id=48
E/QC-QMI  (  403): qmi_qmux_tx_msg: failed to open inactive connd_id=48
E/QC-QMI  (  403): qmi_qmux: TX failed, connection inactive or in reset, conn_id=48, status_flags=4
E/QC-QMI  (  403): qmi_ctl_tx_msg: qmi_qmux_tx_msg failed
E/QC-QMI  (  403): qmi_ctl_handle_request: qmi_ctl_tx_msg call failed
E/QC-QMI  (  403): qmi_qmux_open_connection: connection is disabled for conn_id=48
E/QC-QMI  (  403): qmi_qmux_tx_msg: failed to open inactive connd_id=48
E/QC-QMI  (  403): qmi_qmux: TX failed, connection inactive or in reset, conn_id=48, status_flags=4
E/QC-QMI  (  403): qmi_ctl_tx_msg: qmi_qmux_tx_msg failed
E/QC-QMI  (  403): qmi_ctl_handle_request: qmi_ctl_tx_msg call failed
E/QC-QMI  (  403): qmi_qmux_open_connection: connection is disabled for conn_id=57
E/QC-QMI  (  403): qmi_qmux_tx_msg: failed to open inactive connd_id=57
E/QC-QMI  (  403): qmi_qmux: TX failed, connection inactive or in reset, conn_id=57, status_flags=4
E/QC-QMI  (  403): qmi_ctl_tx_msg: qmi_qmux_tx_msg failed
E/QC-QMI  (  403): qmi_ctl_handle_request: qmi_ctl_tx_msg call failed
E/QC-QMI  (  403): qmi_qmux_open_connection: connection is disabled for conn_id=57
E/QC-QMI  (  403): qmi_qmux_tx_msg: failed to open inactive connd_id=57
E/QC-QMI  (  403): qmi_qmux: TX failed, connection inactive or in reset, conn_id=57, status_flags=4
E/QC-QMI  (  403): qmi_ctl_tx_msg: qmi_qmux_tx_msg failed
E/QC-QMI  (  403): qmi_ctl_handle_request: qmi_ctl_tx_msg call failed
E/QC-QMI  (  403): qmi_qmux_open_connection: connection is disabled for conn_id=0
E/QC-QMI  (  403): qmi_qmux_tx_msg: failed to open inactive connd_id=0
E/QC-QMI  (  403): qmi_qmux: TX failed, connection inactive or in reset, conn_id=0, status_flags=4
E/QC-QMI  (  403): qmi_ctl_tx_msg: qmi_qmux_tx_msg failed
E/QC-QMI  (  403): qmi_ctl_handle_request: qmi_ctl_tx_msg call failed
E/QC-QMI  (  403): qmi_qmux_open_connection: connection is disabled for conn_id=0
E/QC-QMI  (  403): qmi_qmux_tx_msg: failed to open inactive connd_id=0
E/QC-QMI  (  403): qmi_qmux: TX failed, connection inactive or in reset, conn_id=0, status_flags=4
E/QC-QMI  (  403): qmi_ctl_tx_msg: qmi_qmux_tx_msg failed
E/QC-QMI  (  403): qmi_ctl_handle_request: qmi_ctl_tx_msg call failed
E/QC-QMI  (  403): qmi_qmux_open_connection: connection is disabled for conn_id=48
E/QC-QMI  (  403): qmi_qmux_tx_msg: failed to open inactive connd_id=48
E/QC-QMI  (  403): qmi_qmux: TX failed, connection inactive or in reset, conn_id=48, status_flags=4
E/QC-QMI  (  403): qmi_ctl_tx_msg: qmi_qmux_tx_msg failed
E/QC-QMI  (  403): qmi_ctl_handle_request: qmi_ctl_tx_msg call failed
E/QC-QMI  (  403): qmi_qmux_open_connection: connection is disabled for conn_id=48
E/QC-QMI  (  403): qmi_qmux_tx_msg: failed to open inactive connd_id=48
E/QC-QMI  (  403): qmi_qmux: TX failed, connection inactive or in reset, conn_id=48, status_flags=4
E/QC-QMI  (  403): qmi_ctl_tx_msg: qmi_qmux_tx_msg failed
E/QC-QMI  (  403): qmi_ctl_handle_request: qmi_ctl_tx_msg call failed
E/QC-QMI  (  403): qmi_qmux_open_connection: connection is disabled for conn_id=57
E/QC-QMI  (  403): qmi_qmux_tx_msg: failed to open inactive connd_id=57
E/QC-QMI  (  403): qmi_qmux: TX failed, connection inactive or in reset, conn_id=57, status_flags=4
E/QC-QMI  (  403): qmi_ctl_tx_msg: qmi_qmux_tx_msg failed
E/QC-QMI  (  403): qmi_ctl_handle_request: qmi_ctl_tx_msg call failed
E/QC-QMI  (  403): qmi_qmux_open_connection: connection is disabled for conn_id=57
E/QC-QMI  (  403): qmi_qmux_tx_msg: failed to open inactive connd_id=57
E/QC-QMI  (  403): qmi_qmux: TX failed, connection inactive or in reset, conn_id=57, status_flags=4
E/QC-QMI  (  403): qmi_ctl_tx_msg: qmi_qmux_tx_msg failed
E/QC-QMI  (  403): qmi_ctl_handle_request: qmi_ctl_tx_msg call failed
E/QC-QMI  (  403): qmi_qmux_open_connection: connection is disabled for conn_id=0
E/QC-QMI  (  403): qmi_qmux_tx_msg: failed to open inactive connd_id=0
E/QC-QMI  (  403): qmi_qmux: TX failed, connection inactive or in reset, conn_id=0, status_flags=4
E/QC-QMI  (  403): qmi_ctl_tx_msg: qmi_qmux_tx_msg failed
E/QC-QMI  (  403): qmi_ctl_handle_request: qmi_ctl_tx_msg call failed
E/QC-QMI  (  403): qmi_qmux_open_connection: connection is disabled for conn_id=0
E/QC-QMI  (  403): qmi_qmux_tx_msg: failed to open inactive connd_id=0
E/QC-QMI  (  403): qmi_qmux: TX failed, connection inactive or in reset, conn_id=0, status_flags=4
E/QC-QMI  (  403): qmi_ctl_tx_msg: qmi_qmux_tx_msg failed
E/QC-QMI  (  403): qmi_ctl_handle_request: qmi_ctl_tx_msg call failed
E/QC-QMI  (  403): qmi_qmux_open_connection: connection is disabled for conn_id=48
E/QC-QMI  (  403): qmi_qmux_tx_msg: failed to open inactive connd_id=48
E/QC-QMI  (  403): qmi_qmux: TX failed, connection inactive or in reset, conn_id=48, status_flags=4
E/QC-QMI  (  403): qmi_ctl_tx_msg: qmi_qmux_tx_msg failed
E/QC-QMI  (  403): qmi_ctl_handle_request: qmi_ctl_tx_msg call failed
E/QC-QMI  (  403): qmi_qmux_open_connection: connection is disabled for conn_id=48
E/QC-QMI  (  403): qmi_qmux_tx_msg: failed to open inactive connd_id=48
E/QC-QMI  (  403): qmi_qmux: TX failed, connection inactive or in reset, conn_id=48, status_flags=4
E/QC-QMI  (  403): qmi_ctl_tx_msg: qmi_qmux_tx_msg failed
E/QC-QMI  (  403): qmi_ctl_handle_request: qmi_ctl_tx_msg call failed
E/QC-QMI  (  403): qmi_qmux_open_connection: connection is disabled for conn_id=57
E/QC-QMI  (  403): qmi_qmux_tx_msg: failed to open inactive connd_id=57
E/QC-QMI  (  403): qmi_qmux: TX failed, connection inactive or in reset, conn_id=57, status_flags=4
E/QC-QMI  (  403): qmi_ctl_tx_msg: qmi_qmux_tx_msg failed
E/QC-QMI  (  403): qmi_ctl_handle_request: qmi_ctl_tx_msg call failed
E/QC-QMI  (  403): qmi_qmux_open_connection: connection is disabled for conn_id=57
E/QC-QMI  (  403): qmi_qmux_tx_msg: failed to open inactive connd_id=57
E/QC-QMI  (  403): qmi_qmux: TX failed, connection inactive or in reset, conn_id=57, status_flags=4
E/QC-QMI  (  403): qmi_ctl_tx_msg: qmi_qmux_tx_msg failed
E/QC-QMI  (  403): qmi_ctl_handle_request: qmi_ctl_tx_msg call failed
D/        ( 1968): get_csd_version: QMI - CSD version: 1120001
D/        ( 1968): csd_client_async_cb: msg_id 0x55 result 0 error 0
D/        ( 1968): csd_client_async_cb: msg_id 0x55 result 0 error 0
I/dex2oat ( 1963): Explicit concurrent mark sweep GC freed 43186(5MB) AllocSpace objects, 0(0B) LOS objects, 15% free, 21MB/25MB, paused 175us total 124.119ms
I/ThermalEngine(  405): ACTION: CPU - Setting CPU[0] to 1728000
I/ThermalEngine(  405): ACTION: CPU - Setting CPU[1] to 1728000
I/ThermalEngine(  405): ACTION: CPU - Setting CPU[2] to 1728000
I/ThermalEngine(  405): ACTION: CPU - Setting CPU[3] to 1728000
I/dex2oat ( 1963): Method exceeds compiler instruction limit: 21296 in void org.ccil.cowan.tagsoup.HTMLSchema.<init>()
I/ThermalEngine(  405): ACTION: CPU - Setting CPU[0] to 1574400
I/ThermalEngine(  405): ACTION: CPU - Setting CPU[1] to 1574400
I/ThermalEngine(  405): ACTION: CPU - Setting CPU[2] to 1574400
I/ThermalEngine(  405): ACTION: CPU - Setting CPU[3] to 1574400
I/kickstart(  910): STATUS: SAHARA_HELLO: hw_info = 0x01030610, pwrup_reason = 0x00004000
I/kickstart(  910): STATUS: Wrote to /sys/power/wake_lock
E/kickstart(  910): ERROR: function: open_file:195 filename = /dev/block/platform/msm_sdcc.1/by-name/mdm1m9kefs2
I/kickstart(  910): STATUS: Opening file '/dev/block/platform/msm_sdcc.1/by-name/mdm1m9kefs2' for writing
I/ThermalEngine(  405): ACTION: CPU - Setting CPU[0] to 1497600
I/ThermalEngine(  405): ACTION: CPU - Setting CPU[1] to 1497600
I/ThermalEngine(  405): ACTION: CPU - Setting CPU[2] to 1497600
I/ThermalEngine(  405): ACTION: CPU - Setting CPU[3] to 1497600
I/kickstart(  910): STATUS: Received file 'm9kefs2'
I/kickstart(  910): STATUS: 950272 bytes transferred in 0.984998 seconds
I/kickstart(  910): STATUS: Successfully downloaded files from target 
I/kickstart(  910): STATUS: Wrote to /sys/power/wake_unlock
I/kickstart(  910): STATUS: Sahara protocol completed
I/ThermalEngine(  405): ACTION: CPU - Setting CPU[0] to 1267200
I/ThermalEngine(  405): ACTION: CPU - Setting CPU[1] to 1267200
I/ThermalEngine(  405): ACTION: CPU - Setting CPU[2] to 1267200
I/ThermalEngine(  405): ACTION: CPU - Setting CPU[3] to 1267200
I/ThermalEngine(  405): ACTION: CPU - Setting CPU[0] to 1190400
I/ThermalEngine(  405): ACTION: CPU - Setting CPU[1] to 1190400
I/ThermalEngine(  405): ACTION: CPU - Setting CPU[2] to 1190400
I/ThermalEngine(  405): ACTION: CPU - Setting CPU[3] to 1190400
I/dex2oat ( 1963): Explicit concurrent mark sweep GC freed 227404(15MB) AllocSpace objects, 0(0B) LOS objects, 26% free, 10MB/14MB, paused 304us total 96.548ms
I/ThermalEngine(  405): ACTION: GPU - Setting GPU[0] to 389000000
I/ThermalEngine(  405): Mitigation:GPU[0]:389000000 Hz
I/ThermalEngine(  405): ACTION: CPU - Setting CPU[0] to 1267200
I/ThermalEngine(  405): ACTION: CPU - Setting CPU[1] to 1267200
I/ThermalEngine(  405): ACTION: CPU - Setting CPU[2] to 1267200
I/ThermalEngine(  405): ACTION: CPU - Setting CPU[3] to 1267200
I/dex2oat ( 1963): dex2oat took 23.159s (threads: 4) arena alloc=2MB java alloc=10MB native alloc=66MB free=17MB
I/SamplingProfilerIntegration( 1910): Profiling disabled.
D/Zygote  ( 1910): begin preload
I/Zygote  ( 1910): Preloading classes...
I/art     ( 1910): Explicit concurrent mark sweep GC freed 798(36KB) AllocSpace objects, 0(0B) LOS objects, 95% free, 44KB/1068KB, paused 191us total 5.721ms
I/art     ( 1910): Counter: 1
E/Minikin ( 1910): addFont failed to create font /system/fonts/NanumGothic.ttf
E/Minikin ( 1910): addFont failed to create font /system/fonts/DroidSansFallback.ttf
I/art     ( 1910): Thread[1,tid=1910,WaitingForJniOnLoad,Thread*=0xb4827800,peer=0x12c31100,"main"] recursive attempt to load library "/system/lib/libmedia_jni.so"
D/MtpDeviceJNI( 1910): register_android_mtp_MtpDevice
I/art     ( 1910): Thread[1,tid=1910,WaitingForJniOnLoad,Thread*=0xb4827800,peer=0x12c31100,"main"] recursive attempt to load library "/system/lib/libmedia_jni.so"
I/art     ( 1910): Thread[1,tid=1910,WaitingForJniOnLoad,Thread*=0xb4827800,peer=0x12c31100,"main"] recursive attempt to load library "/system/lib/libmedia_jni.so"
E/EmojiFactory_jni( 1910): Failed to load libemoji.so: dlopen failed: library "libemoji.so" not found
I/System  ( 1910): Loaded time zone names for "" in 74ms (70ms in ICU)
I/System  ( 1910): Loaded time zone names for "en_US" in 56ms (51ms in ICU)
I/art     ( 1910): Explicit concurrent mark sweep GC freed 1383(91KB) AllocSpace objects, 0(0B) LOS objects, 40% free, 1522KB/2MB, paused 198us total 11.594ms
I/Zygote  ( 1910): ...preloaded 3005 classes in 785ms.
I/art     ( 1910): VMRuntime.preloadDexCaches starting
I/art     ( 1910): VMRuntime.preloadDexCaches strings total=212900 before=39564 after=39564
I/art     ( 1910): VMRuntime.preloadDexCaches types total=18329 before=6314 after=6350
I/art     ( 1910): VMRuntime.preloadDexCaches fields total=86557 before=32519 after=32858
I/art     ( 1910): VMRuntime.preloadDexCaches methods total=152670 before=66656 after=67570
I/art     ( 1910): VMRuntime.preloadDexCaches finished
I/art     ( 1910): Counter: 0
I/art     ( 1910): Counter: 1
I/art     ( 1910): Explicit concurrent mark sweep GC freed 39(14KB) AllocSpace objects, 0(0B) LOS objects, 40% free, 1508KB/2MB, paused 197us total 11.841ms
D/idmap   ( 2154): error: no read access to /vendor/overlay: No such file or directory
I/Zygote  ( 1910): Preloading resources...
I/Atfwd_Sendcmd(  415): AtCmdFwd service not ready - Exhausted retry attempts - :6
I/Atfwd_Daemon(  415): result : -1 	 ,Init step :2 	 ,qmiErrorCode: 0
I/art     ( 1910): Explicit concurrent mark sweep GC freed 2821(119KB) AllocSpace objects, 0(0B) LOS objects, 40% free, 23MB/39MB, paused 412us total 17.904ms
I/Zygote  ( 1910): ...preloaded 343 resources in 705ms.
I/art     ( 1910): Explicit concurrent mark sweep GC freed 1021(61KB) AllocSpace objects, 0(0B) LOS objects, 40% free, 23MB/39MB, paused 407us total 14.511ms
I/Zygote  ( 1910): ...preloaded 41 resources in 26ms.
I/art     ( 1910): Counter: 0
D/libEGL  ( 1910): loaded /vendor/lib/egl/libEGL_adreno.so
D/libEGL  ( 1910): loaded /vendor/lib/egl/libGLESv1_CM_adreno.so
I/ThermalEngine(  405): ACTION: GPU - Setting GPU[0] to 500000000
I/ThermalEngine(  405): Mitigation:GPU[0]:500000000 Hz
I/ThermalEngine(  405): ACTION: CPU - Setting CPU[0] to 1497600
I/ThermalEngine(  405): ACTION: CPU - Setting CPU[1] to 1497600
I/ThermalEngine(  405): ACTION: CPU - Setting CPU[2] to 1497600
I/ThermalEngine(  405): ACTION: CPU - Setting CPU[3] to 1497600
D/libEGL  ( 1910): loaded /vendor/lib/egl/libGLESv2_adreno.so
I/Zygote  ( 1910): Preloading shared libraries...
D/Zygote  ( 1910): end preload
I/art     ( 1910): Explicit concurrent mark sweep GC freed 429(18KB) AllocSpace objects, 0(0B) LOS objects, 39% free, 23MB/39MB, paused 350us total 13.467ms
I/art     ( 1910): Explicit concurrent mark sweep GC freed 41(1568B) AllocSpace objects, 0(0B) LOS objects, 40% free, 23MB/39MB, paused 353us total 12.284ms
I/art     ( 1910): Explicit concurrent mark sweep GC freed 5(160B) AllocSpace objects, 0(0B) LOS objects, 40% free, 23MB/39MB, paused 352us total 12.234ms
I/Zygote  ( 1910): System server process 2155 has been created
I/Zygote  ( 1910): Accepting command socket connections
I/InstallerConnection( 2155): connecting...
I/installd(  400): new connection
I/dex2oat ( 2171): /system/bin/dex2oat --zip-fd=6 --zip-location=/system/framework/services.jar --oat-fd=7 --oat-location=/data/dalvik-cache/arm/system@framework@services.jar@classes.dex --instruction-set=arm --instruction-set-features=div --runtime-arg -Xms64m --runtime-arg -Xmx512m --swap-fd=8
I/dex2oat ( 2171): Decided to run without swap.
I/ThermalEngine(  405): ACTION: GPU - Setting GPU[0] to 600000000
I/ThermalEngine(  405): Mitigation:GPU[0]:600000000 Hz
I/ThermalEngine(  405): ACTION: CPU - Setting CPU[0] to 1574400
I/ThermalEngine(  405): ACTION: CPU - Setting CPU[1] to 1574400
I/ThermalEngine(  405): ACTION: CPU - Setting CPU[2] to 1574400
I/ThermalEngine(  405): ACTION: CPU - Setting CPU[3] to 1574400
W/dex2oat ( 2171): Compilation of android.content.pm.PackageParser$Package com.android.server.pm.PackageManagerService.scanPackageDirtyLI(android.content.pm.PackageParser$Package, int, int, long, android.os.UserHandle) took 103.033ms
I/ServiceManager(  415): Waiting for service AtCmdFwd...
I/dex2oat ( 2171): dex2oat took 4.376s (threads: 4) arena alloc=3MB java alloc=4MB native alloc=16MB free=7MB
I/dex2oat ( 2176): /system/bin/dex2oat --zip-fd=6 --zip-location=/system/framework/ethernet-service.jar --oat-fd=7 --oat-location=/data/dalvik-cache/arm/system@framework@ethernet-service.jar@classes.dex --instruction-set=arm --instruction-set-features=div --runtime-arg -Xms64m --runtime-arg -Xmx512m --swap-fd=8
I/dex2oat ( 2176): Decided to run without swap.
I/dex2oat ( 2176): dex2oat took 53.850ms (threads: 4) arena alloc=217KB java alloc=67KB native alloc=1176KB free=6MB
I/dex2oat ( 2181): /system/bin/dex2oat --zip-fd=6 --zip-location=/system/framework/wifi-service.jar --oat-fd=7 --oat-location=/data/dalvik-cache/arm/system@framework@wifi-service.jar@classes.dex --instruction-set=arm --instruction-set-features=div --runtime-arg -Xms64m --runtime-arg -Xmx512m --swap-fd=8
I/dex2oat ( 2181): Decided to run without swap.
I/dex2oat ( 2181): dex2oat took 602.795ms (threads: 4) arena alloc=1770KB java alloc=896KB native alloc=4MB free=3MB
I/InstallerConnection( 2155): disconnecting...
E/installd(  400): eof
E/installd(  400): failed to read size
I/installd(  400): closing connection
I/SystemServer( 2155): Entered the Android system server!
V/Fingerprint-JNI( 2155): FingerprintManager JNI ready.
I/        ( 2155): System server: starting sensor init.
D/SensorService( 2155): nuSensorService starting...
I/SystemServiceManager( 2155): Starting com.android.server.pm.Installer
I/Installer( 2155): Waiting for installd to be ready.
I/InstallerConnection( 2155): connecting...
I/installd(  400): new connection
I/SystemServiceManager( 2155): Starting com.android.server.am.ActivityManagerService$Lifecycle
E/qti_sensors_hal( 2155): SensorsContext: Hal opened lib /system/lib/hw/sensors.oem.so failed!
W/qti_sensors_hal( 2155): addSensor : Add not supported sensors!
W/qti_sensors_hal( 2155): addSensor : Add not supported sensors!
W/qti_sensors_hal( 2155): addSensor : Add not supported sensors!
W/qti_sensors_hal( 2155): addSensor : Add not supported sensors!
W/qti_sensors_hal( 2155): addSensor : Add not supported sensors!
W/qti_sensors_hal( 2155): addSensor : Add not supported sensors!
W/qti_sensors_hal( 2155): addSensor : Add not supported sensors!
W/qti_sensors_hal( 2155): addSensor : Add not supported sensors!
W/qti_sensors_hal( 2155): addSensor : Add not supported sensors!
W/qti_sensors_hal( 2155): addSensor : Add not supported sensors!
W/qti_sensors_hal( 2155): addSensor : Add not supported sensors!
W/qti_sensors_hal( 2155): addSensor : Add not supported sensors!
W/qti_sensors_hal( 2155): addSensor : Add not supported sensors!
W/qti_sensors_hal( 2155): addSensor : Add not supported sensors!
W/qti_sensors_hal( 2155): addSensor : Add not supported sensors!
W/qti_sensors_hal( 2155): addSensor : Add not supported sensors!
W/qti_sensors_hal( 2155): addSensor : Add not supported sensors!
W/qti_sensors_hal( 2155): addSensor : Add not supported sensors!
W/qti_sensors_hal( 2155): addSensor : Add not supported sensors!
W/qti_sensors_hal( 2155): addSensor : Add not supported sensors!
W/qti_sensors_hal( 2155): addSensor : Add not supported sensors!
W/qti_sensors_hal( 2155): addSensor : Add not supported sensors!
W/qti_sensors_hal( 2155): addSensor : Add not supported sensors!
W/qti_sensors_hal( 2155): addSensor : Add not supported sensors!
W/qti_sensors_hal( 2155): addSensor : Add not supported sensors!
W/qti_sensors_hal( 2155): addSensor : Add not supported sensors!
W/qti_sensors_hal( 2155): addSensor : Add not supported sensors!
W/qti_sensors_hal( 2155): addSensor : Add not supported sensors!
W/qti_sensors_hal( 2155): addSensor : Add not supported sensors!
W/qti_sensors_hal( 2155): addSensor : Add not supported sensors!
W/qti_sensors_hal( 2155): addSensor : Add not supported sensors!
W/qti_sensors_hal( 2155): addSensor : Add not supported sensors!
W/qti_sensors_hal( 2155): addSensor : Add not supported sensors!
W/qti_sensors_hal( 2155): addSensor : Add not supported sensors!
W/qti_sensors_hal( 2155): addSensor : Add not supported sensors!
W/qti_sensors_hal( 2155): addSensor : Add not supported sensors!
W/qti_sensors_hal( 2155): addSensor : Add not supported sensors!
W/qti_sensors_hal( 2155): addSensor : Add not supported sensors!
W/qti_sensors_hal( 2155): addSensor : Add not supported sensors!
W/qti_sensors_hal( 2155): addSensor : Add not supported sensors!
W/qti_sensors_hal( 2155): addSensor : Add not supported sensors!
W/qti_sensors_hal( 2155): addSensor : Add not supported sensors!
W/qti_sensors_hal( 2155): addSensor : Add not supported sensors!
W/qti_sensors_hal( 2155): addSensor : Add not supported sensors!
E/qti_sensors_hal( 2155): processSingleSensorInfoResp: The mSensors[handle] is NULL!
E/qti_sensors_hal( 2155): processSingleSensorInfoResp: The mSensors[handle] is NULL!
E/qti_sensors_hal( 2155):  processSingleSensorInfoResp Unknown sensor type: 0
E/qti_sensors_hal( 2155): processSingleSensorInfoResp: The mSensors[handle] is NULL!
E/qti_sensors_hal( 2155): processSingleSensorInfoResp: The mSensors[handle] is NULL!
E/qti_sensors_hal( 2155): OEMAddSensors : The OEM_module is NULL!
I/XXXXXX  ( 2155): choosing minFree values for 32 Bit
I/XXXXXX  ( 2155): choosing minFree values for 32 Bit
I/XXXXXX  ( 2155): choosing minFree values for 32 Bit
I/XXXXXX  ( 2155): choosing minFree values for 32 Bit
I/XXXXXX  ( 2155): choosing minFree values for 32 Bit
I/XXXXXX  ( 2155): choosing minFree values for 32 Bit
I/ActivityManager( 2155): Memory class: 256
I/ServiceManager(  415): Waiting for service AtCmdFwd...
I/IntentFirewall( 2155): Read new rules (A:0 B:0 S:0)
D/AppOps  ( 2155): AppOpsService published
I/SystemServiceManager( 2155): Starting com.android.server.power.PowerManagerService
W/qti_sensors_hal( 2155): sensors_get_sensors_list: handle 72 is not registered!
W/qti_sensors_hal( 2155): sensors_get_sensors_list: handle 73 is not registered!
W/qti_sensors_hal( 2155): sensors_get_sensors_list: handle 90 is not registered!
W/qti_sensors_hal( 2155): sensors_get_sensors_list: handle 89 is not registered!
W/qti_sensors_hal( 2155): sensors_get_sensors_list: handle 32 is not registered!
W/qti_sensors_hal( 2155): sensors_get_sensors_list: handle 37 is not registered!
W/qti_sensors_hal( 2155): sensors_get_sensors_list: handle 38 is not registered!
W/qti_sensors_hal( 2155): sensors_get_sensors_list: handle 40 is not registered!
W/qti_sensors_hal( 2155): sensors_get_sensors_list: handle 42 is not registered!
W/qti_sensors_hal( 2155): sensors_get_sensors_list: handle 47 is not registered!
W/qti_sensors_hal( 2155): sensors_get_sensors_list: handle 48 is not registered!
W/qti_sensors_hal( 2155): sensors_get_sensors_list: handle 49 is not registered!
W/qti_sensors_hal( 2155): sensors_get_sensors_list: handle 50 is not registered!
W/qti_sensors_hal( 2155): sensors_get_sensors_list: handle 51 is not registered!
W/qti_sensors_hal( 2155): sensors_get_sensors_list: handle 57 is not registered!
W/qti_sensors_hal( 2155): sensors_get_sensors_list: handle 64 is not registered!
W/qti_sensors_hal( 2155): sensors_get_sensors_list: handle 65 is not registered!
W/qti_sensors_hal( 2155): sensors_get_sensors_list: handle 68 is not registered!
W/qti_sensors_hal( 2155): sensors_get_sensors_list: handle 71 is not registered!
W/qti_sensors_hal( 2155): sensors_get_sensors_list: handle 74 is not registered!
W/qti_sensors_hal( 2155): sensors_get_sensors_list: handle 70 is not registered!
W/qti_sensors_hal( 2155): sensors_get_sensors_list: handle 76 is not registered!
W/qti_sensors_hal( 2155): sensors_get_sensors_list: handle 79 is not registered!
W/qti_sensors_hal( 2155): sensors_get_sensors_list: handle 80 is not registered!
W/qti_sensors_hal( 2155): sensors_get_sensors_list: handle 81 is not registered!
W/qti_sensors_hal( 2155): sensors_get_sensors_list: handle 82 is not registered!
I/PowerHAL( 2155): power_init
W/qti_sensors_hal( 2155): sensors_get_sensors_list: handle 83 is not registered!
W/qti_sensors_hal( 2155): sensors_get_sensors_list: handle 78 is not registered!
W/qti_sensors_hal( 2155): sensors_get_sensors_list: handle 85 is not registered!
W/qti_sensors_hal( 2155): sensors_get_sensors_list: handle 84 is not registered!
W/qti_sensors_hal( 2155): sensors_get_sensors_list: handle 52 is not registered!
W/qti_sensors_hal( 2155): sensors_get_sensors_list: handle 53 is not registered!
W/qti_sensors_hal( 2155): sensors_get_sensors_list: handle 54 is not registered!
W/qti_sensors_hal( 2155): sensors_get_sensors_list: handle 55 is not registered!
W/qti_sensors_hal( 2155): sensors_get_sensors_list: handle 56 is not registered!
W/qti_sensors_hal( 2155): sensors_get_sensors_list: handle 58 is not registered!
W/qti_sensors_hal( 2155): sensors_get_sensors_list: handle 59 is not registered!
W/qti_sensors_hal( 2155): sensors_get_sensors_list: handle 60 is not registered!
W/qti_sensors_hal( 2155): sensors_get_sensors_list: handle 61 is not registered!
W/qti_sensors_hal( 2155): sensors_get_sensors_list: handle 62 is not registered!
W/libsuspend( 2155): Error writing 'on' to /sys/power/state: Invalid argument
W/qti_sensors_hal( 2155): sensors_get_sensors_list: handle 63 is not registered!
W/qti_sensors_hal( 2155): sensors_get_sensors_list: handle 66 is not registered!
W/qti_sensors_hal( 2155): sensors_get_sensors_list: handle 67 is not registered!
W/qti_sensors_hal( 2155): sensors_get_sensors_list: handle 75 is not registered!
I/libsuspend( 2155): Selected wakeup count
E/PowerHAL( 2155): coresonline: failed to send: No such file or directory
E/PowerHAL( 2155): touch_boost: failed to send: No such file or directory
E/        ( 2155): Reporting Mode incorrect: sensor Invensense Step Detector handle=4 type=18 actual=0 expected=3
E/        ( 2155): Reporting Mode incorrect: sensor Invensense Step Detector-Wakeup Secondary handle=22 type=18 actual=0 expected=3
I/        ( 2155): System server: sensor init done.
D/SensorService( 2155): new thread SensorEventAckReceiver
D/SensorService( 2155): nuSensorService thread starting...
I/SystemServiceManager( 2155): Starting com.android.server.display.DisplayManagerService
I/SystemServiceManager( 2155): Starting phase 100
I/DisplayManagerService( 2155): Display device added: DisplayDeviceInfo{"Built-in Screen": uniqueId="local:0", 1440 x 2560, 60.0 fps, supportedRefreshRates [60.0], density 560, 494.27 x 492.606 dpi, appVsyncOff 7500000, presDeadline 12666667, touch INTERNAL, rotation 0, type BUILT_IN, state UNKNOWN, FLAG_DEFAULT_DISPLAY, FLAG_ROTATES_WITH_CONTENT, FLAG_SECURE, FLAG_SUPPORTS_PROTECTED_BUFFERS}
I/SystemServer( 2155): Package Manager
W/PackageManager( 2155): No security bridge jar found, using default
W/SystemConfig( 2155): No directory /system/etc/sysconfig, skipping
D/SELinuxMMAC( 2155): Using policy file /system/etc/security/mac_permissions.xml
I/dex2oat ( 2211): /system/bin/dex2oat --zip-fd=6 --zip-location=/system/framework/com.google.widevine.software.drm.jar --oat-fd=7 --oat-location=/data/dalvik-cache/arm/system@framework@com.google.widevine.software.drm.jar@classes.dex --instruction-set=arm --instruction-set-features=div --runtime-arg -Xms64m --runtime-arg -Xmx512m --swap-fd=8
I/ThermalEngine(  405): ACTION: CPU - Setting CPU[0] to 1728000
I/ThermalEngine(  405): ACTION: CPU - Setting CPU[1] to 1728000
I/ThermalEngine(  405): ACTION: CPU - Setting CPU[2] to 1728000
I/ThermalEngine(  405): ACTION: CPU - Setting CPU[3] to 1728000
I/dex2oat ( 2211): Decided to run without swap.
I/dex2oat ( 2211): dex2oat took 22.364ms (threads: 4) arena alloc=24KB java alloc=1560B native alloc=486KB free=7MB
I/dex2oat ( 2216): /system/bin/dex2oat --zip-fd=6 --zip-location=/system/framework/com.google.android.media.effects.jar --oat-fd=7 --oat-location=/data/dalvik-cache/arm/system@framework@com.google.android.media.effects.jar@classes.dex --instruction-set=arm --instruction-set-features=div --runtime-arg -Xms64m --runtime-arg -Xmx512m --swap-fd=8
I/dex2oat ( 2216): Decided to run without swap.
I/dex2oat ( 2216): dex2oat took 117.529ms (threads: 4) arena alloc=212KB java alloc=155KB native alloc=1552KB free=6MB
I/dex2oat ( 2221): /system/bin/dex2oat --zip-fd=6 --zip-location=/system/framework/com.android.location.provider.jar --oat-fd=7 --oat-location=/data/dalvik-cache/arm/system@framework@com.android.location.provider.jar@classes.dex --instruction-set=arm --instruction-set-features=div --runtime-arg -Xms64m --runtime-arg -Xmx512m --swap-fd=8
I/dex2oat ( 2221): Decided to run without swap.
I/dex2oat ( 2221): dex2oat took 40.557ms (threads: 4) arena alloc=88KB java alloc=78KB native alloc=1174KB free=6MB
I/dex2oat ( 2226): /system/bin/dex2oat --zip-fd=6 --zip-location=/system/framework/com.google.android.camera2.jar --oat-fd=7 --oat-location=/data/dalvik-cache/arm/system@framework@com.google.android.camera2.jar@classes.dex --instruction-set=arm --instruction-set-features=div --runtime-arg -Xms64m --runtime-arg -Xmx512m --swap-fd=8
I/dex2oat ( 2226): Decided to run without swap.
I/dex2oat ( 2226): dex2oat took 86.643ms (threads: 4) arena alloc=207KB java alloc=91KB native alloc=1368KB free=6MB
I/dex2oat ( 2231): /system/bin/dex2oat --zip-fd=6 --zip-location=/system/framework/com.android.future.usb.accessory.jar --oat-fd=7 --oat-location=/data/dalvik-cache/arm/system@framework@com.android.future.usb.accessory.jar@classes.dex --instruction-set=arm --instruction-set-features=div --runtime-arg -Xms64m --runtime-arg -Xmx512m --swap-fd=8
I/dex2oat ( 2231): Decided to run without swap.
I/dex2oat ( 2231): dex2oat took 31.710ms (threads: 4) arena alloc=94KB java alloc=11KB native alloc=756KB free=7MB
I/dex2oat ( 2236): /system/bin/dex2oat --zip-fd=6 --zip-location=/system/framework/rcsimssettings.jar --oat-fd=7 --oat-location=/data/dalvik-cache/arm/system@framework@rcsimssettings.jar@classes.dex --instruction-set=arm --instruction-set-features=div --runtime-arg -Xms64m --runtime-arg -Xmx512m --swap-fd=8
I/dex2oat ( 2236): Decided to run without swap.
I/dex2oat ( 2236): dex2oat took 56.233ms (threads: 4) arena alloc=93KB java alloc=60KB native alloc=1258KB free=6MB
I/dex2oat ( 2241): /system/bin/dex2oat --zip-fd=6 --zip-location=/system/framework/javax.obex.jar --oat-fd=7 --oat-location=/data/dalvik-cache/arm/system@framework@javax.obex.jar@classes.dex --instruction-set=arm --instruction-set-features=div --runtime-arg -Xms64m --runtime-arg -Xmx512m --swap-fd=8
I/dex2oat ( 2241): Decided to run without swap.
I/dex2oat ( 2241): dex2oat took 67.245ms (threads: 4) arena alloc=989KB java alloc=39KB native alloc=2MB free=5MB
I/dex2oat ( 2246): /system/bin/dex2oat --zip-fd=6 --zip-location=/system/framework/com.verizon.ims.jar --oat-fd=7 --oat-location=/data/dalvik-cache/arm/system@framework@com.verizon.ims.jar@classes.dex --instruction-set=arm --instruction-set-features=div --runtime-arg -Xms64m --runtime-arg -Xmx512m --swap-fd=8
I/ServiceManager(  415): Waiting for service AtCmdFwd...
I/dex2oat ( 2246): Decided to run without swap.
I/dex2oat ( 2246): dex2oat took 22.641ms (threads: 4) arena alloc=33KB java alloc=1872B native alloc=489KB free=7MB
I/dex2oat ( 2251): /system/bin/dex2oat --zip-fd=6 --zip-location=/system/framework/javax.btobex.jar --oat-fd=7 --oat-location=/data/dalvik-cache/arm/system@framework@javax.btobex.jar@classes.dex --instruction-set=arm --instruction-set-features=div --runtime-arg -Xms64m --runtime-arg -Xmx512m --swap-fd=8
I/dex2oat ( 2251): Decided to run without swap.
I/dex2oat ( 2251): dex2oat took 114.640ms (threads: 4) arena alloc=472KB java alloc=48KB native alloc=2MB free=5MB
I/dex2oat ( 2256): /system/bin/dex2oat --zip-fd=6 --zip-location=/system/framework/org.simalliance.openmobileapi.jar --oat-fd=7 --oat-location=/data/dalvik-cache/arm/system@framework@org.simalliance.openmobileapi.jar@classes.dex --instruction-set=arm --instruction-set-features=div --runtime-arg -Xms64m --runtime-arg -Xmx512m --swap-fd=8
I/dex2oat ( 2256): Decided to run without swap.
I/dex2oat ( 2256): dex2oat took 122.871ms (threads: 4) arena alloc=96KB java alloc=32KB native alloc=1334KB free=6MB
I/dex2oat ( 2261): /system/bin/dex2oat --zip-fd=6 --zip-location=/system/framework/android.test.runner.jar --oat-fd=7 --oat-location=/data/dalvik-cache/arm/system@framework@android.test.runner.jar@classes.dex --instruction-set=arm --instruction-set-features=div --runtime-arg -Xms64m --runtime-arg -Xmx512m --swap-fd=8
I/dex2oat ( 2261): Decided to run without swap.
I/dex2oat ( 2261): dex2oat took 237.743ms (threads: 4) arena alloc=97KB java alloc=242KB native alloc=1745KB free=6MB
I/dex2oat ( 2266): /system/bin/dex2oat --zip-fd=6 --zip-location=/system/framework/com.google.android.maps.jar --oat-fd=7 --oat-location=/data/dalvik-cache/arm/system@framework@com.google.android.maps.jar@classes.dex --instruction-set=arm --instruction-set-features=div --runtime-arg -Xms64m --runtime-arg -Xmx512m --swap-fd=8
I/dex2oat ( 2266): Decided to run without swap.
I/dex2oat ( 2266): dex2oat took 320.276ms (threads: 4) arena alloc=345KB java alloc=492KB native alloc=2MB free=5MB
I/dex2oat ( 2271): /system/bin/dex2oat --zip-fd=6 --zip-location=/system/framework/com.android.media.remotedisplay.jar --oat-fd=7 --oat-location=/data/dalvik-cache/arm/system@framework@com.android.media.remotedisplay.jar@classes.dex --instruction-set=arm --instruction-set-features=div --runtime-arg -Xms64m --runtime-arg -Xmx512m --swap-fd=8
I/dex2oat ( 2271): Decided to run without swap.
I/dex2oat ( 2271): dex2oat took 29.360ms (threads: 4) arena alloc=93KB java alloc=15KB native alloc=1148KB free=6MB
I/dex2oat ( 2276): /system/bin/dex2oat --zip-fd=6 --zip-location=/system/framework/com.motorola.ims.rcsmanager.jar --oat-fd=7 --oat-location=/data/dalvik-cache/arm/system@framework@com.motorola.ims.rcsmanager.jar@classes.dex --instruction-set=arm --instruction-set-features=div --runtime-arg -Xms64m --runtime-arg -Xmx512m --swap-fd=8
I/dex2oat ( 2276): Decided to run without swap.
I/ServiceManager(  415): Waiting for service AtCmdFwd...
I/dex2oat ( 2276): dex2oat took 42.483ms (threads: 4) arena alloc=80KB java alloc=28KB native alloc=1177KB free=6MB
I/dex2oat ( 2281): /system/bin/dex2oat --zip-fd=6 --zip-location=/system/framework/com.android.mediadrm.signer.jar --oat-fd=7 --oat-location=/data/dalvik-cache/arm/system@framework@com.android.mediadrm.signer.jar@classes.dex --instruction-set=arm --instruction-set-features=div --runtime-arg -Xms64m --runtime-arg -Xmx512m --swap-fd=8
I/dex2oat ( 2281): Decided to run without swap.
I/dex2oat ( 2281): dex2oat took 24.128ms (threads: 4) arena alloc=77KB java alloc=5KB native alloc=1011KB free=7MB
I/dex2oat ( 2286): /system/bin/dex2oat --zip-fd=6 --zip-location=/system/framework/rcsservice.jar --oat-fd=7 --oat-location=/data/dalvik-cache/arm/system@framework@rcsservice.jar@classes.dex --instruction-set=arm --instruction-set-features=div --runtime-arg -Xms64m --runtime-arg -Xmx512m --swap-fd=8
I/dex2oat ( 2286): Decided to run without swap.
I/dex2oat ( 2286): dex2oat took 310.666ms (threads: 4) arena alloc=98KB java alloc=589KB native alloc=2MB free=5MB
I/dex2oat ( 2291): /system/bin/dex2oat --zip-fd=6 --zip-location=/system/framework/am.jar --oat-fd=7 --oat-location=/data/dalvik-cache/arm/system@framework@am.jar@classes.dex --instruction-set=arm --instruction-set-features=div --runtime-arg -Xms64m --runtime-arg -Xmx512m --swap-fd=8
I/dex2oat ( 2291): Decided to run without swap.
I/dex2oat ( 2291): dex2oat took 87.512ms (threads: 4) arena alloc=443KB java alloc=35KB native alloc=1534KB free=6MB
I/dex2oat ( 2296): /system/bin/dex2oat --zip-fd=6 --zip-location=/system/framework/appops.jar --oat-fd=7 --oat-location=/data/dalvik-cache/arm/system@framework@appops.jar@classes.dex --instruction-set=arm --instruction-set-features=div --runtime-arg -Xms64m --runtime-arg -Xmx512m --swap-fd=8
I/dex2oat ( 2296): Decided to run without swap.
I/dex2oat ( 2296): dex2oat took 36.193ms (threads: 4) arena alloc=26KB java alloc=9KB native alloc=500KB free=7MB
I/dex2oat ( 2301): /system/bin/dex2oat --zip-fd=6 --zip-location=/system/framework/appwidget.jar --oat-fd=7 --oat-location=/data/dalvik-cache/arm/system@framework@appwidget.jar@classes.dex --instruction-set=arm --instruction-set-features=div --runtime-arg -Xms64m --runtime-arg -Xmx512m --swap-fd=8
I/dex2oat ( 2301): Decided to run without swap.
I/dex2oat ( 2301): dex2oat took 26.483ms (threads: 4) arena alloc=130KB java alloc=5KB native alloc=1278KB free=6MB
I/dex2oat ( 2306): /system/bin/dex2oat --zip-fd=6 --zip-location=/system/framework/bmgr.jar --oat-fd=7 --oat-location=/data/dalvik-cache/arm/system@framework@bmgr.jar@classes.dex --instruction-set=arm --instruction-set-features=div --runtime-arg -Xms64m --runtime-arg -Xmx512m --swap-fd=8
I/dex2oat ( 2306): Decided to run without swap.
I/dex2oat ( 2306): dex2oat took 41.166ms (threads: 4) arena alloc=109KB java alloc=15KB native alloc=800KB free=7MB
I/dex2oat ( 2311): /system/bin/dex2oat --zip-fd=6 --zip-location=/system/framework/bu.jar --oat-fd=7 --oat-location=/data/dalvik-cache/arm/system@framework@bu.jar@classes.dex --instruction-set=arm --instruction-set-features=div --runtime-arg -Xms64m --runtime-arg -Xmx512m --swap-fd=8
I/dex2oat ( 2311): Decided to run without swap.
I/dex2oat ( 2311): dex2oat took 29.953ms (threads: 4) arena alloc=51KB java alloc=8KB native alloc=495KB free=7MB
I/dex2oat ( 2316): /system/bin/dex2oat --zip-fd=6 --zip-location=/system/framework/com.android.nfc_extras.jar --oat-fd=7 --oat-location=/data/dalvik-cache/arm/system@framework@com.android.nfc_extras.jar@classes.dex --instruction-set=arm --instruction-set-features=div --runtime-arg -Xms64m --runtime-arg -Xmx512m --swap-fd=8
I/dex2oat ( 2316): Decided to run without swap.
I/dex2oat ( 2316): dex2oat took 68.793ms (threads: 4) arena alloc=121KB java alloc=20KB native alloc=1145KB free=6MB
I/dex2oat ( 2321): /system/bin/dex2oat --zip-fd=6 --zip-location=/system/framework/com.verizon.hardware.telephony.ehrpd.jar --oat-fd=7 --oat-location=/data/dalvik-cache/arm/system@framework@com.verizon.hardware.telephony.ehrpd.jar@classes.dex --instruction-set=arm --instruction-set-features=div --runtime-arg -Xms64m --runtime-arg -Xmx512m --swap-fd=8
I/dex2oat ( 2321): Decided to run without swap.
I/dex2oat ( 2321): dex2oat took 20.553ms (threads: 4) arena alloc=23KB java alloc=1648B native alloc=490KB free=7MB
I/dex2oat ( 2326): /system/bin/dex2oat --zip-fd=6 --zip-location=/system/framework/com.verizon.hardware.telephony.lte.jar --oat-fd=7 --oat-location=/data/dalvik-cache/arm/system@framework@com.verizon.hardware.telephony.lte.jar@classes.dex --instruction-set=arm --instruction-set-features=div --runtime-arg -Xms64m --runtime-arg -Xmx512m --swap-fd=8
I/dex2oat ( 2326): Decided to run without swap.
I/dex2oat ( 2326): dex2oat took 20.755ms (threads: 4) arena alloc=23KB java alloc=1648B native alloc=490KB free=7MB
I/dex2oat ( 2331): /system/bin/dex2oat --zip-fd=6 --zip-location=/system/framework/content.jar --oat-fd=7 --oat-location=/data/dalvik-cache/arm/system@framework@content.jar@classes.dex --instruction-set=arm --instruction-set-features=div --runtime-arg -Xms64m --runtime-arg -Xmx512m --swap-fd=8
I/dex2oat ( 2331): Decided to run without swap.
I/dex2oat ( 2331): dex2oat took 76.742ms (threads: 4) arena alloc=168KB java alloc=13KB native alloc=1287KB free=6MB
I/ServiceManager(  415): Waiting for service AtCmdFwd...
I/dex2oat ( 2336): /system/bin/dex2oat --zip-fd=6 --zip-location=/system/framework/dpm.jar --oat-fd=7 --oat-location=/data/dalvik-cache/arm/system@framework@dpm.jar@classes.dex --instruction-set=arm --instruction-set-features=div --runtime-arg -Xms64m --runtime-arg -Xmx512m --swap-fd=8
I/dex2oat ( 2336): Decided to run without swap.
I/dex2oat ( 2336): dex2oat took 29.512ms (threads: 4) arena alloc=26KB java alloc=4KB native alloc=510KB free=7MB
I/dex2oat ( 2341): /system/bin/dex2oat --zip-fd=6 --zip-location=/system/framework/ime.jar --oat-fd=7 --oat-location=/data/dalvik-cache/arm/system@framework@ime.jar@classes.dex --instruction-set=arm --instruction-set-features=div --runtime-arg -Xms64m --runtime-arg -Xmx512m --swap-fd=8
I/dex2oat ( 2341): Decided to run without swap.
I/dex2oat ( 2341): dex2oat took 32.123ms (threads: 4) arena alloc=62KB java alloc=6KB native alloc=513KB free=7MB
I/dex2oat ( 2346): /system/bin/dex2oat --zip-fd=6 --zip-location=/system/framework/input.jar --oat-fd=7 --oat-location=/data/dalvik-cache/arm/system@framework@input.jar@classes.dex --instruction-set=arm --instruction-set-features=div --runtime-arg -Xms64m --runtime-arg -Xmx512m --swap-fd=8
I/dex2oat ( 2346): Decided to run without swap.
I/dex2oat ( 2346): dex2oat took 34.746ms (threads: 4) arena alloc=111KB java alloc=5KB native alloc=755KB free=7MB
I/dex2oat ( 2351): /system/bin/dex2oat --zip-fd=6 --zip-location=/system/framework/media_cmd.jar --oat-fd=7 --oat-location=/data/dalvik-cache/arm/system@framework@media_cmd.jar@classes.dex --instruction-set=arm --instruction-set-features=div --runtime-arg -Xms64m --runtime-arg -Xmx512m --swap-fd=8
I/dex2oat ( 2351): Decided to run without swap.
I/dex2oat ( 2351): dex2oat took 32.491ms (threads: 4) arena alloc=186KB java alloc=31KB native alloc=1021KB free=7MB
I/dex2oat ( 2356): /system/bin/dex2oat --zip-fd=6 --zip-location=/system/framework/monkey.jar --oat-fd=7 --oat-location=/data/dalvik-cache/arm/system@framework@monkey.jar@classes.dex --instruction-set=arm --instruction-set-features=div --runtime-arg -Xms64m --runtime-arg -Xmx512m --swap-fd=8
I/dex2oat ( 2356): Decided to run without swap.
I/dex2oat ( 2356): dex2oat took 125.450ms (threads: 4) arena alloc=941KB java alloc=119KB native alloc=1814KB free=6MB
I/dex2oat ( 2361): /system/bin/dex2oat --zip-fd=6 --zip-location=/system/framework/pm.jar --oat-fd=7 --oat-location=/data/dalvik-cache/arm/system@framework@pm.jar@classes.dex --instruction-set=arm --instruction-set-features=div --runtime-arg -Xms64m --runtime-arg -Xmx512m --swap-fd=8
I/dex2oat ( 2361): Decided to run without swap.
I/ThermalEngine(  405): ACTION: CPU - Setting CPU[0] to 1958400
I/ThermalEngine(  405): ACTION: CPU - Setting CPU[1] to 1958400
I/ThermalEngine(  405): ACTION: CPU - Setting CPU[2] to 1958400
I/ThermalEngine(  405): ACTION: CPU - Setting CPU[3] to 1958400
I/dex2oat ( 2361): dex2oat took 93.807ms (threads: 4) arena alloc=154KB java alloc=38KB native alloc=1379KB free=6MB
I/dex2oat ( 2366): /system/bin/dex2oat --zip-fd=6 --zip-location=/system/framework/requestsync.jar --oat-fd=7 --oat-location=/data/dalvik-cache/arm/system@framework@requestsync.jar@classes.dex --instruction-set=arm --instruction-set-features=div --runtime-arg -Xms64m --runtime-arg -Xmx512m --swap-fd=8
I/dex2oat ( 2366): Decided to run without swap.
I/dex2oat ( 2366): dex2oat took 31.320ms (threads: 4) arena alloc=27KB java alloc=3KB native alloc=500KB free=7MB
I/dex2oat ( 2371): /system/bin/dex2oat --zip-fd=6 --zip-location=/system/framework/settings.jar --oat-fd=7 --oat-location=/data/dalvik-cache/arm/system@framework@settings.jar@classes.dex --instruction-set=arm --instruction-set-features=div --runtime-arg -Xms64m --runtime-arg -Xmx512m --swap-fd=8
I/dex2oat ( 2371): Decided to run without swap.
I/dex2oat ( 2371): dex2oat took 31.620ms (threads: 4) arena alloc=244KB java alloc=5KB native alloc=769KB free=7MB
I/dex2oat ( 2376): /system/bin/dex2oat --zip-fd=6 --zip-location=/system/framework/svc.jar --oat-fd=7 --oat-location=/data/dalvik-cache/arm/system@framework@svc.jar@classes.dex --instruction-set=arm --instruction-set-features=div --runtime-arg -Xms64m --runtime-arg -Xmx512m --swap-fd=8
I/dex2oat ( 2376): Decided to run without swap.
I/dex2oat ( 2376): dex2oat took 66.547ms (threads: 4) arena alloc=58KB java alloc=13KB native alloc=1031KB free=6MB
I/dex2oat ( 2381): /system/bin/dex2oat --zip-fd=6 --zip-location=/system/framework/uiautomator.jar --oat-fd=7 --oat-location=/data/dalvik-cache/arm/system@framework@uiautomator.jar@classes.dex --instruction-set=arm --instruction-set-features=div --runtime-arg -Xms64m --runtime-arg -Xmx512m --swap-fd=8
I/dex2oat ( 2381): Decided to run without swap.
I/dex2oat ( 2381): dex2oat took 191.504ms (threads: 4) arena alloc=259KB java alloc=134KB native alloc=1560KB free=6MB
I/dex2oat ( 2386): /system/bin/dex2oat --zip-fd=6 --zip-location=/system/framework/wm.jar --oat-fd=7 --oat-location=/data/dalvik-cache/arm/system@framework@wm.jar@classes.dex --instruction-set=arm --instruction-set-features=div --runtime-arg -Xms64m --runtime-arg -Xmx512m --swap-fd=8
I/dex2oat ( 2386): Decided to run without swap.
I/dex2oat ( 2386): dex2oat took 29.462ms (threads: 4) arena alloc=26KB java alloc=3KB native alloc=512KB free=7MB
D/PackageManager( 2155): No files in app dir /vendor/overlay
W/Atfwd_Sendcmd(  415): AtCmdFwd service not published, waiting... retryCnt : 1
W/PackageParser( 2155): No actions in intent filter at /system/priv-app/Contacts/Contacts.apk Binary XML file line #356
W/PackageParser( 2155): No actions in intent filter at /system/priv-app/Dialer/Dialer.apk Binary XML file line #167
W/ResourceType( 2155): Failure getting entry for 0x7f08026f (t=7 e=623) (error -75)
W/PackageParser( 2155): Unknown element under <intent-filter>: android at /system/priv-app/Telecom/Telecom.apk Binary XML file line #232
I/PackageManager( 2155): Package com.android.vending at /system/priv-app/Phonesky ignored: updated version 80351200 better than this 80341200
W/PackageManager( 2155): Failed to parse /system/priv-app/Phonesky: null
W/Resources( 2155): Converting to boolean: TypedValue{t=0x3/d=0x2708 "true" a=2 r=0x7f110a30}
I/PackageManager( 2155): Package com.google.android.gms at /system/priv-app/PrebuiltGmsCore ignored: updated version 7571430 better than this 7329438
W/PackageManager( 2155): Failed to parse /system/priv-app/PrebuiltGmsCore: null
I/PackageManager( 2155): Package com.google.android.googlequicksearchbox at /system/priv-app/Velvet ignored: updated version 300407085 better than this 300405825
W/PackageManager( 2155): Failed to parse /system/priv-app/Velvet: null
W/PackageParser( 2155): No actions in intent filter at /system/app/Bluetooth/Bluetooth.apk Binary XML file line #229
W/PackageParser( 2155): Unknown element under <application>: permission at /system/app/Gallery2/Gallery2.apk Binary XML file line #242
W/PackageParser( 2155): Unknown element under <application>: permission at /system/app/Gallery2/Gallery2.apk Binary XML file line #245
W/PackageParser( 2155): <manifest> has more than one <application>
D/PackageManager( 2155): No files in app dir /system/vendor/app
D/PackageManager( 2155): No files in app dir /oem/app
I/SELinux ( 2155): SELinux: Loaded file_contexts from /file_contexts
W/PackageManager( 2155): Package com.google.android.calendar has activity com.android.calendar.GoogleCalendarUriIntentFilter with priority > 0, forcing to 0
W/PackageManager( 2155): Package com.google.android.GoogleCamera desires unavailable shared library com.google.android.gestureservice; ignoring!
W/PackageManager( 2155): Package com.google.android.talk has activity com.google.android.apps.hangouts.phone.HangoutUrlHandlerActivity with priority > 0, forcing to 0
W/PackageManager( 2155): Package com.google.android.talk has activity com.google.android.apps.hangouts.phone.HangoutUrlHandlerActivity with priority > 0, forcing to 0
W/PackageManager( 2155): Package com.google.android.talk has activity com.google.android.apps.hangouts.phone.HangoutUrlHandlerActivity with priority > 0, forcing to 0
W/PackageManager( 2155): Package com.google.android.talk has activity com.google.android.apps.hangouts.phone.ConversationUrlHandlerActivity with priority > 0, forcing to 0
W/PackageManager( 2155): Package com.google.android.talk has activity com.google.android.apps.hangouts.phone.ConversationUrlHandlerActivity with priority > 0, forcing to 0
W/PackageManager( 2155): Package com.google.android.talk has activity com.google.android.apps.hangouts.phone.ConversationUrlHandlerActivity with priority > 0, forcing to 0
W/PackageManager( 2155): Package com.facebook.orca desires unavailable shared library com.amazon.device.messaging; ignoring!
W/PackageManager( 2155): Skipping provider name com.facebook.orca.properties (in package com.facebook.orca): name already used by com.facebook.orca
W/PackageManager( 2155): Permission com.facebook.permission.prod.FB_APP_COMMUNICATION from package com.facebook.orca ignored: original from com.facebook.katana
W/PackageManager( 2155): Permission com.facebook.receiver.permission.ACCESS from package com.facebook.orca ignored: original from com.facebook.katana
I/ThermalEngine(  405): ACTION: CPU - Setting CPU[0] to 2265600
I/ThermalEngine(  405): ACTION: CPU - Setting CPU[1] to 2265600
I/ThermalEngine(  405): ACTION: CPU - Setting CPU[2] to 2265600
I/ThermalEngine(  405): ACTION: CPU - Setting CPU[3] to 2265600
W/PackageParser( 2155): Unknown element under <application>: enable-feature at /data/app/com.weather.Weather-1/base.apk Binary XML file line #122
W/PackageParser( 2155): Unknown element under <application>: enable-feature at /data/app/com.weather.Weather-1/base.apk Binary XML file line #1146
W/PackageManager( 2155): Package com.weather.Weather desires unavailable shared library com.amazon.device.home; ignoring!
W/PackageManager( 2155): Package com.facebook.katana desires unavailable shared library com.amazon.device.messaging; ignoring!
W/Resources( 2155): Converting to boolean: TypedValue{t=0x3/d=0x2d6e "true" a=2 r=0x7f110955}
W/PackageManager( 2155): Package com.google.android.gms desires unavailable shared library com.google.android.ble; ignoring!
W/PackageManager( 2155): Package com.google.android.apps.plus has activity com.google.android.libraries.social.gateway.GatewayActivity with priority > 0, forcing to 0
W/PackageManager( 2155): Package com.google.android.apps.plus has activity com.google.android.libraries.social.gateway.GatewayActivityCollexionsAlias with priority > 0, forcing to 0
D/PackageManager( 2155): No files in app dir /data/app-private
W/PackageManager( 2155): Package com.weather.Weather desires unavailable shared library com.amazon.device.home; ignoring!
W/PackageManager( 2155): Package com.google.android.gms desires unavailable shared library com.google.android.ble; ignoring!
W/PackageManager( 2155): Package com.facebook.katana desires unavailable shared library com.amazon.device.messaging; ignoring!
W/PackageManager( 2155): Package com.facebook.orca desires unavailable shared library com.amazon.device.messaging; ignoring!
W/PackageManager( 2155): Package com.google.android.GoogleCamera desires unavailable shared library com.google.android.gestureservice; ignoring!
I/PackageManager( 2155): Adjusting ABI for : com.google.android.gsf.login to armeabi-v7a
