I/PackageManager( 2155): Running dexopt on: /system/priv-app/GoogleLoginService/GoogleLoginService.apk pkg=com.google.android.gsf.login isa=arm vmSafeMode=false
I/dex2oat ( 2393): /system/bin/dex2oat --zip-fd=6 --zip-location=/system/priv-app/GoogleLoginService/GoogleLoginService.apk --oat-fd=7 --oat-location=/data/dalvik-cache/arm/system@priv-app@GoogleLoginService@GoogleLoginService.apk@classes.dex --instruction-set=arm --instruction-set-features=div --runtime-arg -Xms64m --runtime-arg -Xmx512m --swap-fd=8
I/dex2oat ( 2393): Decided to run without swap.
I/ServiceManager(  415): Waiting for service AtCmdFwd...
I/ThermalEngine(  405): ACTION: CPU - Setting CPU[0] to 2457600
I/ThermalEngine(  405): ACTION: CPU - Setting CPU[1] to 2457600
I/ThermalEngine(  405): ACTION: CPU - Setting CPU[2] to 2457600
I/ThermalEngine(  405): ACTION: CPU - Setting CPU[3] to 2457600
I/ServiceManager(  415): Waiting for service AtCmdFwd...
I/dex2oat ( 2393): dex2oat took 2.098s (threads: 4) arena alloc=139KB java alloc=3MB native alloc=6MB free=9MB
I/PackageManager( 2155): Adjusting ABI for : com.google.android.gsf to armeabi-v7a
I/PackageManager( 2155): Running dexopt on: /system/priv-app/GoogleServicesFramework/GoogleServicesFramework.apk pkg=com.google.android.gsf isa=arm vmSafeMode=false
I/dex2oat ( 2398): /system/bin/dex2oat --zip-fd=6 --zip-location=/system/priv-app/GoogleServicesFramework/GoogleServicesFramework.apk --oat-fd=7 --oat-location=/data/dalvik-cache/arm/system@priv-app@GoogleServicesFramework@GoogleServicesFramework.apk@classes.dex --instruction-set=arm --instruction-set-features=div --runtime-arg -Xms64m --runtime-arg -Xmx512m --swap-fd=8
I/dex2oat ( 2398): Decided to run without swap.
I/ServiceManager(  415): Waiting for service AtCmdFwd...
I/ServiceManager(  415): Waiting for service AtCmdFwd...
I/dex2oat ( 2398): dex2oat took 1.329s (threads: 4) arena alloc=269KB java alloc=1656KB native alloc=4MB free=3MB
I/PackageManager( 2155): Adjusting ABI for : com.google.android.syncadapters.contacts to armeabi-v7a
I/PackageManager( 2155): Running dexopt on: /system/app/GoogleContactsSyncAdapter/GoogleContactsSyncAdapter.apk pkg=com.google.android.syncadapters.contacts isa=arm vmSafeMode=false
I/dex2oat ( 2403): /system/bin/dex2oat --zip-fd=6 --zip-location=/system/app/GoogleContactsSyncAdapter/GoogleContactsSyncAdapter.apk --oat-fd=7 --oat-location=/data/dalvik-cache/arm/system@app@GoogleContactsSyncAdapter@GoogleContactsSyncAdapter.apk@classes.dex --instruction-set=arm --instruction-set-features=div --runtime-arg -Xms64m --runtime-arg -Xmx512m --swap-fd=8
I/dex2oat ( 2403): Decided to run without swap.
I/ThermalEngine(  405): ACTION: CPU - Setting CPU[0] to 2496000
I/ThermalEngine(  405): ACTION: CPU - Setting CPU[1] to 2496000
I/ThermalEngine(  405): ACTION: CPU - Setting CPU[2] to 2496000
I/ThermalEngine(  405): ACTION: CPU - Setting CPU[3] to 2496000
I/dex2oat ( 2403): dex2oat took 407.979ms (threads: 4) arena alloc=893KB java alloc=592KB native alloc=3MB free=4MB
I/PackageManager( 2155): Adjusting ABI for : com.google.android.backuptransport to armeabi-v7a
I/PackageManager( 2155): Running dexopt on: /system/priv-app/GoogleBackupTransport/GoogleBackupTransport.apk pkg=com.google.android.backuptransport isa=arm vmSafeMode=false
I/dex2oat ( 2408): /system/bin/dex2oat --zip-fd=6 --zip-location=/system/priv-app/GoogleBackupTransport/GoogleBackupTransport.apk --oat-fd=7 --oat-location=/data/dalvik-cache/arm/system@priv-app@GoogleBackupTransport@GoogleBackupTransport.apk@classes.dex --instruction-set=arm --instruction-set-features=div --runtime-arg -Xms64m --runtime-arg -Xmx512m --swap-fd=8
I/dex2oat ( 2408): Decided to run without swap.
I/ServiceManager(  415): Waiting for service AtCmdFwd...
I/dex2oat ( 2408): dex2oat took 313.664ms (threads: 4) arena alloc=55KB java alloc=491KB native alloc=2MB free=5MB
I/PackageManager( 2155): Adjusting ABI for : com.qualcomm.atfwd to armeabi-v7a
I/PackageManager( 2155): Running dexopt on: /system/app/atfwd/atfwd.apk pkg=com.qualcomm.atfwd isa=arm vmSafeMode=false
I/dex2oat ( 2413): /system/bin/dex2oat --zip-fd=6 --zip-location=/system/app/atfwd/atfwd.apk --oat-fd=7 --oat-location=/data/dalvik-cache/arm/system@app@atfwd@atfwd.apk@classes.dex --instruction-set=arm --instruction-set-features=div --runtime-arg -Xms64m --runtime-arg -Xmx512m --swap-fd=8
I/dex2oat ( 2413): Decided to run without swap.
I/dex2oat ( 2413): dex2oat took 70.841ms (threads: 4) arena alloc=196KB java alloc=55KB native alloc=1241KB free=6MB
I/PackageManager( 2155): Adjusting ABI for : com.android.keychain to armeabi-v7a
I/PackageManager( 2155): Running dexopt on: /system/app/KeyChain/KeyChain.apk pkg=com.android.keychain isa=arm vmSafeMode=false
I/dex2oat ( 2418): /system/bin/dex2oat --zip-fd=6 --zip-location=/system/app/KeyChain/KeyChain.apk --oat-fd=7 --oat-location=/data/dalvik-cache/arm/system@app@KeyChain@KeyChain.apk@classes.dex --instruction-set=arm --instruction-set-features=div --runtime-arg -Xms64m --runtime-arg -Xmx512m --swap-fd=8
I/dex2oat ( 2418): Decided to run without swap.
I/dex2oat ( 2418): dex2oat took 41.323ms (threads: 4) arena alloc=55KB java alloc=80KB native alloc=1316KB free=6MB
I/PackageManager( 2155): Adjusting ABI for : com.evervolv.widgets to armeabi-v7a
I/PackageManager( 2155): Running dexopt on: /system/app/EVWidgets/EVWidgets.apk pkg=com.evervolv.widgets isa=arm vmSafeMode=false
I/dex2oat ( 2423): /system/bin/dex2oat --zip-fd=6 --zip-location=/system/app/EVWidgets/EVWidgets.apk --oat-fd=7 --oat-location=/data/dalvik-cache/arm/system@app@EVWidgets@EVWidgets.apk@classes.dex --instruction-set=arm --instruction-set-features=div --runtime-arg -Xms64m --runtime-arg -Xmx512m --swap-fd=8
I/dex2oat ( 2423): Decided to run without swap.
I/dex2oat ( 2423): dex2oat took 35.461ms (threads: 4) arena alloc=100KB java alloc=69KB native alloc=1345KB free=6MB
I/PackageManager( 2155): Adjusting ABI for : com.android.server.telecom to armeabi-v7a
I/PackageManager( 2155): Running dexopt on: /system/priv-app/Telecom/Telecom.apk pkg=com.android.server.telecom isa=arm vmSafeMode=false
I/dex2oat ( 2428): /system/bin/dex2oat --zip-fd=6 --zip-location=/system/priv-app/Telecom/Telecom.apk --oat-fd=7 --oat-location=/data/dalvik-cache/arm/system@priv-app@Telecom@Telecom.apk@classes.dex --instruction-set=arm --instruction-set-features=div --runtime-arg -Xms64m --runtime-arg -Xmx512m --swap-fd=8
I/dex2oat ( 2428): Decided to run without swap.
I/dex2oat ( 2428): dex2oat took 185.767ms (threads: 4) arena alloc=77KB java alloc=379KB native alloc=2MB free=5MB
I/PackageManager( 2155): Adjusting ABI for : com.android.inputdevices to armeabi-v7a
I/PackageManager( 2155): Running dexopt on: /system/priv-app/InputDevices/InputDevices.apk pkg=com.android.inputdevices isa=arm vmSafeMode=false
I/dex2oat ( 2433): /system/bin/dex2oat --zip-fd=6 --zip-location=/system/priv-app/InputDevices/InputDevices.apk --oat-fd=7 --oat-location=/data/dalvik-cache/arm/system@priv-app@InputDevices@InputDevices.apk@classes.dex --instruction-set=arm --instruction-set-features=div --runtime-arg -Xms64m --runtime-arg -Xmx512m --swap-fd=8
I/dex2oat ( 2433): Decided to run without swap.
I/dex2oat ( 2433): dex2oat took 18.881ms (threads: 4) arena alloc=23KB java alloc=1984B native alloc=483KB free=7MB
I/PackageManager( 2155): Adjusting ABI for : com.evervolv.toolbox to armeabi-v7a
I/PackageManager( 2155): Running dexopt on: /system/priv-app/EVToolbox/EVToolbox.apk pkg=com.evervolv.toolbox isa=arm vmSafeMode=false
I/dex2oat ( 2438): /system/bin/dex2oat --zip-fd=6 --zip-location=/system/priv-app/EVToolbox/EVToolbox.apk --oat-fd=7 --oat-location=/data/dalvik-cache/arm/system@priv-app@EVToolbox@EVToolbox.apk@classes.dex --instruction-set=arm --instruction-set-features=div --runtime-arg -Xms64m --runtime-arg -Xmx512m --swap-fd=8
I/dex2oat ( 2438): Decided to run without swap.
W/dex2oat ( 2438): Before Android 4.1, method int android.support.v7.internal.widget.ListViewCompat.lookForSelectablePosition(int, boolean) would have incorrectly overridden the package-private method in android.widget.ListView
W/Atfwd_Sendcmd(  415): AtCmdFwd service not published, waiting... retryCnt : 2
I/dex2oat ( 2438): dex2oat took 741.761ms (threads: 4) arena alloc=95KB java alloc=1821KB native alloc=3MB free=4MB
I/PackageManager( 2155): Adjusting ABI for : com.android.location.fused to armeabi-v7a
I/PackageManager( 2155): Running dexopt on: /system/priv-app/FusedLocation/FusedLocation.apk pkg=com.android.location.fused isa=arm vmSafeMode=false
I/dex2oat ( 2443): /system/bin/dex2oat --zip-fd=6 --zip-location=/system/priv-app/FusedLocation/FusedLocation.apk --oat-fd=7 --oat-location=/data/dalvik-cache/arm/system@priv-app@FusedLocation@FusedLocation.apk@classes.dex --instruction-set=arm --instruction-set-features=div --runtime-arg -Xms64m --runtime-arg -Xmx512m --swap-fd=8
I/dex2oat ( 2443): Decided to run without swap.
I/dex2oat ( 2443): dex2oat took 28.411ms (threads: 4) arena alloc=69KB java alloc=44KB native alloc=1300KB free=6MB
I/PackageManager( 2155): Adjusting ABI for : com.android.settings to armeabi-v7a
I/PackageManager( 2155): Running dexopt on: /system/priv-app/Settings/Settings.apk pkg=com.android.settings isa=arm vmSafeMode=false
I/dex2oat ( 2448): /system/bin/dex2oat --zip-fd=6 --zip-location=/system/priv-app/Settings/Settings.apk --oat-fd=7 --oat-location=/data/dalvik-cache/arm/system@priv-app@Settings@Settings.apk@classes.dex --instruction-set=arm --instruction-set-features=div --runtime-arg -Xms64m --runtime-arg -Xmx512m --swap-fd=8
I/dex2oat ( 2448): Decided to run without swap.
I/ThermalEngine(  405): ACTION: CPU - Setting CPU[0] to 2572800
I/ThermalEngine(  405): ACTION: CPU - Setting CPU[1] to 2572800
I/ThermalEngine(  405): ACTION: CPU - Setting CPU[2] to 2572800
I/ThermalEngine(  405): ACTION: CPU - Setting CPU[3] to 2572800
I/dex2oat ( 2448): dex2oat took 1.723s (threads: 4) arena alloc=476KB java alloc=4MB native alloc=6MB free=9MB
I/PackageManager( 2155): Adjusting ABI for : com.qualcomm.timeservice to armeabi-v7a
I/PackageManager( 2155): Running dexopt on: /system/app/TimeService/TimeService.apk pkg=com.qualcomm.timeservice isa=arm vmSafeMode=false
I/dex2oat ( 2453): /system/bin/dex2oat --zip-fd=6 --zip-location=/system/app/TimeService/TimeService.apk --oat-fd=7 --oat-location=/data/dalvik-cache/arm/system@app@TimeService@TimeService.apk@classes.dex --instruction-set=arm --instruction-set-features=div --runtime-arg -Xms64m --runtime-arg -Xmx512m --swap-fd=8
I/dex2oat ( 2453): Decided to run without swap.
I/dex2oat ( 2453): dex2oat took 19.736ms (threads: 4) arena alloc=54KB java alloc=2376B native alloc=491KB free=7MB
I/PackageManager( 2155): Adjusting ABI for : com.android.providers.settings to armeabi-v7a
I/PackageManager( 2155): Running dexopt on: /system/priv-app/SettingsProvider/SettingsProvider.apk pkg=com.android.providers.settings isa=arm vmSafeMode=false
I/dex2oat ( 2458): /system/bin/dex2oat --zip-fd=6 --zip-location=/system/priv-app/SettingsProvider/SettingsProvider.apk --oat-fd=7 --oat-location=/data/dalvik-cache/arm/system@priv-app@SettingsProvider@SettingsProvider.apk@classes.dex --instruction-set=arm --instruction-set-features=div --runtime-arg -Xms64m --runtime-arg -Xmx512m --swap-fd=8
I/dex2oat ( 2458): Decided to run without swap.
I/dex2oat ( 2458): dex2oat took 98.881ms (threads: 4) arena alloc=3MB java alloc=107KB native alloc=3MB free=4MB
I/PackageManager( 2155): Time to scan packages: 15.8 seconds
W/PackageManager( 2155): Not granting permission android.permission.MANAGE_DOCUMENTS to package com.google.android.youtube (protectionLevel=2 flags=0x183e44)
W/PackageManager( 2155): Unknown permission com.google.android.voicesearch.SHORTCUTS_ACCESS in package com.google.android.googlequicksearchbox
W/PackageManager( 2155): Unknown permission com.google.android.voicesearch.ACCESS_SETTINGS in package com.google.android.googlequicksearchbox
W/PackageManager( 2155): Unknown permission com.google.android.ears.permission.WRITE in package com.google.android.googlequicksearchbox
W/PackageManager( 2155): Unknown permission com.google.googlenav.friend.permission.OPT_IN in package com.google.android.googlequicksearchbox
W/PackageManager( 2155): Unknown permission com.google.android.apps.maps.permission.PREFETCH in package com.google.android.googlequicksearchbox
W/PackageManager( 2155): Unknown permission com.google.android.apps.googlevoice.permission.AUTO_SEND in package com.google.android.googlequicksearchbox
W/PackageManager( 2155): Unknown permission com.android.chrome.PRERENDER_URL in package com.google.android.googlequicksearchbox
W/PackageManager( 2155): Unknown permission com.google.android.launcher.permission.CONTENT_REDIRECT in package com.google.android.googlequicksearchbox
W/PackageManager( 2155): Unknown permission com.android.launcher.permission.READ_SETTINGS in package com.google.android.onetimeinitializer
W/PackageManager( 2155): Unknown permission com.android.launcher.permission.WRITE_SETTINGS in package com.google.android.onetimeinitializer
W/PackageManager( 2155): Unknown permission com.motorola.moto.permission.RECEIVE_ACTION_STATE in package com.motorola.triggerenroll
W/PackageManager( 2155): Unknown permission com.motorola.moto.provider.permission.READ_MODES in package com.motorola.triggerenroll
W/PackageManager( 2155): Unknown permission com.motorola.context.permission.CONTEXT in package com.motorola.triggerenroll
W/PackageManager( 2155): Unknown permission com.motorola.permission.WRITE_SECURE_SETTINGS in package com.motorola.triggerenroll
W/PackageManager( 2155): Unknown permission com.motorola.permission.ACCESS_CHECKIN in package com.motorola.triggerenroll
W/PackageManager( 2155): Unknown permission com.motorola.permission.REGISTER_SMART_NOTIFICATIONS in package com.motorola.triggerenroll
W/PackageManager( 2155): Unknown permission com.motorola.contextual.permission.LAUNCH_UI in package com.motorola.triggerenroll
W/PackageManager( 2155): Unknown permission com.motorola.audiomonitor.permission.HELPER_SERVICE in package com.motorola.triggerenroll
W/PackageManager( 2155): Unknown permission com.amazon.device.messaging.permission.RECEIVE in package com.weather.Weather
W/PackageManager( 2155): Not granting permission android.permission.ACCESS_DOWNLOAD_MANAGER to package com.android.browser (protectionLevel=18 flags=0x9be45)
W/PackageManager( 2155): Not granting permission android.permission.SEND_DOWNLOAD_COMPLETED_INTENTS to package com.android.browser (protectionLevel=2 flags=0x9be45)
W/PackageManager( 2155): Not granting permission android.permission.SEND_DOWNLOAD_COMPLETED_INTENTS to package com.android.vending (protectionLevel=2 flags=0x400abec5)
W/PackageManager( 2155): Unknown permission android.permission.SEND_SMS_NO_CONFIRMATION in package com.android.vending
W/PackageManager( 2155): Not granting permission android.permission.BIND_WALLPAPER to package com.android.camera2 (protectionLevel=18 flags=0x58bc45)
W/PackageManager( 2155): Unknown permission android.permission.INSTALL_DRM in package com.android.mms
W/PackageManager( 2155): Unknown permission android.permission.NFC_UNLOCK in package com.android.nfc
W/PackageManager( 2155): Not granting permission android.permission.BIND_APPWIDGET to package com.android.launcher3 (protectionLevel=18 flags=0x483e45)
W/PackageManager( 2155): Unknown permission com.android.launcher.permission.READ_SETTINGS in package com.android.launcher3
W/PackageManager( 2155): Unknown permission com.android.launcher.permission.WRITE_SETTINGS in package com.android.launcher3
W/PackageManager( 2155): Unknown permission com.google.android.email.permission.READ_ATTACHMENT in package com.google.android.gm
W/PackageManager( 2155): Unknown permission com.google.android.email.permission.ACCESS_PROVIDER in package com.google.android.gm
W/PackageManager( 2155): Unknown permission com.motorola.BackupAssistanceClient.permission.BUA_CLIENT_RECEIVERS in package com.motorola.android.buacontactadapter
W/PackageManager( 2155): Unknown permission com.google.android.gallery3d.permission.PICASA_STORE in package com.google.android.apps.plus
W/PackageManager( 2155): Unknown permission com.google.googlenav.friend.permission.OPT_IN in package com.google.android.apps.plus
W/PackageManager( 2155): Unknown permission android.permission.ADD_SYSTEM_SERVICE in package com.pandora.android
W/PackageManager( 2155): Unknown permission android.permission.READ_OWNER_DATA in package com.tmobile.vvm.application
W/PackageManager( 2155): Unknown permission com.android.launcher.permission.READ_SETTINGS in package com.android.onetimeinitializer
W/PackageManager( 2155): Unknown permission com.android.launcher.permission.WRITE_SETTINGS in package com.android.onetimeinitializer
W/PackageManager( 2155): Unknown permission com.google.android.gms.permission.CONTACTS_SYNC_DELEGATION in package com.google.android.syncadapters.contacts
W/PackageManager( 2155): Unknown permission com.chrome.permission.DEVICE_EXTRAS in package com.android.chrome
W/PackageManager( 2155): Unknown permission com.sec.enterprise.knox.MDM_CONTENT_PROVIDER in package com.android.chrome
W/PackageManager( 2155): Unknown permission com.google.android.apps.enterprise.dmagent.permission.AutoSyncPermission in package com.google.android.gms
W/PackageManager( 2155): Unknown permission com.google.android.wearable.READ_SETTINGS in package com.google.android.gms
W/PackageManager( 2155): Not granting permission android.permission.MANAGE_DOCUMENTS to package com.google.android.gms (protectionLevel=2 flags=0xc0483ec5)
W/PackageManager( 2155): Unknown permission com.android.launcher.permission.PRELOAD_WORKSPACE in package com.google.android.partnersetup
W/PackageManager( 2155): Unknown permission android.permission.CANCEL_NOTIFICATIONS in package org.cyanogenmod.theme.chooser
W/PackageManager( 2155): Not granting permission android.permission.DELETE_PACKAGES to package com.svox.pico (protectionLevel=18 flags=0x8be45)
W/PackageManager( 2155): Unknown permission com.google.android.gallery3d.permission.PICASA_STORE in package com.android.dreams.phototable
W/PackageManager( 2155): Unknown permission android.permission.ACCESS_4G_RADIO_DISABLE in package com.evervolv.widgets
W/PackageManager( 2155): Unknown permission android.permission.ACCESS_4G_STATE in package com.evervolv.widgets
W/PackageManager( 2155): Unknown permission android.permission.CHANGE_4G_STATE in package com.evervolv.widgets
W/PackageManager( 2155): Unknown permission com.facebook.pages.app.provider.ACCESS in package com.facebook.katana
W/PackageManager( 2155): Not granting permission android.permission.BATTERY_STATS to package com.facebook.katana (protectionLevel=50 flags=0x583e44)
W/PackageManager( 2155): Unknown permission com.sec.android.provider.badge.permission.READ in package com.facebook.katana
W/PackageManager( 2155): Unknown permission com.sec.android.provider.badge.permission.WRITE in package com.facebook.katana
W/PackageManager( 2155): Unknown permission com.htc.launcher.permission.READ_SETTINGS in package com.facebook.katana
W/PackageManager( 2155): Unknown permission com.htc.launcher.permission.UPDATE_SHORTCUT in package com.facebook.katana
W/PackageManager( 2155): Unknown permission com.sonyericsson.home.permission.BROADCAST_BADGE in package com.facebook.katana
W/PackageManager( 2155): Unknown permission com.facebook.home.permission.WRITE_BADGES in package com.facebook.katana
W/PackageManager( 2155): Unknown permission com.nokia.pushnotifications.permission.RECEIVE in package com.facebook.katana
W/PackageManager( 2155): Unknown permission com.amazon.device.messaging.permission.RECEIVE in package com.facebook.katana
W/PackageManager( 2155): Not granting permission android.permission.CONTROL_KEYGUARD to package com.google.android.gsf.login (protectionLevel=2 flags=0x4048be45)
W/PackageManager( 2155): Unknown permission com.android.vending.billing.IBillingAccountService.BIND2 in package com.google.android.gsf.login
W/PackageManager( 2155): Not granting permission android.permission.BATTERY_STATS to package com.facebook.orca (protectionLevel=50 flags=0x83e44)
W/PackageManager( 2155): Unknown permission com.sec.android.provider.badge.permission.READ in package com.facebook.orca
W/PackageManager( 2155): Unknown permission com.sec.android.provider.badge.permission.WRITE in package com.facebook.orca
W/PackageManager( 2155): Unknown permission com.htc.launcher.permission.READ_SETTINGS in package com.facebook.orca
W/PackageManager( 2155): Unknown permission com.htc.launcher.permission.UPDATE_SHORTCUT in package com.facebook.orca
W/PackageManager( 2155): Unknown permission com.sonyericsson.home.permission.BROADCAST_BADGE in package com.facebook.orca
W/PackageManager( 2155): Unknown permission com.facebook.home.permission.WRITE_BADGES in package com.facebook.orca
W/PackageManager( 2155): Unknown permission com.nokia.pushnotifications.permission.RECEIVE in package com.facebook.orca
W/PackageManager( 2155): Unknown permission com.amazon.device.messaging.permission.RECEIVE in package com.facebook.orca
W/PackageManager( 2155): Unknown permission com.android.launcher.permission.READ_SETTINGS in package com.android.settings
W/PackageManager( 2155): Unknown permission com.android.launcher.permission.WRITE_SETTINGS in package com.android.settings
W/PackageManager( 2155): Unknown permission android.permission.STORAGE in package com.tinder
W/PackageManager( 2155): Not granting permission android.permission.REGISTER_CONNECTION_MANAGER to package com.google.android.talk (protectionLevel=18 flags=0x49be44)
W/PackageManager( 2155): Not granting permission android.permission.DEVICE_POWER to package com.android.deskclock (protectionLevel=2 flags=0x48be45)
W/PackageManager( 2155): Unknown permission com.sec.android.provider.badge.permission.READ in package com.ebay.mobile
W/PackageManager( 2155): Unknown permission com.sec.android.provider.badge.permission.WRITE in package com.ebay.mobile
W/PackageManager( 2155): Not granting permission android.permission.INTERACT_ACROSS_USERS to package com.google.android.apps.gcs (protectionLevel=50 flags=0x83e44)
W/PackageManager( 2155): Not granting permission android.permission.GET_APP_OPS_STATS to package com.google.android.apps.gcs (protectionLevel=50 flags=0x83e44)
W/PackageManager( 2155): Not granting permission android.permission.UPDATE_APP_OPS_STATS to package com.google.android.apps.gcs (protectionLevel=18 flags=0x83e44)
W/PackageManager( 2155): Not granting permission android.permission.ACCESS_NETWORK_CONDITIONS to package com.google.android.apps.gcs (protectionLevel=18 flags=0x83e44)
W/PackageManager( 2155): Not granting permission android.permission.READ_WIFI_CREDENTIAL to package com.google.android.apps.gcs (protectionLevel=18 flags=0x83e44)
W/PackageManager( 2155): Not granting permission android.permission.SCORE_NETWORKS to package com.google.android.apps.gcs (protectionLevel=18 flags=0x83e44)
W/PackageManager( 2155): Not granting permission android.permission.CONTROL_VPN to package com.google.android.apps.gcs (protectionLevel=18 flags=0x83e44)
W/PackageManager( 2155): Not granting permission android.permission.BLUETOOTH_PRIVILEGED to package com.google.android.apps.gcs (protectionLevel=18 flags=0x83e44)
W/PackageManager( 2155): Not granting permission android.permission.BIND_WALLPAPER to package com.google.android.GoogleCamera (protectionLevel=18 flags=0x583c44)
V/PackageManager( 2155): Disabling com.google.android.gsf/com.google.android.gsf.update.SystemUpdateActivity
V/PackageManager( 2155): Disabling com.google.android.gsf/com.google.android.gsf.update.SystemUpdateService$Receiver
V/PackageManager( 2155): Disabling com.google.android.gsf/com.google.android.gsf.update.SystemUpdateService$SecretCodeReceiver
V/PackageManager( 2155): Disabling com.google.android.gms/com.google.android.gms.update.SystemUpdateActivity
V/PackageManager( 2155): Disabling com.google.android.gms/com.google.android.gms.update.SystemUpdateService$Receiver
V/PackageManager( 2155): Disabling com.google.android.gms/com.google.android.gms.update.SystemUpdateService$ActiveReceiver
V/PackageManager( 2155): Disabling com.google.android.gms/com.google.android.gms.update.SystemUpdateService$SecretCodeReceiver
V/PackageManager( 2155): Enabling com.google.android.gsf/com.google.android.gsf.update.SystemUpdateService
V/PackageManager( 2155): Enabling com.google.android.gms/com.google.android.gms.update.SystemUpdateService
I/art     ( 2155): Explicit concurrent mark sweep GC freed 184301(10MB) AllocSpace objects, 3(48KB) LOS objects, 31% free, 34MB/50MB, paused 893us total 56.449ms
I/SystemServer( 2155): User Service
E/SELinux (  279): avc:  denied  { add } for service=processinfo scontext=u:r:system_server:s0 tcontext=u:object_r:default_android_service:s0 tclass=service_manager
E/ServiceManager(  279): add_service('processinfo',17) uid=1000 - PERMISSION DENIED
E/System  ( 2155): ******************************************
E/System  ( 2155): ************ Failure starting system services
E/System  ( 2155): java.lang.SecurityException
E/System  ( 2155): 	at android.os.BinderProxy.transactNative(Native Method)
E/System  ( 2155): 	at android.os.BinderProxy.transact(Binder.java:496)
E/System  ( 2155): 	at android.os.ServiceManagerProxy.addService(ServiceManagerNative.java:150)
E/System  ( 2155): 	at android.os.ServiceManager.addService(ServiceManager.java:72)
E/System  ( 2155): 	at com.android.server.am.ActivityManagerService.setSystemProcess(ActivityManagerService.java:1937)
E/System  ( 2155): 	at com.android.server.SystemServer.startBootstrapServices(SystemServer.java:371)
E/System  ( 2155): 	at com.android.server.SystemServer.run(SystemServer.java:264)
E/System  ( 2155): 	at com.android.server.SystemServer.main(SystemServer.java:180)
E/System  ( 2155): 	at java.lang.reflect.Method.invoke(Native Method)
E/System  ( 2155): 	at java.lang.reflect.Method.invoke(Method.java:372)
E/System  ( 2155): 	at com.android.internal.os.ZygoteInit$MethodAndArgsCaller.run(ZygoteInit.java:903)
E/System  ( 2155): 	at com.android.internal.os.ZygoteInit.main(ZygoteInit.java:698)
D/AndroidRuntime( 2155): Shutting down VM
E/AndroidRuntime( 2155): *** FATAL EXCEPTION IN SYSTEM PROCESS: main
E/AndroidRuntime( 2155): java.lang.SecurityException
E/AndroidRuntime( 2155): 	at android.os.BinderProxy.transactNative(Native Method)
E/AndroidRuntime( 2155): 	at android.os.BinderProxy.transact(Binder.java:496)
E/AndroidRuntime( 2155): 	at android.os.ServiceManagerProxy.addService(ServiceManagerNative.java:150)
E/AndroidRuntime( 2155): 	at android.os.ServiceManager.addService(ServiceManager.java:72)
E/AndroidRuntime( 2155): 	at com.android.server.am.ActivityManagerService.setSystemProcess(ActivityManagerService.java:1937)
E/AndroidRuntime( 2155): 	at com.android.server.SystemServer.startBootstrapServices(SystemServer.java:371)
E/AndroidRuntime( 2155): 	at com.android.server.SystemServer.run(SystemServer.java:264)
E/AndroidRuntime( 2155): 	at com.android.server.SystemServer.main(SystemServer.java:180)
E/AndroidRuntime( 2155): 	at java.lang.reflect.Method.invoke(Native Method)
E/AndroidRuntime( 2155): 	at java.lang.reflect.Method.invoke(Method.java:372)
E/AndroidRuntime( 2155): 	at com.android.internal.os.ZygoteInit$MethodAndArgsCaller.run(ZygoteInit.java:903)
E/AndroidRuntime( 2155): 	at com.android.internal.os.ZygoteInit.main(ZygoteInit.java:698)
I/Process ( 2155): Sending signal. PID: 2155 SIG: 9
I/ServiceManager(  279): service 'sensorservice' died
I/ServiceManager(  279): service 'meminfo' died
I/ServiceManager(  279): service 'gfxinfo' died
I/ServiceManager(  279): service 'batterystats' died
I/ServiceManager(  279): service 'appops' died
I/ServiceManager(  279): service 'power' died
I/ServiceManager(  279): service 'display' died
I/ServiceManager(  279): service 'package' died
I/ServiceManager(  279): service 'activity' died
I/ServiceManager(  279): service 'procstats' died
I/ServiceManager(  279): service 'user' died
I/ServiceManager(  279): service 'dbinfo' died
I/ServiceManager(  279): service 'cpuinfo' died
E/installd(  400): eof
I/ServiceManager(  279): service 'permission' died
E/installd(  400): failed to read size
I/installd(  400): closing connection
E/Zygote  ( 1910): Exit zygote because system server (2155) has terminated
E/QC-QMI  (  403): qmuxd: RX on fd=24 returned error=0 errno[2:No such file or directory]
I/Netd    ( 2466): Netd 1.0 starting
E/QC-QMI  (  403): qmi_ctl_rx_msg.c Can't find txn info for txn_id = 53
D/AndroidRuntime( 2464): >>>>>> START com.android.internal.os.ZygoteInit uid 0 <<<<<<
D/AndroidRuntime( 2464): CheckJNI is OFF
I/art     ( 2464): option[0]=-Xzygote
I/art     ( 2464): option[1]=-Xstacktracefile:/data/anr/traces.txt
I/art     ( 2464): option[2]=exit
I/art     ( 2464): option[3]=vfprintf
I/art     ( 2464): option[4]=sensitiveThread
I/art     ( 2464): option[5]=-verbose:gc
I/art     ( 2464): option[6]=-Xms8m
I/art     ( 2464): option[7]=-Xmx512m
I/art     ( 2464): option[8]=-XX:mainThreadStackSize=24K
I/art     ( 2464): option[9]=-XX:HeapGrowthLimit=256m
I/art     ( 2464): option[10]=-XX:HeapMinFree=512k
I/art     ( 2464): option[11]=-XX:HeapMaxFree=8m
I/art     ( 2464): option[12]=-XX:HeapTargetUtilization=0.75
I/art     ( 2464): option[13]=-Xgenregmap
I/art     ( 2464): option[14]=-Xgc:precise
I/art     ( 2464): option[15]=-agentlib:jdwp=transport=dt_android_adb,suspend=n,server=y
I/art     ( 2464): option[16]=-Ximage-compiler-option
I/art     ( 2464): option[17]=--runtime-arg
I/art     ( 2464): option[18]=-Ximage-compiler-option
I/art     ( 2464): option[19]=-Xms64m
I/art     ( 2464): option[20]=-Ximage-compiler-option
I/art     ( 2464): option[21]=--runtime-arg
I/art     ( 2464): option[22]=-Ximage-compiler-option
I/art     ( 2464): option[23]=-Xmx64m
I/art     ( 2464): option[24]=-Ximage-compiler-option
I/art     ( 2464): option[25]=--image-classes=/system/etc/preloaded-classes
I/art     ( 2464): option[26]=-Xcompiler-option
I/art     ( 2464): option[27]=--runtime-arg
I/art     ( 2464): option[28]=-Xcompiler-option
I/art     ( 2464): option[29]=-Xms64m
I/art     ( 2464): option[30]=-Xcompiler-option
I/art     ( 2464): option[31]=--runtime-arg
I/art     ( 2464): option[32]=-Xcompiler-option
I/art     ( 2464): option[33]=-Xmx512m
I/art     ( 2464): option[34]=-Duser.language=en
I/art     ( 2464): option[35]=-Duser.region=US
I/mediaserver( 2467): ServiceManager: 0xb58700c0
I/AudioFlinger( 2467): Using default 3000 mSec as standby time.
E/ServiceManager(  279): add_service('media.audio_flinger',9) uid=1013 - ALREADY REGISTERED, OVERRIDE
I/ServiceManager(  279): service 'media.audio_flinger' died
I/ServiceManager( 2467): Waiting for service batterystats...
I/ServiceManager(  279): service 'media.player' died
I/ServiceManager(  279): service 'media.camera' died
I/SamplingProfilerIntegration( 2464): Profiling disabled.
D/Zygote  ( 2464): begin preload
I/Zygote  ( 2464): Preloading classes...
I/art     ( 2464): Explicit concurrent mark sweep GC freed 798(36KB) AllocSpace objects, 0(0B) LOS objects, 95% free, 44KB/1068KB, paused 98us total 2.870ms
I/art     ( 2464): Counter: 1
E/Minikin ( 2464): addFont failed to create font /system/fonts/NanumGothic.ttf
E/Minikin ( 2464): addFont failed to create font /system/fonts/DroidSansFallback.ttf
I/art     ( 2464): Thread[1,tid=2464,WaitingForJniOnLoad,Thread*=0xb4827800,peer=0x12c31100,"main"] recursive attempt to load library "/system/lib/libmedia_jni.so"
D/MtpDeviceJNI( 2464): register_android_mtp_MtpDevice
I/art     ( 2464): Thread[1,tid=2464,WaitingForJniOnLoad,Thread*=0xb4827800,peer=0x12c31100,"main"] recursive attempt to load library "/system/lib/libmedia_jni.so"
I/art     ( 2464): Thread[1,tid=2464,WaitingForJniOnLoad,Thread*=0xb4827800,peer=0x12c31100,"main"] recursive attempt to load library "/system/lib/libmedia_jni.so"
E/EmojiFactory_jni( 2464): Failed to load libemoji.so: dlopen failed: library "libemoji.so" not found
I/System  ( 2464): Loaded time zone names for "" in 45ms (42ms in ICU)
V/NatController( 2466): runCmd(/system/bin/iptables -F natctrl_FORWARD) res=0
V/NatController( 2466): runCmd(/system/bin/iptables -A natctrl_FORWARD -j DROP) res=0
V/NatController( 2466): runCmd(/system/bin/iptables -t nat -F natctrl_nat_POSTROUTING) res=0
V/NatController( 2466): runCmd(/system/bin/iptables -F natctrl_tether_counters) res=0
V/NatController( 2466): runCmd(/system/bin/iptables -X natctrl_tether_counters) res=0
V/NatController( 2466): runCmd(/system/bin/iptables -N natctrl_tether_counters) res=0
V/NatController( 2466): runCmd(/system/bin/iptables -t mangle -A natctrl_mangle_FORWARD -p tcp --tcp-flags SYN SYN -j TCPMSS --clamp-mss-to-pmtu) res=0
I/System  ( 2464): Loaded time zone names for "en_US" in 31ms (29ms in ICU)
I/art     ( 2464): Explicit concurrent mark sweep GC freed 1550(109KB) AllocSpace objects, 0(0B) LOS objects, 40% free, 1522KB/2MB, paused 105us total 6.501ms
I/Zygote  ( 2464): ...preloaded 3005 classes in 471ms.
I/art     ( 2464): VMRuntime.preloadDexCaches starting
I/art     ( 2464): VMRuntime.preloadDexCaches strings total=212900 before=39564 after=39564
I/art     ( 2464): VMRuntime.preloadDexCaches types total=18329 before=6314 after=6350
I/art     ( 2464): VMRuntime.preloadDexCaches fields total=86557 before=32519 after=32858
I/art     ( 2464): VMRuntime.preloadDexCaches methods total=152670 before=66656 after=67570
I/art     ( 2464): VMRuntime.preloadDexCaches finished
I/art     ( 2464): Counter: 0
I/art     ( 2464): Counter: 1
I/art     ( 2464): Explicit concurrent mark sweep GC freed 47(14KB) AllocSpace objects, 0(0B) LOS objects, 40% free, 1508KB/2MB, paused 99us total 5.970ms
D/idmap   ( 2646): error: no read access to /vendor/overlay: No such file or directory
I/Zygote  ( 2464): Preloading resources...
D/MDnsDS  ( 2466): MDnsSdListener::Hander starting up
D/MDnsDS  ( 2466): MDnsSdListener starting to monitor
D/MDnsDS  ( 2466): Going to poll with pollCount 1
I/ServiceManager( 2467): Waiting for service batterystats...
I/art     ( 2464): Explicit concurrent mark sweep GC freed 5625(211KB) AllocSpace objects, 0(0B) LOS objects, 40% free, 23MB/39MB, paused 225us total 12.586ms
I/Zygote  ( 2464): ...preloaded 343 resources in 403ms.
I/art     ( 2464): Explicit concurrent mark sweep GC freed 1258(76KB) AllocSpace objects, 0(0B) LOS objects, 40% free, 23MB/39MB, paused 313us total 10.815ms
I/Zygote  ( 2464): ...preloaded 41 resources in 22ms.
I/art     ( 2464): Counter: 0
D/libEGL  ( 2464): loaded /vendor/lib/egl/libEGL_adreno.so
D/libEGL  ( 2464): loaded /vendor/lib/egl/libGLESv1_CM_adreno.so
D/libEGL  ( 2464): loaded /vendor/lib/egl/libGLESv2_adreno.so
I/Zygote  ( 2464): Preloading shared libraries...
D/Zygote  ( 2464): end preload
I/art     ( 2464): Explicit concurrent mark sweep GC freed 429(18KB) AllocSpace objects, 0(0B) LOS objects, 39% free, 23MB/39MB, paused 217us total 10.344ms
I/art     ( 2464): Explicit concurrent mark sweep GC freed 41(1568B) AllocSpace objects, 0(0B) LOS objects, 40% free, 23MB/39MB, paused 219us total 9.349ms
I/art     ( 2464): Explicit concurrent mark sweep GC freed 5(160B) AllocSpace objects, 0(0B) LOS objects, 40% free, 23MB/39MB, paused 218us total 9.305ms
I/Zygote  ( 2464): System server process 2692 has been created
I/Zygote  ( 2464): Accepting command socket connections
I/InstallerConnection( 2692): disconnecting...
I/SystemServer( 2692): Entered the Android system server!
V/Fingerprint-JNI( 2692): FingerprintManager JNI ready.
I/        ( 2692): System server: starting sensor init.
D/SensorService( 2692): nuSensorService starting...
I/SystemServiceManager( 2692): Starting com.android.server.pm.Installer
I/Installer( 2692): Waiting for installd to be ready.
I/InstallerConnection( 2692): connecting...
I/installd(  400): new connection
I/SystemServiceManager( 2692): Starting com.android.server.am.ActivityManagerService$Lifecycle
E/qti_sensors_hal( 2692): SensorsContext: Hal opened lib /system/lib/hw/sensors.oem.so failed!
W/qti_sensors_hal( 2692): addSensor : Add not supported sensors!
W/qti_sensors_hal( 2692): addSensor : Add not supported sensors!
W/qti_sensors_hal( 2692): addSensor : Add not supported sensors!
W/qti_sensors_hal( 2692): addSensor : Add not supported sensors!
W/qti_sensors_hal( 2692): addSensor : Add not supported sensors!
W/qti_sensors_hal( 2692): addSensor : Add not supported sensors!
W/qti_sensors_hal( 2692): addSensor : Add not supported sensors!
W/qti_sensors_hal( 2692): addSensor : Add not supported sensors!
W/qti_sensors_hal( 2692): addSensor : Add not supported sensors!
W/qti_sensors_hal( 2692): addSensor : Add not supported sensors!
W/qti_sensors_hal( 2692): addSensor : Add not supported sensors!
W/qti_sensors_hal( 2692): addSensor : Add not supported sensors!
W/qti_sensors_hal( 2692): addSensor : Add not supported sensors!
W/qti_sensors_hal( 2692): addSensor : Add not supported sensors!
W/qti_sensors_hal( 2692): addSensor : Add not supported sensors!
W/qti_sensors_hal( 2692): addSensor : Add not supported sensors!
W/qti_sensors_hal( 2692): addSensor : Add not supported sensors!
W/qti_sensors_hal( 2692): addSensor : Add not supported sensors!
W/qti_sensors_hal( 2692): addSensor : Add not supported sensors!
W/qti_sensors_hal( 2692): addSensor : Add not supported sensors!
W/qti_sensors_hal( 2692): addSensor : Add not supported sensors!
W/qti_sensors_hal( 2692): addSensor : Add not supported sensors!
W/qti_sensors_hal( 2692): addSensor : Add not supported sensors!
W/qti_sensors_hal( 2692): addSensor : Add not supported sensors!
W/qti_sensors_hal( 2692): addSensor : Add not supported sensors!
W/qti_sensors_hal( 2692): addSensor : Add not supported sensors!
W/qti_sensors_hal( 2692): addSensor : Add not supported sensors!
W/qti_sensors_hal( 2692): addSensor : Add not supported sensors!
W/qti_sensors_hal( 2692): addSensor : Add not supported sensors!
W/qti_sensors_hal( 2692): addSensor : Add not supported sensors!
W/qti_sensors_hal( 2692): addSensor : Add not supported sensors!
W/qti_sensors_hal( 2692): addSensor : Add not supported sensors!
W/qti_sensors_hal( 2692): addSensor : Add not supported sensors!
W/qti_sensors_hal( 2692): addSensor : Add not supported sensors!
W/qti_sensors_hal( 2692): addSensor : Add not supported sensors!
W/qti_sensors_hal( 2692): addSensor : Add not supported sensors!
W/qti_sensors_hal( 2692): addSensor : Add not supported sensors!
W/qti_sensors_hal( 2692): addSensor : Add not supported sensors!
W/qti_sensors_hal( 2692): addSensor : Add not supported sensors!
W/qti_sensors_hal( 2692): addSensor : Add not supported sensors!
W/qti_sensors_hal( 2692): addSensor : Add not supported sensors!
W/qti_sensors_hal( 2692): addSensor : Add not supported sensors!
W/qti_sensors_hal( 2692): addSensor : Add not supported sensors!
W/qti_sensors_hal( 2692): addSensor : Add not supported sensors!
E/qti_sensors_hal( 2692): processSingleSensorInfoResp: The mSensors[handle] is NULL!
E/qti_sensors_hal( 2692): processSingleSensorInfoResp: The mSensors[handle] is NULL!
E/qti_sensors_hal( 2692):  processSingleSensorInfoResp Unknown sensor type: 0
E/qti_sensors_hal( 2692): processSingleSensorInfoResp: The mSensors[handle] is NULL!
E/qti_sensors_hal( 2692): processSingleSensorInfoResp: The mSensors[handle] is NULL!
E/qti_sensors_hal( 2692): OEMAddSensors : The OEM_module is NULL!
I/XXXXXX  ( 2692): choosing minFree values for 32 Bit
I/XXXXXX  ( 2692): choosing minFree values for 32 Bit
I/XXXXXX  ( 2692): choosing minFree values for 32 Bit
I/XXXXXX  ( 2692): choosing minFree values for 32 Bit
I/XXXXXX  ( 2692): choosing minFree values for 32 Bit
I/XXXXXX  ( 2692): choosing minFree values for 32 Bit
I/ActivityManager( 2692): Memory class: 256
I/IntentFirewall( 2692): Read new rules (A:0 B:0 S:0)
D/AppOps  ( 2692): AppOpsService published
I/SystemServiceManager( 2692): Starting com.android.server.power.PowerManagerService
W/qti_sensors_hal( 2692): sensors_get_sensors_list: handle 72 is not registered!
W/qti_sensors_hal( 2692): sensors_get_sensors_list: handle 73 is not registered!
W/qti_sensors_hal( 2692): sensors_get_sensors_list: handle 90 is not registered!
W/qti_sensors_hal( 2692): sensors_get_sensors_list: handle 89 is not registered!
W/qti_sensors_hal( 2692): sensors_get_sensors_list: handle 32 is not registered!
W/qti_sensors_hal( 2692): sensors_get_sensors_list: handle 37 is not registered!
W/qti_sensors_hal( 2692): sensors_get_sensors_list: handle 38 is not registered!
W/qti_sensors_hal( 2692): sensors_get_sensors_list: handle 40 is not registered!
W/qti_sensors_hal( 2692): sensors_get_sensors_list: handle 42 is not registered!
W/qti_sensors_hal( 2692): sensors_get_sensors_list: handle 47 is not registered!
W/qti_sensors_hal( 2692): sensors_get_sensors_list: handle 48 is not registered!
W/qti_sensors_hal( 2692): sensors_get_sensors_list: handle 49 is not registered!
W/qti_sensors_hal( 2692): sensors_get_sensors_list: handle 50 is not registered!
W/qti_sensors_hal( 2692): sensors_get_sensors_list: handle 51 is not registered!
W/qti_sensors_hal( 2692): sensors_get_sensors_list: handle 57 is not registered!
W/qti_sensors_hal( 2692): sensors_get_sensors_list: handle 64 is not registered!
W/qti_sensors_hal( 2692): sensors_get_sensors_list: handle 65 is not registered!
W/qti_sensors_hal( 2692): sensors_get_sensors_list: handle 68 is not registered!
W/qti_sensors_hal( 2692): sensors_get_sensors_list: handle 71 is not registered!
W/qti_sensors_hal( 2692): sensors_get_sensors_list: handle 74 is not registered!
W/qti_sensors_hal( 2692): sensors_get_sensors_list: handle 70 is not registered!
W/qti_sensors_hal( 2692): sensors_get_sensors_list: handle 76 is not registered!
W/qti_sensors_hal( 2692): sensors_get_sensors_list: handle 79 is not registered!
W/qti_sensors_hal( 2692): sensors_get_sensors_list: handle 80 is not registered!
W/qti_sensors_hal( 2692): sensors_get_sensors_list: handle 81 is not registered!
W/qti_sensors_hal( 2692): sensors_get_sensors_list: handle 82 is not registered!
W/qti_sensors_hal( 2692): sensors_get_sensors_list: handle 83 is not registered!
W/qti_sensors_hal( 2692): sensors_get_sensors_list: handle 78 is not registered!
W/qti_sensors_hal( 2692): sensors_get_sensors_list: handle 85 is not registered!
W/qti_sensors_hal( 2692): sensors_get_sensors_list: handle 84 is not registered!
W/qti_sensors_hal( 2692): sensors_get_sensors_list: handle 52 is not registered!
W/qti_sensors_hal( 2692): sensors_get_sensors_list: handle 53 is not registered!
W/qti_sensors_hal( 2692): sensors_get_sensors_list: handle 54 is not registered!
W/qti_sensors_hal( 2692): sensors_get_sensors_list: handle 55 is not registered!
W/qti_sensors_hal( 2692): sensors_get_sensors_list: handle 56 is not registered!
W/qti_sensors_hal( 2692): sensors_get_sensors_list: handle 58 is not registered!
W/qti_sensors_hal( 2692): sensors_get_sensors_list: handle 59 is not registered!
W/qti_sensors_hal( 2692): sensors_get_sensors_list: handle 60 is not registered!
W/qti_sensors_hal( 2692): sensors_get_sensors_list: handle 61 is not registered!
W/qti_sensors_hal( 2692): sensors_get_sensors_list: handle 62 is not registered!
W/qti_sensors_hal( 2692): sensors_get_sensors_list: handle 63 is not registered!
W/qti_sensors_hal( 2692): sensors_get_sensors_list: handle 66 is not registered!
W/qti_sensors_hal( 2692): sensors_get_sensors_list: handle 67 is not registered!
W/qti_sensors_hal( 2692): sensors_get_sensors_list: handle 75 is not registered!
E/        ( 2692): Reporting Mode incorrect: sensor Invensense Step Detector handle=4 type=18 actual=0 expected=3
I/PowerHAL( 2692): power_init
E/        ( 2692): Reporting Mode incorrect: sensor Invensense Step Detector-Wakeup Secondary handle=22 type=18 actual=0 expected=3
W/libsuspend( 2692): Error writing 'on' to /sys/power/state: Invalid argument
I/libsuspend( 2692): Selected wakeup count
E/PowerHAL( 2692): coresonline: failed to send: No such file or directory
E/PowerHAL( 2692): touch_boost: failed to send: No such file or directory
I/        ( 2692): System server: sensor init done.
D/SensorService( 2692): new thread SensorEventAckReceiver
D/SensorService( 2692): nuSensorService thread starting...
I/SystemServiceManager( 2692): Starting com.android.server.display.DisplayManagerService
I/SystemServiceManager( 2692): Starting phase 100
I/DisplayManagerService( 2692): Display device added: DisplayDeviceInfo{"Built-in Screen": uniqueId="local:0", 1440 x 2560, 60.0 fps, supportedRefreshRates [60.0], density 560, 494.27 x 492.606 dpi, appVsyncOff 7500000, presDeadline 12666667, touch INTERNAL, rotation 0, type BUILT_IN, state UNKNOWN, FLAG_DEFAULT_DISPLAY, FLAG_ROTATES_WITH_CONTENT, FLAG_SECURE, FLAG_SUPPORTS_PROTECTED_BUFFERS}
I/SystemServer( 2692): Package Manager
W/PackageManager( 2692): No security bridge jar found, using default
W/SystemConfig( 2692): No directory /system/etc/sysconfig, skipping
D/SELinuxMMAC( 2692): Using policy file /system/etc/security/mac_permissions.xml
I/ThermalEngine(  405): ACTION: GPU - Setting GPU[0] to 500000000
I/ThermalEngine(  405): Mitigation:GPU[0]:500000000 Hz
I/ThermalEngine(  405): ACTION: CPU - Setting CPU[0] to 2496000
I/ThermalEngine(  405): ACTION: CPU - Setting CPU[1] to 2496000
I/ThermalEngine(  405): ACTION: CPU - Setting CPU[2] to 2496000
I/ThermalEngine(  405): ACTION: CPU - Setting CPU[3] to 2496000
D/PackageManager( 2692): No files in app dir /vendor/overlay
W/PackageParser( 2692): No actions in intent filter at /system/priv-app/Contacts/Contacts.apk Binary XML file line #356
W/PackageParser( 2692): No actions in intent filter at /system/priv-app/Dialer/Dialer.apk Binary XML file line #167
E/MediaPlayerFactory( 2467): calling dlopen on FACTORY_LIB
E/MediaPlayerFactory( 2467): Failed to open FACTORY_LIB Error : dlopen failed: library "libdashplayer.so" not found 
I/CameraService( 2467): CameraService started (pid=2467)
I/CameraService( 2467): Loaded "QCamera Module" camera module
E/mm-camera-intf( 2467): entity id 1
E/mm-camera-intf( 2467): entity name video0 type 65537 group id 2
E/mm-camera-intf( 2467): entity id 2
E/mm-camera-intf( 2467): entity name msm_cci type 131072 group id 0
E/mm-camera-intf( 2467): entity id 3
E/mm-camera-intf( 2467): entity name v4l-subdev0 type 131072 group id 0
E/mm-camera-intf( 2467): entity id 4
E/mm-camera-intf( 2467): entity name v4l-subdev1 type 131072 group id 0
E/mm-camera-intf( 2467): entity id 5
E/mm-camera-intf( 2467): entity name v4l-subdev2 type 131072 group id 0
E/mm-camera-intf( 2467): entity id 6
E/mm-camera-intf( 2467): entity name v4l-subdev3 type 131072 group id 1
E/mm-camera-intf( 2467): entity id 7
E/mm-camera-intf( 2467): entity name v4l-subdev4 type 131072 group id 1
E/mm-camera-intf( 2467): entity id 8
E/mm-camera-intf( 2467): entity name v4l-subdev5 type 131072 group id 1
E/mm-camera-intf( 2467): entity id 9
E/mm-camera-intf( 2467): entity name v4l-subdev6 type 131072 group id 1
E/mm-camera-intf( 2467): entity id 10
E/mm-camera-intf( 2467): entity name v4l-subdev7 type 131072 group id 7
E/mm-camera-intf( 2467): entity id 11
E/mm-camera-intf( 2467): entity name v4l-subdev8 type 131072 group id 7
E/mm-camera-intf( 2467): entity id 12
E/mm-camera-intf( 2467): entity name v4l-subdev9 type 131072 group id 11
E/mm-camera-intf( 2467): entity id 13
E/mm-camera-intf( 2467): entity name v4l-subdev10 type 131072 group id 8
E/mm-camera-intf( 2467): entity id 14
E/mm-camera-intf( 2467): entity name v4l-subdev11 type 131072 group id 8
E/mm-camera-intf( 2467): entity id 15
E/mm-camera-intf( 2467): entity name v4l-subdev12 type 131072 group id 15
E/mm-camera-intf( 2467): entity id 16
E/mm-camera-intf( 2467): entity name v4l-subdev13 type 131072 group id 14
D/mm-camera-intf( 2467): index = 0 flag = 1 mount_angle = 90 facing = 0
D/mm-camera-intf( 2467): index = 1 flag = 101 mount_angle = 90 facing = 1
E/QCamera2Factory( 2467): int qcamera::QCamera2Factory::getCameraInfo(int, camera_info*) : Hal descriptor table is not initialized!
E/QCamera2Factory( 2467): int qcamera::QCamera2Factory::getCameraInfo(int, camera_info*) : Hal descriptor table is not initialized!
I/AudioPolicyService( 2467): AudioPolicyService CSTOR in new mode
I/AudioPolicyManager( 2467): loadAudioPolicyConfig() loaded /system/etc/audio_policy.conf
D/audio_hw_primary( 2467): adev_open: enter
D/msm8974_platform( 2467): platform_init: snd_card_name: apq8084-taiko-tfa9890_stereo_co
E/audio_route( 2467): Control 'MultiMedia5 Mixer AUX_PCM_UL_TX' doesn't exist - skipping
E/audio_route( 2467): Control 'MultiMedia5 Mixer AUX_PCM_UL_TX' doesn't exist - skipping
D/msm8974_platform( 2467): platform_init: Opened sound card:0
E/ACDB-LOADER( 2467): Error: ACDB get adm topologies returned = -18
E/ACDB-LOADER( 2467): Error: ACDB ANC returned = -1
E/ACDB-LOADER( 2467): Error: ACDB ANC returned = -1
E/ACDB-LOADER( 2467): Error: ACDB ANC returned = -1
E/ACDB-LOADER( 2467): Error: ACDB ANC returned = -1
E/ACDB-LOADER( 2467): Error: ACDB ANC returned = -1
E/ACDB-LOADER( 2467): Error: ACDB ANC returned = -1
E/ACDB-LOADER( 2467): Error: ACDB ANC returned = -1
D/platform_info( 2467): platform_info_init: Failed to open /system/etc/audio_platform_info.xml, using defaults.
D/msm8974_platform( 2467): platform_csd_init: num_modems 1
D/        ( 2467): csd_create_thread: csdthread[0] create successfull 0
I/AudioFlinger( 2467): loadHwModule() Loaded primary audio interface from QCOM Audio HAL (audio) handle 1
I/AudioFlinger( 2467): HAL output buffer size 240 frames, normal sink buffer size 960 frames
E/QC-QMI  (  403): qmi_qmux_open_connection: connection is disabled for conn_id=0
E/QC-QMI  (  403): qmi_qmux_tx_msg: failed to open inactive connd_id=0
E/QC-QMI  (  403): qmi_qmux: TX failed, connection inactive or in reset, conn_id=0, status_flags=4
E/QC-QMI  (  403): qmi_ctl_tx_msg: qmi_qmux_tx_msg failed
E/QC-QMI  (  403): qmi_ctl_handle_request: qmi_ctl_tx_msg call failed
E/QC-QMI  (  403): qmi_qmux_open_connection: connection is disabled for conn_id=0
